Component: ARM Compiler 5.06 update 6 (build 750) Tool: armlink [4d35ed]

==============================================================================

Section Cross References

    application.o(i.DoResetDevice) refers to application.o(.bss) for .bss
    application.o(i.DoResetDevice) refers to application.o(i.Task_ResetDevice) for Task_ResetDevice
    application.o(i.DoResetDevice) refers to rt_task.o(i.rt_tsk_create) for rt_tsk_create
    application.o(i.DoResetDevice) refers to application.o(.data) for .data
    application.o(i.DoResetDevice) refers to rt_semaphore.o(i.rt_sem_wait) for rt_sem_wait
    application.o(i.DoSelectSlot) refers to application.o(.data) for .data
    application.o(i.DoSelectSlot) refers to application.o(.bss) for .bss
    application.o(i.DoSelectSlot) refers to application.o(i.Task_SelectSlot) for Task_SelectSlot
    application.o(i.DoSelectSlot) refers to rt_task.o(i.rt_tsk_create) for rt_tsk_create
    application.o(i.DoSelectSlot) refers to rt_semaphore.o(i.rt_sem_wait) for rt_sem_wait
    application.o(i.SetDeviceStatus) refers to application.o(.bss) for .bss
    application.o(i.SetStackToBottom) refers to stepper.o(i.Stepper_Start) for Stepper_Start
    application.o(i.SetStackToBottom) refers to sensor.o(i.Sensor_Read) for Sensor_Read
    application.o(i.SetStackToBottom) refers to stepper.o(i.Stepper_Stop) for Stepper_Stop
    application.o(i.SetStackToBottom) refers to rt_time.o(i.rt_time_get) for rt_time_get
    application.o(i.SetStackToTop) refers to stepper.o(i.Stepper_Start) for Stepper_Start
    application.o(i.SetStackToTop) refers to sensor.o(i.Sensor_Read) for Sensor_Read
    application.o(i.SetStackToTop) refers to stepper.o(i.Stepper_IsRunning) for Stepper_IsRunning
    application.o(i.SetStackToTop) refers to stepper.o(i.Stepper_Stop) for Stepper_Stop
    application.o(i.SetStackToTop) refers to rt_time.o(i.rt_time_get) for rt_time_get
    application.o(i.StartLEDTask) refers to application.o(.data) for .data
    application.o(i.StartLEDTask) refers to application.o(i.Task_LED) for Task_LED
    application.o(i.StartLEDTask) refers to rt_task.o(i.rt_tsk_create) for rt_tsk_create
    application.o(i.StartMoveCard) refers to userdata.o(i.ReadControlParameters) for ReadControlParameters
    application.o(i.StartMoveCard) refers to application.o(.bss) for .bss
    application.o(i.StartMoveCard) refers to application.o(.data) for .data
    application.o(i.StartMoveCard) refers to application.o(i.Task_MoveCard) for Task_MoveCard
    application.o(i.StartMoveCard) refers to rt_task.o(i.rt_tsk_create) for rt_tsk_create
    application.o(i.StartMoveCard) refers to rt_semaphore.o(i.rt_sem_wait) for rt_sem_wait
    application.o(i.StopLEDTask) refers to application.o(.data) for .data
    application.o(i.StopLEDTask) refers to rt_semaphore.o(i.rt_sem_send) for rt_sem_send
    application.o(i.StopLEDTask) refers to rt_semaphore.o(i.rt_sem_wait) for rt_sem_wait
    application.o(i.StopMoveCard) refers to stepper.o(i.Stepper_IsRunning) for Stepper_IsRunning
    application.o(i.StopMoveCard) refers to stepper.o(i.Stepper_Stop) for Stepper_Stop
    application.o(i.StopMoveCard) refers to application.o(.data) for .data
    application.o(i.StopMoveCard) refers to rt_semaphore.o(i.rt_sem_wait) for rt_sem_wait
    application.o(i.Task_Comm) refers to cu.o(i.CU_WaitForMessage) for CU_WaitForMessage
    application.o(i.Task_Comm) refers to cu.o(i.CU_HandleCurrentMessage) for CU_HandleCurrentMessage
    application.o(i.Task_Comm) refers to rt_task.o(i.rt_tsk_pass) for rt_tsk_pass
    application.o(i.Task_Idle) refers to led.o(i.LED_ToggleState) for LED_ToggleState
    application.o(i.Task_Idle) refers to rt_time.o(i.rt_dly_wait) for rt_dly_wait
    application.o(i.Task_Init) refers to application.o(i.UpdateSensorData) for UpdateSensorData
    application.o(i.Task_Init) refers to application.o(.bss) for .bss
    application.o(i.Task_Init) refers to application.o(.data) for .data
    application.o(i.Task_Init) refers to rt_semaphore.o(i.rt_sem_init) for rt_sem_init
    application.o(i.Task_Init) refers to application.o(i.Task_Idle) for Task_Idle
    application.o(i.Task_Init) refers to rt_task.o(i.rt_tsk_create) for rt_tsk_create
    application.o(i.Task_Init) refers to application.o(i.Task_Comm) for Task_Comm
    application.o(i.Task_Init) refers to rt_task.o(i.rt_tsk_delete) for rt_tsk_delete
    application.o(i.Task_LED) refers to led.o(i.LED_Off) for LED_Off
    application.o(i.Task_LED) refers to led.o(i.LED_On) for LED_On
    application.o(i.Task_LED) refers to led.o(i.LED_ToggleState) for LED_ToggleState
    application.o(i.Task_LED) refers to rt_task.o(i.rt_tsk_delete) for rt_tsk_delete
    application.o(i.Task_LED) refers to rt_time.o(i.rt_dly_wait) for rt_dly_wait
    application.o(i.Task_MoveCard) refers to stepper.o(i.Stepper_Start) for Stepper_Start
    application.o(i.Task_MoveCard) refers to application.o(i.UpdateSensorData) for UpdateSensorData
[...]
    _terminate_user_alloc                     - Undefined Weak Reference
    _terminateio                              - Undefined Weak Reference
    __Vectors_Size                           0x000000ec   Number         0  startup_stm32f10x_md.o ABSOLUTE
    __RL_RTX_VER                             0x00000475   Number         0  rt_system.o ABSOLUTE
    __RL_USBD_VER                            0x00000475   Number         0  usbd_core.o ABSOLUTE
    __Vectors                                0x08000000   Data           4  startup_stm32f10x_md.o(RESET)
    __Vectors_End                            0x080000ec   Data           0  startup_stm32f10x_md.o(RESET)
    __main                                   0x080000ed   Thumb Code     8  __main.o(!!!main)
    __scatterload                            0x080000f5   Thumb Code     0  __scatter.o(!!!scatter)
    __scatterload_rt2                        0x080000f5   Thumb Code    44  __scatter.o(!!!scatter)
    __scatterload_rt2_thumb_only             0x080000f5   Thumb Code     0  __scatter.o(!!!scatter)
    __scatterload_null                       0x08000103   Thumb Code     0  __scatter.o(!!!scatter)
    __scatterload_copy                       0x08000129   Thumb Code    26  __scatter_copy.o(!!handler_copy)
    __scatterload_zeroinit                   0x08000145   Thumb Code    28  __scatter_zi.o(!!handler_zi)
    __rt_lib_init                            0x08000161   Thumb Code     0  libinit.o(.ARM.Collect$$libinit$$00000000)
    __rt_lib_init_alloca_1                   0x08000163   Thumb Code     0  libinit2.o(.ARM.Collect$$libinit$$0000002E)
    __rt_lib_init_argv_1                     0x08000163   Thumb Code     0  libinit2.o(.ARM.Collect$$libinit$$0000002C)
    __rt_lib_init_atexit_1                   0x08000163   Thumb Code     0  libinit2.o(.ARM.Collect$$libinit$$0000001B)
    __rt_lib_init_clock_1                    0x08000163   Thumb Code     0  libinit2.o(.ARM.Collect$$libinit$$00000021)
    __rt_lib_init_cpp_1                      0x08000163   Thumb Code     0  libinit2.o(.ARM.Collect$$libinit$$00000032)
    __rt_lib_init_exceptions_1               0x08000163   Thumb Code     0  libinit2.o(.ARM.Collect$$libinit$$00000030)
    __rt_lib_init_fp_1                       0x08000163   Thumb Code     0  libinit2.o(.ARM.Collect$$libinit$$00000002)
    __rt_lib_init_fp_trap_1                  0x08000163   Thumb Code     0  libinit2.o(.ARM.Collect$$libinit$$0000001F)
    __rt_lib_init_getenv_1                   0x08000163   Thumb Code     0  libinit2.o(.ARM.Collect$$libinit$$00000023)
    __rt_lib_init_heap_1                     0x08000163   Thumb Code     0  libinit2.o(.ARM.Collect$$libinit$$0000000A)
    __rt_lib_init_lc_collate_1               0x08000163   Thumb Code     0  libinit2.o(.ARM.Collect$$libinit$$00000011)
    __rt_lib_init_lc_ctype_1                 0x08000163   Thumb Code     0  libinit2.o(.ARM.Collect$$libinit$$00000013)
    __rt_lib_init_lc_monetary_1              0x08000163   Thumb Code     0  libinit2.o(.ARM.Collect$$libinit$$00000015)
    __rt_lib_init_lc_numeric_1               0x08000163   Thumb Code     0  libinit2.o(.ARM.Collect$$libinit$$00000017)
    __rt_lib_init_lc_time_1                  0x08000163   Thumb Code     0  libinit2.o(.ARM.Collect$$libinit$$00000019)
    __rt_lib_init_preinit_1                  0x08000163   Thumb Code     0  libinit2.o(.ARM.Collect$$libinit$$00000004)
    __rt_lib_init_rand_1                     0x08000163   Thumb Code     0  libinit2.o(.ARM.Collect$$libinit$$0000000E)
    __rt_lib_init_return                     0x08000163   Thumb Code     0  libinit2.o(.ARM.Collect$$libinit$$00000033)
    __rt_lib_init_signal_1                   0x08000163   Thumb Code     0  libinit2.o(.ARM.Collect$$libinit$$0000001D)
    __rt_lib_init_stdio_1                    0x08000163   Thumb Code     0  libinit2.o(.ARM.Collect$$libinit$$00000025)
    __rt_lib_init_user_alloc_1               0x08000163   Thumb Code     0  libinit2.o(.ARM.Collect$$libinit$$0000000C)
    __rt_lib_shutdown                        0x08000165   Thumb Code     0  libshutdown.o(.ARM.Collect$$libshutdown$$00000000)
    __rt_lib_shutdown_cpp_1                  0x08000167   Thumb Code     0  libshutdown2.o(.ARM.Collect$$libshutdown$$00000002)
    __rt_lib_shutdown_fp_trap_1              0x08000167   Thumb Code     0  libshutdown2.o(.ARM.Collect$$libshutdown$$00000007)
    __rt_lib_shutdown_heap_1                 0x08000167   Thumb Code     0  libshutdown2.o(.ARM.Collect$$libshutdown$$0000000F)
    __rt_lib_shutdown_return                 0x08000167   Thumb Code     0  libshutdown2.o(.ARM.Collect$$libshutdown$$00000010)
    __rt_lib_shutdown_signal_1               0x08000167   Thumb Code     0  libshutdown2.o(.ARM.Collect$$libshutdown$$0000000A)
    __rt_lib_shutdown_stdio_1                0x08000167   Thumb Code     0  libshutdown2.o(.ARM.Collect$$libshutdown$$00000004)
    __rt_lib_shutdown_user_alloc_1           0x08000167   Thumb Code     0  libshutdown2.o(.ARM.Collect$$libshutdown$$0000000C)
    __rt_entry                               0x08000169   Thumb Code     0  __rtentry.o(.ARM.Collect$$rtentry$$00000000)
    __rt_entry_presh_1                       0x08000169   Thumb Code     0  __rtentry2.o(.ARM.Collect$$rtentry$$00000002)
    __rt_entry_sh                            0x08000169   Thumb Code     0  __rtentry4.o(.ARM.Collect$$rtentry$$00000004)
    __rt_entry_li                            0x0800016f   Thumb Code     0  __rtentry2.o(.ARM.Collect$$rtentry$$0000000A)
    __rt_entry_postsh_1                      0x0800016f   Thumb Code     0  __rtentry2.o(.ARM.Collect$$rtentry$$00000009)
    __rt_entry_main                          0x08000173   Thumb Code     0  __rtentry2.o(.ARM.Collect$$rtentry$$0000000D)
    __rt_entry_postli_1                      0x08000173   Thumb Code     0  __rtentry2.o(.ARM.Collect$$rtentry$$0000000C)
    __rt_exit                                0x0800017b   Thumb Code     0  rtexit.o(.ARM.Collect$$rtexit$$00000000)
    __rt_exit_ls                             0x0800017d   Thumb Code     0  rtexit2.o(.ARM.Collect$$rtexit$$00000003)
    __rt_exit_prels_1                        0x0800017d   Thumb Code     0  rtexit2.o(.ARM.Collect$$rtexit$$00000002)
    __rt_exit_exit                           0x08000181   Thumb Code     0  rtexit2.o(.ARM.Collect$$rtexit$$00000004)
    rt_set_PSP                               0x08000189   Thumb Code     6  hal_cm3.o(.emb_text)
    rt_get_PSP                               0x0800018f   Thumb Code     6  hal_cm3.o(.emb_text)
    os_set_env                               0x08000195   Thumb Code    24  hal_cm3.o(.emb_text)
    _alloc_box                               0x080001b1   Thumb Code    28  hal_cm3.o(.emb_text)
    _free_box                                0x080001d1   Thumb Code    28  hal_cm3.o(.emb_text)
    SVC_Handler                              0x080001f1   Thumb Code   124  hal_cm3.o(.emb_text)
    PendSV_Handler                           0x08000279   Thumb Code    76  hal_cm3.o(.emb_text)
    SysTick_Handler                          0x080002c9   Thumb Code     8  hal_cm3.o(.emb_text)
    OS_Tick_Handler                          0x080002d1   Thumb Code    12  hal_cm3.o(.emb_text)
    Reset_Handler                            0x080002dd   Thumb Code     8  startup_stm32f10x_md.o(.text)
    NMI_Handler                              0x080002e5   Thumb Code     2  startup_stm32f10x_md.o(.text)
    HardFault_Handler                        0x080002e7   Thumb Code     2  startup_stm32f10x_md.o(.text)
    MemManage_Handler                        0x080002e9   Thumb Code     2  startup_stm32f10x_md.o(.text)
    BusFault_Handler                         0x080002eb   Thumb Code     2  startup_stm32f10x_md.o(.text)
    UsageFault_Handler                       0x080002ed   Thumb Code     2  startup_stm32f10x_md.o(.text)
    DebugMon_Handler                         0x080002f1   Thumb Code     2  startup_stm32f10x_md.o(.text)
    ADC1_2_IRQHandler                        0x080002f7   Thumb Code     0  startup_stm32f10x_md.o(.text)
    CAN1_RX1_IRQHandler                      0x080002f7   Thumb Code     0  startup_stm32f10x_md.o(.text)
    CAN1_SCE_IRQHandler                      0x080002f7   Thumb Code     0  startup_stm32f10x_md.o(.text)
    DMA1_Channel1_IRQHandler                 0x080002f7   Thumb Code     0  startup_stm32f10x_md.o(.text)
    DMA1_Channel2_IRQHandler                 0x080002f7   Thumb Code     0  startup_stm32f10x_md.o(.text)
    DMA1_Channel3_IRQHandler                 0x080002f7   Thumb Code     0  startup_stm32f10x_md.o(.text)
    DMA1_Channel4_IRQHandler                 0x080002f7   Thumb Code     0  startup_stm32f10x_md.o(.text)
    DMA1_Channel5_IRQHandler                 0x080002f7   Thumb Code     0  startup_stm32f10x_md.o(.text)
    DMA1_Channel6_IRQHandler                 0x080002f7   Thumb Code     0  startup_stm32f10x_md.o(.text)
    DMA1_Channel7_IRQHandler                 0x080002f7   Thumb Code     0  startup_stm32f10x_md.o(.text)
    EXTI0_IRQHandler                         0x080002f7   Thumb Code     0  startup_stm32f10x_md.o(.text)
    EXTI1_IRQHandler                         0x080002f7   Thumb Code     0  startup_stm32f10x_md.o(.text)
    EXTI2_IRQHandler                         0x080002f7   Thumb Code     0  startup_stm32f10x_md.o(.text)
    EXTI3_IRQHandler                         0x080002f7   Thumb Code     0  startup_stm32f10x_md.o(.text)
    EXTI4_IRQHandler                         0x080002f7   Thumb Code     0  startup_stm32f10x_md.o(.text)
    EXTI9_5_IRQHandler                       0x080002f7   Thumb Code     0  startup_stm32f10x_md.o(.text)
    FLASH_IRQHandler                         0x080002f7   Thumb Code     0  startup_stm32f10x_md.o(.text)
    I2C1_ER_IRQHandler                       0x080002f7   Thumb Code     0  startup_stm32f10x_md.o(.text)
    I2C1_EV_IRQHandler                       0x080002f7   Thumb Code     0  startup_stm32f10x_md.o(.text)
    I2C2_ER_IRQHandler                       0x080002f7   Thumb Code     0  startup_stm32f10x_md.o(.text)
    I2C2_EV_IRQHandler                       0x080002f7   Thumb Code     0  startup_stm32f10x_md.o(.text)
    PVD_IRQHandler                           0x080002f7   Thumb Code     0  startup_stm32f10x_md.o(.text)
    RCC_IRQHandler                           0x080002f7   Thumb Code     0  startup_stm32f10x_md.o(.text)
    RTCAlarm_IRQHandler                      0x080002f7   Thumb Code     0  startup_stm32f10x_md.o(.text)
    RTC_IRQHandler                           0x080002f7   Thumb Code     0  startup_stm32f10x_md.o(.text)
    SPI1_IRQHandler                          0x080002f7   Thumb Code     0  startup_stm32f10x_md.o(.text)
    SPI2_IRQHandler                          0x080002f7   Thumb Code     0  startup_stm32f10x_md.o(.text)
    TAMPER_IRQHandler                        0x080002f7   Thumb Code     0  startup_stm32f10x_md.o(.text)
    TIM1_BRK_IRQHandler                      0x080002f7   Thumb Code     0  startup_stm32f10x_md.o(.text)
    TIM1_CC_IRQHandler                       0x080002f7   Thumb Code     0  startup_stm32f10x_md.o(.text)
    TIM1_TRG_COM_IRQHandler                  0x080002f7   Thumb Code     0  startup_stm32f10x_md.o(.text)
    TIM1_UP_IRQHandler                       0x080002f7   Thumb Code     0  startup_stm32f10x_md.o(.text)
    TIM2_IRQHandler                          0x080002f7   Thumb Code     0  startup_stm32f10x_md.o(.text)
    TIM4_IRQHandler                          0x080002f7   Thumb Code     0  startup_stm32f10x_md.o(.text)
    USART2_IRQHandler                        0x080002f7   Thumb Code     0  startup_stm32f10x_md.o(.text)
    USART3_IRQHandler                        0x080002f7   Thumb Code     0  startup_stm32f10x_md.o(.text)
    USBWakeUp_IRQHandler                     0x080002f7   Thumb Code     0  startup_stm32f10x_md.o(.text)
    USB_HP_CAN1_TX_IRQHandler                0x080002f7   Thumb Code     0  startup_stm32f10x_md.o(.text)
    WWDG_IRQHandler                          0x080002f7   Thumb Code     0  startup_stm32f10x_md.o(.text)
    __user_initial_stackheap                 0x080002f9   Thumb Code     0  startup_stm32f10x_md.o(.text)
    __user_libspace                          0x0800031d   Thumb Code     8  libspace.o(.text)
    __user_perproc_libspace                  0x0800031d   Thumb Code     0  libspace.o(.text)
    __aeabi_memcpy                           0x08000325   Thumb Code     0  rt_memcpy_v6.o(.text)
    __rt_memcpy                              0x08000325   Thumb Code   138  rt_memcpy_v6.o(.text)
    _memcpy_lastbytes                        0x0800038b   Thumb Code     0  rt_memcpy_v6.o(.text)
    __use_two_region_memory                  0x080003af   Thumb Code     2  heapauxi.o(.text)
    __rt_heap_escrow$2region                 0x080003b1   Thumb Code     2  heapauxi.o(.text)
    __rt_heap_expand$2region                 0x080003b3   Thumb Code     2  heapauxi.o(.text)
    __aeabi_memcpy4                          0x080003b5   Thumb Code     0  rt_memcpy_w.o(.text)
    __aeabi_memcpy8                          0x080003b5   Thumb Code     0  rt_memcpy_w.o(.text)
    __rt_memcpy_w                            0x080003b5   Thumb Code   100  rt_memcpy_w.o(.text)
    _memcpy_lastbytes_aligned                0x080003fd   Thumb Code     0  rt_memcpy_w.o(.text)
    __user_setup_stackheap                   0x08000419   Thumb Code    74  sys_stackheap_outer.o(.text)
    exit                                     0x08000463   Thumb Code    18  exit.o(.text)
    _sys_exit                                0x08000475   Thumb Code     8  sys_exit.o(.text)
    __I$use$semihosting                      0x08000481   Thumb Code     0  use_no_semi.o(.text)
    __use_no_semihosting_swi                 0x08000481   Thumb Code     2  use_no_semi.o(.text)
    __semihosting_library_function           0x08000483   Thumb Code     0  indicate_semi.o(.text)
    SVC_Count                                0x08000484   Data           4  svc_table.o(SVC_TABLE)
    CU_HandleCurrentMessage                  0x08000489   Thumb Code   222  cu.o(i.CU_HandleCurrentMessage)
    SVC_Table                                0x08000488   Data           0  svc_table.o(SVC_TABLE)
    CU_WaitForMessage                        0x08000579   Thumb Code   334  cu.o(i.CU_WaitForMessage)
    CalcCRC16                                0x080006d5   Thumb Code    54  crc16.o(i.CalcCRC16)
    DoResetDevice                            0x0800070d   Thumb Code    38  application.o(i.DoResetDevice)
    DoSelectSlot                             0x08000749   Thumb Code    44  application.o(i.DoSelectSlot)
    EP_Reset                                 0x08000789   Thumb Code    34  usbd_stm32f103.o(i.EP_Reset)
    EP_Status                                0x080007b1   Thumb Code    46  usbd_stm32f103.o(i.EP_Status)
    EXTI15_10_IRQHandler                     0x080007e5   Thumb Code    48  button.o(i.EXTI15_10_IRQHandler)
    EXTI_GetITStatus                         0x0800081d   Thumb Code    28  stm32f10x_exti.o(i.EXTI_GetITStatus)
    ExecCommand                              0x0800083d   Thumb Code   792  command.o(i.ExecCommand)
    FLASH_ClearFlag                          0x08000b65   Thumb Code     6  stm32f10x_flash.o(i.FLASH_ClearFlag)
    FLASH_ErasePage                          0x08000b71   Thumb Code    56  stm32f10x_flash.o(i.FLASH_ErasePage)
    FLASH_GetBank1Status                     0x08000bad   Thumb Code    34  stm32f10x_flash.o(i.FLASH_GetBank1Status)
    FLASH_Lock                               0x08000bd5   Thumb Code    12  stm32f10x_flash.o(i.FLASH_Lock)
    FLASH_ProgramHalfWord                    0x08000be5   Thumb Code    48  stm32f10x_flash.o(i.FLASH_ProgramHalfWord)
    FLASH_Unlock                             0x08000c19   Thumb Code    12  stm32f10x_flash.o(i.FLASH_Unlock)
    FLASH_WaitForLastOperation               0x08000c31   Thumb Code    34  stm32f10x_flash.o(i.FLASH_WaitForLastOperation)
    GPIO_Init                                0x08000c53   Thumb Code   156  stm32f10x_gpio.o(i.GPIO_Init)
    GPIO_ReadInputDataBit                    0x08000cef   Thumb Code    14  stm32f10x_gpio.o(i.GPIO_ReadInputDataBit)
    GPIO_ResetBits                           0x08000cfd   Thumb Code     4  stm32f10x_gpio.o(i.GPIO_ResetBits)
    GPIO_SetBits                             0x08000d01   Thumb Code     4  stm32f10x_gpio.o(i.GPIO_SetBits)
    InitPage                                 0x08000d05   Thumb Code    44  userdata.o(i.InitPage)
    InitUserDataROM                          0x08000d31   Thumb Code    14  userdata.o(i.InitUserDataROM)
    LED_Off                                  0x08000d41   Thumb Code    32  led.o(i.LED_Off)
    LED_ToggleState                          0x08000d65   Thumb Code    20  led.o(i.LED_ToggleState)
    LEDs_Configuration                       0x08000d7d   Thumb Code    60  led.o(i.LEDs_Configuration)
    NVIC_Init                                0x08000e79   Thumb Code    94  misc.o(i.NVIC_Init)
    NVIC_PriorityGroupConfig                 0x08000edd   Thumb Code    10  misc.o(i.NVIC_PriorityGroupConfig)
    OutputStatusDetail                       0x08000ef1   Thumb Code   142  cu.o(i.OutputStatusDetail)
    ProgramCardInfoA                         0x08000f89   Thumb Code    22  userdata.o(i.ProgramCardInfoA)
    ProgramDefaultControlParameters          0x08000fa5   Thumb Code    82  userdata.o(i.ProgramDefaultControlParameters)
    ProgramDeviceInfo                        0x0800100d   Thumb Code    20  userdata.o(i.ProgramDeviceInfo)
    ProgramRetainCount                       0x08001025   Thumb Code    20  userdata.o(i.ProgramRetainCount)
    ProgramSlotsFunc                         0x0800103d   Thumb Code    20  userdata.o(i.ProgramSlotsFunc)
    ProgrmaControlParameters                 0x08001055   Thumb Code    20  userdata.o(i.ProgrmaControlParameters)
    RCC_APB1PeriphClockCmd                   0x0800106d   Thumb Code    18  stm32f10x_rcc.o(i.RCC_APB1PeriphClockCmd)
    RCC_APB2PeriphClockCmd                   0x08001085   Thumb Code    18  stm32f10x_rcc.o(i.RCC_APB2PeriphClockCmd)
    RCC_GetClocksFreq                        0x0800109d   Thumb Code   132  stm32f10x_rcc.o(i.RCC_GetClocksFreq)
    ReadCardInfoA                            0x08001131   Thumb Code    12  userdata.o(i.ReadCardInfoA)
    ReadCardInfoB                            0x08001141   Thumb Code     4  userdata.o(i.ReadCardInfoB)
    ReadControlParameters                    0x08001145   Thumb Code    10  userdata.o(i.ReadControlParameters)
    ReadDeviceInfo                           0x08001155   Thumb Code    10  userdata.o(i.ReadDeviceInfo)
    ReadPage                                 0x08001165   Thumb Code    46  userdata.o(i.ReadPage)
    ReadRetainCount                          0x08001195   Thumb Code    14  userdata.o(i.ReadRetainCount)
    ReadSlotsFunc                            0x080011a9   Thumb Code    10  userdata.o(i.ReadSlotsFunc)
    Sensor_Read                              0x080011b9   Thumb Code    88  sensor.o(i.Sensor_Read)
    Sensors_Configuration                    0x08001219   Thumb Code   128  sensor.o(i.Sensors_Configuration)
    SetDeviceStatus                          0x080012a1   Thumb Code     6  application.o(i.SetDeviceStatus)
    SetStackToBottom                         0x080012ad   Thumb Code    88  application.o(i.SetStackToBottom)
    SetStackToTop                            0x08001309   Thumb Code    78  application.o(i.SetStackToTop)
    StartMoveCard                            0x08001405   Thumb Code    74  application.o(i.StartMoveCard)
    Stepper_IsRunning                        0x080014d1   Thumb Code    12  stepper.o(i.Stepper_IsRunning)
    Stepper_SetDirection                     0x080014e1   Thumb Code    26  stepper.o(i.Stepper_SetDirection)
    Stepper_Start                            0x08001501   Thumb Code   186  stepper.o(i.Stepper_Start)
    Stepper_Stop                             0x080015cd   Thumb Code    68  stepper.o(i.Stepper_Stop)
    Steppers_Configuration                   0x0800161d   Thumb Code   254  stepper.o(i.Steppers_Configuration)
    StopMoveCard                             0x08001725   Thumb Code    32  application.o(i.StopMoveCard)
    SystemInit                               0x0800174d   Thumb Code    64  system_stm32f10x.o(i.SystemInit)
    TIM3_IRQHandler                          0x0800179d   Thumb Code    82  stepper.o(i.TIM3_IRQHandler)
    TIM_ARRPreloadConfig                     0x080017fd   Thumb Code    20  stm32f10x_tim.o(i.TIM_ARRPreloadConfig)
    TIM_ClearFlag                            0x08001811   Thumb Code     6  stm32f10x_tim.o(i.TIM_ClearFlag)
    TIM_ClearITPendingBit                    0x08001817   Thumb Code     6  stm32f10x_tim.o(i.TIM_ClearITPendingBit)
    TIM_Cmd                                  0x0800181d   Thumb Code    20  stm32f10x_tim.o(i.TIM_Cmd)
    TIM_GetITStatus                          0x08001831   Thumb Code    24  stm32f10x_tim.o(i.TIM_GetITStatus)
    TIM_ITConfig                             0x08001849   Thumb Code    16  stm32f10x_tim.o(i.TIM_ITConfig)
    TIM_OC1Init                              0x08001859   Thumb Code   106  stm32f10x_tim.o(i.TIM_OC1Init)
    TIM_OC1PreloadConfig                     0x080018d9   Thumb Code    12  stm32f10x_tim.o(i.TIM_OC1PreloadConfig)
    TIM_OC2Init                              0x080018e5   Thumb Code   120  stm32f10x_tim.o(i.TIM_OC2Init)
    TIM_OC2PreloadConfig                     0x08001965   Thumb Code    20  stm32f10x_tim.o(i.TIM_OC2PreloadConfig)
    TIM_SetAutoreload                        0x08001979   Thumb Code     4  stm32f10x_tim.o(i.TIM_SetAutoreload)
    TIM_SetCompare1                          0x0800197d   Thumb Code     4  stm32f10x_tim.o(i.TIM_SetCompare1)
    TIM_SetCompare2                          0x08001981   Thumb Code     4  stm32f10x_tim.o(i.TIM_SetCompare2)
    TIM_SetCounter                           0x08001985   Thumb Code     4  stm32f10x_tim.o(i.TIM_SetCounter)
    TIM_TimeBaseInit                         0x08001989   Thumb Code   114  stm32f10x_tim.o(i.TIM_TimeBaseInit)
    Task_Comm                                0x08001a25   Thumb Code    20  application.o(i.Task_Comm)
    Task_Idle                                0x08001a3d   Thumb Code    26  application.o(i.Task_Idle)
    Task_Init                                0x08001a5d   Thumb Code   114  application.o(i.Task_Init)
    Task_MoveCard                            0x08001aed   Thumb Code   174  application.o(i.Task_MoveCard)
    Task_ResetDevice                         0x08001bbd   Thumb Code    72  application.o(i.Task_ResetDevice)
    Task_SelectSlot                          0x08001c15   Thumb Code   180  application.o(i.Task_SelectSlot)
    USART1_Configuration                     0x08001d89   Thumb Code   160  usart.o(i.USART1_Configuration)
    USART1_IRQHandler                        0x08001e31   Thumb Code    66  usart.o(i.USART1_IRQHandler)
    USART1_Send                              0x08001e7d   Thumb Code    52  usart.o(i.USART1_Send)
    USART_ClearFlag                          0x08001eb5   Thumb Code     6  stm32f10x_usart.o(i.USART_ClearFlag)
    USART_ClearITPendingBit                  0x08001ebb   Thumb Code    12  stm32f10x_usart.o(i.USART_ClearITPendingBit)
    USART_Cmd                                0x08001ec7   Thumb Code    20  stm32f10x_usart.o(i.USART_Cmd)
    USART_GetFlagStatus                      0x08001edb   Thumb Code    14  stm32f10x_usart.o(i.USART_GetFlagStatus)
    USART_GetITStatus                        0x08001ee9   Thumb Code    62  stm32f10x_usart.o(i.USART_GetITStatus)
    USART_ITConfig                           0x08001f27   Thumb Code    48  stm32f10x_usart.o(i.USART_ITConfig)
    USART_Init                               0x08001f59   Thumb Code   166  stm32f10x_usart.o(i.USART_Init)
    USART_ReceiveData                        0x08002005   Thumb Code     8  stm32f10x_usart.o(i.USART_ReceiveData)
    USART_SendData                           0x0800200d   Thumb Code     8  stm32f10x_usart.o(i.USART_SendData)
    USBD_ClrStallEP                          0x08002015   Thumb Code    22  usbd_stm32f103.o(i.USBD_ClrStallEP)
    USBD_ConfigEP                            0x0800202d   Thumb Code   136  usbd_stm32f103.o(i.USBD_ConfigEP)
    USBD_Configure                           0x080020bd   Thumb Code    12  usbd_stm32f103.o(i.USBD_Configure)
    USBD_Configure_Event                     0x080020cd   Thumb Code     4  usb_config.o(i.USBD_Configure_Event)
    USBD_DataInStage                         0x080020d1   Thumb Code    48  usbd_core.o(i.USBD_DataInStage)
    USBD_DataOutStage                        0x08002109   Thumb Code    26  usbd_core.o(i.USBD_DataOutStage)
    USBD_DirCtrlEP                           0x08002129   Thumb Code     2  usbd_stm32f103.o(i.USBD_DirCtrlEP)
    USBD_DisableEP                           0x0800212b   Thumb Code     6  usbd_stm32f103.o(i.USBD_DisableEP)
    USBD_EnableEP                            0x08002131   Thumb Code     8  usbd_stm32f103.o(i.USBD_EnableEP)
    USBD_EndPoint0                           0x08002139   Thumb Code   588  usbd_core.o(i.USBD_EndPoint0)
    USBD_EndPoint0_Out_ADC_ReqToEP           0x0800239d   Thumb Code     4  usb_config.o(i.USBD_EndPoint0_Out_ADC_ReqToEP)
    USBD_EndPoint0_Out_ADC_ReqToIF           0x080023a1   Thumb Code     4  usb_config.o(i.USBD_EndPoint0_Out_ADC_ReqToIF)
    USBD_EndPoint0_Out_CDC_ReqToIF           0x080023a5   Thumb Code     4  usb_config.o(i.USBD_EndPoint0_Out_CDC_ReqToIF)
    USBD_EndPoint0_Out_CLS_ReqToDEV          0x080023a9   Thumb Code     4  usb_config.o(i.USBD_EndPoint0_Out_CLS_ReqToDEV)
    USBD_EndPoint0_Out_CLS_ReqToEP           0x080023ad   Thumb Code     4  usb_config.o(i.USBD_EndPoint0_Out_CLS_ReqToEP)
    USBD_EndPoint0_Out_CLS_ReqToIF           0x080023b1   Thumb Code     4  usb_config.o(i.USBD_EndPoint0_Out_CLS_ReqToIF)
    USBD_EndPoint0_Out_HID_ReqToIF           0x080023b5   Thumb Code    38  usbd_core_hid.o(i.USBD_EndPoint0_Out_HID_ReqToIF)
    USBD_EndPoint0_Setup_ADC_ReqToEP         0x080023e5   Thumb Code     4  usb_config.o(i.USBD_EndPoint0_Setup_ADC_ReqToEP)
    USBD_EndPoint0_Setup_ADC_ReqToIF         0x080023e9   Thumb Code     4  usb_config.o(i.USBD_EndPoint0_Setup_ADC_ReqToIF)
    USBD_EndPoint0_Setup_CDC_ReqToIF         0x080023ed   Thumb Code     4  usb_config.o(i.USBD_EndPoint0_Setup_CDC_ReqToIF)
    USBD_EndPoint0_Setup_CLS_ReqToDEV        0x080023f1   Thumb Code     4  usb_config.o(i.USBD_EndPoint0_Setup_CLS_ReqToDEV)
    USBD_EndPoint0_Setup_CLS_ReqToEP         0x080023f5   Thumb Code     4  usb_config.o(i.USBD_EndPoint0_Setup_CLS_ReqToEP)
    USBD_EndPoint0_Setup_CLS_ReqToIF         0x080023f9   Thumb Code     4  usb_config.o(i.USBD_EndPoint0_Setup_CLS_ReqToIF)
    USBD_EndPoint0_Setup_HID_ReqToIF         0x080023fd   Thumb Code   144  usbd_core_hid.o(i.USBD_EndPoint0_Setup_HID_ReqToIF)
    USBD_EndPoint0_Setup_MSC_ReqToIF         0x080024a9   Thumb Code     4  usb_config.o(i.USBD_EndPoint0_Setup_MSC_ReqToIF)
    USBD_HID_Configure_Event                 0x080024ad   Thumb Code    34  usbd_hid.o(i.USBD_HID_Configure_Event)
    USBD_HID_EP_INTIN_Event                  0x080024d5   Thumb Code   326  usbd_hid.o(i.USBD_HID_EP_INTIN_Event)
    USBD_HID_GetIdle                         0x08002639   Thumb Code    16  usbd_hid.o(i.USBD_HID_GetIdle)
    USBD_HID_GetProtocol                     0x08002655   Thumb Code    14  usbd_hid.o(i.USBD_HID_GetProtocol)
    USBD_HID_GetReport                       0x08002669   Thumb Code    46  usbd_hid.o(i.USBD_HID_GetReport)
    USBD_HID_SOF_Event                       0x080026a5   Thumb Code   288  usbd_hid.o(i.USBD_HID_SOF_Event)
    USBD_HID_SetIdle                         0x080027ed   Thumb Code    42  usbd_hid.o(i.USBD_HID_SetIdle)
    USBD_HID_SetProtocol                     0x08002829   Thumb Code    14  usbd_hid.o(i.USBD_HID_SetProtocol)
    USBD_HID_SetReport                       0x0800283d   Thumb Code    50  usbd_hid.o(i.USBD_HID_SetReport)
    USBD_ReadEP                              0x0800287d   Thumb Code    62  usbd_stm32f103.o(i.USBD_ReadEP)
    USBD_ReqClrFeature_MSC                   0x080028c5   Thumb Code     2  usb_config.o(i.USBD_ReqClrFeature_MSC)
    USBD_ReqGetDescriptor                    0x080028c9   Thumb Code   260  usbd_core.o(i.USBD_ReqGetDescriptor)
    USBD_ReqGetDescriptor_HID                0x080029f9   Thumb Code    90  usbd_core_hid.o(i.USBD_ReqGetDescriptor_HID)
    USBD_ReqGetStatus                        0x08002a7d   Thumb Code   116  usbd_core.o(i.USBD_ReqGetStatus)
    USBD_ReqSetClrFeature                    0x08002af9   Thumb Code   168  usbd_core.o(i.USBD_ReqSetClrFeature)
    USBD_ReqSetConfiguration                 0x08002ba5   Thumb Code   376  usbd_core.o(i.USBD_ReqSetConfiguration)
    USBD_ReqSetInterface                     0x08002d35   Thumb Code   280  usbd_core.o(i.USBD_ReqSetInterface)
    USBD_Reset                               0x08002e61   Thumb Code   116  usbd_stm32f103.o(i.USBD_Reset)
    USBD_ResetEP                             0x08002ef5   Thumb Code     4  usbd_stm32f103.o(i.USBD_ResetEP)
    USBD_SOF_Event                           0x08002ef9   Thumb Code     4  usb_config.o(i.USBD_SOF_Event)
    USBD_SetAddress                          0x08002efd   Thumb Code    14  usbd_stm32f103.o(i.USBD_SetAddress)
    USBD_SetStallEP                          0x08002f11   Thumb Code     8  usbd_stm32f103.o(i.USBD_SetStallEP)
    USBD_SetupStage                          0x08002f19   Thumb Code     8  usbd_core.o(i.USBD_SetupStage)
    USBD_StatusInStage                       0x08002f25   Thumb Code    10  usbd_core.o(i.USBD_StatusInStage)
    USBD_StatusOutStage                      0x08002f31   Thumb Code     8  usbd_core.o(i.USBD_StatusOutStage)
    USBD_Suspend                             0x08002f3d   Thumb Code    20  usbd_stm32f103.o(i.USBD_Suspend)
    USBD_WakeUp                              0x08002f55   Thumb Code    12  usbd_stm32f103.o(i.USBD_WakeUp)
    USBD_WakeUpCfg                           0x08002f65   Thumb Code     2  usbd_stm32f103.o(i.USBD_WakeUpCfg)
    USBD_WriteEP                             0x08002f69   Thumb Code    86  usbd_stm32f103.o(i.USBD_WriteEP)
    USB_LP_CAN1_RX0_IRQHandler               0x08002fcd   Thumb Code   236  usbd_stm32f103.o(i.USB_LP_CAN1_RX0_IRQHandler)
    UpdateSensorData                         0x080030d9   Thumb Code    72  application.o(i.UpdateSensorData)
    User_HID_Send                            0x08003125   Thumb Code    62  usbd_user_hid.o(i.User_HID_Send)
    WritePage                                0x0800316d   Thumb Code   104  userdata.o(i.WritePage)
    _init_box                                0x080031d5   Thumb Code    70  rt_membox.o(i._init_box)
    _mutex_acquire                           0x0800321d   Thumb Code    26  rtx_conf_cm.o(i._mutex_acquire)
    _mutex_release                           0x0800323d   Thumb Code    22  rtx_conf_cm.o(i._mutex_release)
    dbg_init                                 0x08003259   Thumb Code    34  hal_cm3.o(i.dbg_init)
    dbg_task_notify                          0x08003289   Thumb Code    32  hal_cm3.o(i.dbg_task_notify)
    dbg_task_switch                          0x080032a9   Thumb Code    16  hal_cm3.o(i.dbg_task_switch)
    main                                     0x080032b9   Thumb Code    42  application.o(i.main)
    os_error                                 0x080032ed   Thumb Code     2  rtx_conf_cm.o(i.os_error)
    os_idle_demon                            0x080032ef   Thumb Code     2  rtx_conf_cm.o(i.os_idle_demon)
    os_tick_init                             0x080032f1   Thumb Code    32  rt_system.o(i.os_tick_init)
    os_tick_irqack                           0x08003319   Thumb Code     2  rt_system.o(i.os_tick_irqack)
    os_tmr_call                              0x0800331b   Thumb Code     2  rtx_conf_cm.o(i.os_tmr_call)
    rt_alloc_box                             0x0800331d   Thumb Code    26  rt_membox.o(i.rt_alloc_box)
    rt_block                                 0x08003339   Thumb Code    48  rt_task.o(i.rt_block)
    rt_chk_robin                             0x08003371   Thumb Code     2  rtx_conf_cm.o(i.rt_chk_robin)
    rt_dec_dly                               0x08003375   Thumb Code   106  rt_list.o(i.rt_dec_dly)
    rt_dispatch                              0x080033e9   Thumb Code    60  rt_task.o(i.rt_dispatch)
    rt_dly_wait                              0x0800342d   Thumb Code     6  rt_time.o(i.rt_dly_wait)
    rt_evt_psh                               0x08003435   Thumb Code    72  rt_event.o(i.rt_evt_psh)
    rt_free_box                              0x08003481   Thumb Code    32  rt_membox.o(i.rt_free_box)
    rt_get_first                             0x080034a1   Thumb Code    40  rt_list.o(i.rt_get_first)
    rt_get_same_rdy_prio                     0x080034c9   Thumb Code    26  rt_list.o(i.rt_get_same_rdy_prio)
    rt_init_robin                            0x08003539   Thumb Code     2  rtx_conf_cm.o(i.rt_init_robin)
    rt_init_stack                            0x0800353d   Thumb Code    70  hal_cm3.o(i.rt_init_stack)
    rt_mbx_psh                               0x0800358d   Thumb Code   206  rt_mailbox.o(i.rt_mbx_psh)
    rt_mut_release                           0x08003661   Thumb Code   220  rt_mutex.o(i.rt_mut_release)
    rt_mut_wait                              0x08003745   Thumb Code   100  rt_mutex.o(i.rt_mut_wait)
    rt_pop_req                               0x080037ad   Thumb Code   112  rt_system.o(i.rt_pop_req)
    rt_put_dly                               0x08003829   Thumb Code    68  rt_list.o(i.rt_put_dly)
    rt_put_prio                              0x08003871   Thumb Code    54  rt_list.o(i.rt_put_prio)
    rt_put_rdy_first                         0x080038a9   Thumb Code    14  rt_list.o(i.rt_put_rdy_first)
    rt_resort_prio                           0x080038bd   Thumb Code    46  rt_list.o(i.rt_resort_prio)
    rt_rmv_dly                               0x080038f1   Thumb Code    40  rt_list.o(i.rt_rmv_dly)
    rt_rmv_list                              0x08003919   Thumb Code    44  rt_list.o(i.rt_rmv_list)
    rt_sem_init                              0x08003949   Thumb Code    12  rt_semaphore.o(i.rt_sem_init)
    rt_sem_psh                               0x08003955   Thumb Code    46  rt_semaphore.o(i.rt_sem_psh)
    rt_sem_send                              0x08003989   Thumb Code    52  rt_semaphore.o(i.rt_sem_send)
    rt_sem_wait                              0x080039c1   Thumb Code    58  rt_semaphore.o(i.rt_sem_wait)
    rt_stk_check                             0x08003a01   Thumb Code    28  rt_system.o(i.rt_stk_check)
    rt_switch_req                            0x08003a25   Thumb Code    30  rt_task.o(i.rt_switch_req)
    rt_sys_init                              0x08003a4d   Thumb Code   268  rt_task.o(i.rt_sys_init)
    rt_systick                               0x08003ba1   Thumb Code    50  rt_system.o(i.rt_systick)
    rt_time_get                              0x08003be1   Thumb Code     6  rt_time.o(i.rt_time_get)
    rt_tmr_tick                              0x08003bed   Thumb Code    56  rt_timer.o(i.rt_tmr_tick)
    rt_tsk_create                            0x08003c2d   Thumb Code   122  rt_task.o(i.rt_tsk_create)
    rt_tsk_delete                            0x08003cbd   Thumb Code   336  rt_task.o(i.rt_tsk_delete)
    rt_tsk_pass                              0x08003e29   Thumb Code    38  rt_task.o(i.rt_tsk_pass)
    rt_tsk_prio                              0x08003e59   Thumb Code   122  rt_task.o(i.rt_tsk_prio)
    rt_tsk_self                              0x08003ee5   Thumb Code    12  rt_task.o(i.rt_tsk_self)
    usbd_hid_get_protocol                    0x08003ef5   Thumb Code     4  usbd_hid.o(i.usbd_hid_get_protocol)
    usbd_hid_get_report                      0x08003ef9   Thumb Code    22  usbd_user_hid.o(i.usbd_hid_get_report)
    usbd_hid_get_report_trigger              0x08003f15   Thumb Code   132  usbd_hid.o(i.usbd_hid_get_report_trigger)
    usbd_hid_set_protocol                    0x08003fb1   Thumb Code     2  usbd_hid.o(i.usbd_hid_set_protocol)
    usbd_hid_set_report                      0x08003fb5   Thumb Code    68  usbd_user_hid.o(i.usbd_hid_set_report)
    usbd_os_evt_set                          0x08004001   Thumb Code     2  usb_config.o(i.usbd_os_evt_set)
    usbd_reset_core                          0x08004005   Thumb Code    26  usbd_core.o(i.usbd_reset_core)
    g_versionInfo                            0x08004028   Data          33  application.o(.constdata)
    _cLEDs                                   0x0800404c   Data          80  led.o(.constdata)
    _cDrivers                                0x0800409c   Data          48  stepper.o(.constdata)
    _ctrlParamsDefault                       0x080040cc   Data          20  userdata.o(.constdata)
    _defaultCardInfoA                        0x080040e0   Data          56  userdata.o(.constdata)
    _defaultDeviceInfo                       0x08004118   Data          30  userdata.o(.constdata)
    os_maxtaskrun                            0x08004136   Data           2  rtx_conf_cm.o(.constdata)
    os_stackinfo                             0x08004138   Data           4  rtx_conf_cm.o(.constdata)
    os_trv                                   0x0800413c   Data           4  rtx_conf_cm.o(.constdata)
    os_flags                                 0x08004140   Data           1  rtx_conf_cm.o(.constdata)
    os_clockrate                             0x08004144   Data           4  rtx_conf_cm.o(.constdata)
    os_timernum                              0x08004148   Data           4  rtx_conf_cm.o(.constdata)
    mp_tcb_size                              0x0800414c   Data           2  rtx_conf_cm.o(.constdata)
    mp_stk_size                              0x08004150   Data           4  rtx_conf_cm.o(.constdata)
    os_fifo_size                             0x08004154   Data           1  rtx_conf_cm.o(.constdata)
    mp_tmr_size                              0x08004156   Data           2  rtx_conf_cm.o(.constdata)
    usbd_power                               0x08004158   Data           1  usb_config.o(.constdata)
    usbd_hs_enable                           0x08004159   Data           1  usb_config.o(.constdata)
    usbd_if_num                              0x0800415a   Data           2  usb_config.o(.constdata)
    usbd_max_packet0                         0x0800415c   Data           1  usb_config.o(.constdata)
    usbd_hid_if_num                          0x0800415d   Data           1  usb_config.o(.constdata)
    usbd_hid_ep_intin                        0x0800415e   Data           1  usb_config.o(.constdata)
    usbd_hid_interval                        0x08004160   Data           4  usb_config.o(.constdata)
    usbd_hid_maxpacketsize                   0x08004164   Data           4  usb_config.o(.constdata)
    usbd_hid_inreport_num                    0x08004168   Data           1  usb_config.o(.constdata)
    usbd_hid_inreport_max_sz                 0x0800416a   Data           2  usb_config.o(.constdata)
    USBD_P_Reset_Event                       0x0800416c   Data           4  usb_config.o(.constdata)
    USBD_P_Suspend_Event                     0x08004170   Data           4  usb_config.o(.constdata)
    USBD_P_Resume_Event                      0x08004174   Data           4  usb_config.o(.constdata)
    USBD_P_SOF_Event                         0x08004178   Data           4  usb_config.o(.constdata)
    USBD_P_Error_Event                       0x0800417c   Data           4  usb_config.o(.constdata)
    USBD_P_EP                                0x08004180   Data          64  usb_config.o(.constdata)
    USBD_P_Configure_Event                   0x080041c0   Data           4  usb_config.o(.constdata)
    USBD_P_Interface_Event                   0x080041c4   Data           4  usb_config.o(.constdata)
    USBD_P_Feature_Event                     0x080041c8   Data           4  usb_config.o(.constdata)
    __rtx                                    0x080041cc   Data           4  usb_config.o(.constdata)
    USBD_HID_ReportDescriptor                0x080041d0   Data          33  usb_config.o(.constdata)
    USBD_HID_ReportDescriptorSize            0x080041f2   Data           2  usb_config.o(.constdata)
    USBD_HID_DescriptorOffset                0x080041f4   Data           2  usb_config.o(.constdata)
    USBD_DeviceDescriptor                    0x080041f6   Data          18  usb_config.o(.constdata)
    USBD_DeviceQualifier                     0x08004208   Data          10  usb_config.o(.constdata)
    USBD_DeviceQualifier_HS                  0x08004212   Data          10  usb_config.o(.constdata)
    USBD_ConfigDescriptor                    0x0800421c   Data          35  usb_config.o(.constdata)
    USBD_ConfigDescriptor_HS                 0x0800423f   Data          35  usb_config.o(.constdata)
    USBD_OtherSpeedConfigDescriptor          0x08004262   Data          35  usb_config.o(.constdata)
    USBD_OtherSpeedConfigDescriptor_HS       0x08004285   Data          35  usb_config.o(.constdata)
    USBD_StringDescriptor                    0x080042a8   Data         102  usb_config.o(.constdata)
    RL_RTX_Version                           0x08004310   Data           4  rt_system.o(.constdata)
    Region$$Table$$Base                      0x08004314   Number         0  anon$$obj.o(Region$$Table)
    Region$$Table$$Limit                     0x08004334   Number         0  anon$$obj.o(Region$$Table)
    _inQue                                   0x2000003c   Data           4  cu.o(.data)
    FreeBufAddr                              0x20000044   Data           2  usbd_stm32f103.o(.data)
    pBUF_DSCR                                0x20000048   Data           4  usbd_stm32f103.o(.data)
    feat                                     0x2000004c   Data           1  usbd_user_hid.o(.data)
    m_tmr                                    0x20000050   Data           4  rtx_conf_cm.o(.data)
    USBD_AltSetting                          0x20000054   Data           1  usb_config.o(.data)
    USBD_HID_PollingCnt                      0x20000056   Data           2  usb_config.o(.data)
    USBD_HID_IdleCnt                         0x20000058   Data           1  usb_config.o(.data)
    USBD_HID_IdleReload                      0x20000059   Data           1  usb_config.o(.data)
    USBD_HID_IdleSet                         0x2000005a   Data           1  usb_config.o(.data)
    USBD_HID_FeatReport                      0x2000005b   Data           2  usb_config.o(.data)
    USBD_DeviceAddress                       0x20000074   Data           1  usbd_core.o(.data)
    USBD_Configuration                       0x20000075   Data           1  usbd_core.o(.data)
    USBD_NumInterfaces                       0x20000076   Data           1  usbd_core.o(.data)
    USBD_HighSpeed                           0x20000077   Data           1  usbd_core.o(.data)
    USBD_ZLP                                 0x20000078   Data           1  usbd_core.o(.data)
    USBD_DeviceStatus                        0x2000007a   Data           2  usbd_core.o(.data)
    USBD_EndPointMask                        0x2000007c   Data           4  usbd_core.o(.data)
    USBD_EndPointHalt                        0x20000080   Data           4  usbd_core.o(.data)
    USBD_EndPointNoHaltClr                   0x20000084   Data           4  usbd_core.o(.data)
    USBD_RTX_CoreTask                        0x20000088   Data           4  usbd_core.o(.data)
    USBD_EP0Data                             0x2000008c   Data           8  usbd_core.o(.data)
    USBD_SetupPacket                         0x20000094   Data           8  usbd_core.o(.data)
    USBD_HID_Protocol                        0x2000009d   Data           1  usbd_hid.o(.data)
    DataOutToSendLen                         0x2000009e   Data           2  usbd_hid.o(.data)
    DataOutSentLen                           0x200000a0   Data           2  usbd_hid.o(.data)
    DataInReceLen                            0x200000a2   Data           2  usbd_hid.o(.data)
    DataFeatReceLen                          0x200000a4   Data           2  usbd_hid.o(.data)
    DataOutAsyncReq                          0x200000a8   Data           4  usbd_hid.o(.data)
    DataOutUpdateReqMask                     0x200000ac   Data           4  usbd_hid.o(.data)
    DataOutProcessing                        0x200000b0   Data           4  usbd_hid.o(.data)
    DataOutProcessPending                    0x200000b4   Data           4  usbd_hid.o(.data)
    ptrDataOut                               0x200000b8   Data           4  usbd_hid.o(.data)
    DataOutEndWithShortPacket                0x200000bc   Data           4  usbd_hid.o(.data)
    DataOutInProgress                        0x200000c0   Data           4  usbd_hid.o(.data)
    ptrDataIn                                0x200000c4   Data           4  usbd_hid.o(.data)
    ptrDataFeat                              0x200000c8   Data           4  usbd_hid.o(.data)
    os_tsk                                   0x200000cc   Data           8  rt_task.o(.data)
    os_time                                  0x200000d4   Data           4  rt_time.o(.data)
    dbg_msg                                  0x200000d8   Data           1  hal_cm3.o(.data)
    os_tick_irqn                             0x200000e0   Data           4  rt_system.o(.data)
    os_tmr                                   0x200000e4   Data           8  rt_timer.o(.data)
    g_sensorData                             0x200000ec   Data          32  application.o(.bss)
    g_appData                                0x2000010c   Data          20  application.o(.bss)
    USART1_InQue                             0x2000094c   Data        2052  usart.o(.bss)
    HID_InQue                                0x20001150   Data        2052  usbd_user_hid.o(.bss)
    outBuf                                   0x20001954   Data          64  usbd_user_hid.o(.bss)
    mp_tcb                                   0x20001994   Data         572  rtx_conf_cm.o(.bss)
    mp_stk                                   0x20001bd0   Data        5648  rtx_conf_cm.o(.bss)
    os_fifo                                  0x200031e0   Data         132  rtx_conf_cm.o(.bss)
    os_active_TCB                            0x20003264   Data          40  rtx_conf_cm.o(.bss)
    USBD_EP0Buf                              0x2000328c   Data          64  usb_config.o(.bss)
    USBD_HID_InReport                        0x200032cc   Data          65  usb_config.o(.bss)
    USBD_HID_OutReport                       0x2000330d   Data          65  usb_config.o(.bss)
    os_idle_TCB                              0x20003350   Data          56  rt_task.o(.bss)
    os_rdy                                   0x20003388   Data          24  rt_list.o(.bss)
    os_dly                                   0x200033a0   Data          24  rt_list.o(.bss)
    __libspace_start                         0x200033b8   Data          96  libspace.o(.bss)
    __temporary_stack_top$libspace           0x20003418   Data           0  libspace.o(.bss)



==============================================================================

Memory Map of the image

  Image Entry point : 0x080000ed

  Load Region LR_IROM1 (Base: 0x08000000, Size: 0x00004420, Max: 0x00010000, ABSOLUTE)

    Execution Region ER_IROM1 (Exec base: 0x08000000, Load base: 0x08000000, Size: 0x00004334, Max: 0x00010000, ABSOLUTE)

    Exec Addr    Load Addr    Size         Type   Attr      Idx    E Section Name        Object

    0x08000000   0x08000000   0x000000ec   Data   RO         3098    RESET               startup_stm32f10x_md.o
    0x080000ec   0x080000ec   0x00000008   Code   RO         3831  * !!!main             c_w.l(__main.o)
    0x080000f4   0x080000f4   0x00000034   Code   RO         3986    !!!scatter          c_w.l(__scatter.o)
    0x08000128   0x08000128   0x0000001a   Code   RO         3988    !!handler_copy      c_w.l(__scatter_copy.o)
    0x08000142   0x08000142   0x00000002   PAD
    0x08000144   0x08000144   0x0000001c   Code   RO         3990    !!handler_zi        c_w.l(__scatter_zi.o)
    0x08000160   0x08000160   0x00000002   Code   RO         3860    .ARM.Collect$$libinit$$00000000  c_w.l(libinit.o)
    0x08000162   0x08000162   0x00000000   Code   RO         3864    .ARM.Collect$$libinit$$00000002  c_w.l(libinit2.o)
    0x08000162   0x08000162   0x00000000   Code   RO         3866    .ARM.Collect$$libinit$$00000004  c_w.l(libinit2.o)
    0x08000162   0x08000162   0x00000000   Code   RO         3869    .ARM.Collect$$libinit$$0000000A  c_w.l(libinit2.o)
    0x08000162   0x08000162   0x00000000   Code   RO         3871    .ARM.Collect$$libinit$$0000000C  c_w.l(libinit2.o)
    0x08000162   0x08000162   0x00000000   Code   RO         3873    .ARM.Collect$$libinit$$0000000E  c_w.l(libinit2.o)
    0x08000162   0x08000162   0x00000000   Code   RO         3876    .ARM.Collect$$libinit$$00000011  c_w.l(libinit2.o)
    0x08000162   0x08000162   0x00000000   Code   RO         3878    .ARM.Collect$$libinit$$00000013  c_w.l(libinit2.o)
    0x08000162   0x08000162   0x00000000   Code   RO         3880    .ARM.Collect$$libinit$$00000015  c_w.l(libinit2.o)
    0x08000162   0x08000162   0x00000000   Code   RO         3882    .ARM.Collect$$libinit$$00000017  c_w.l(libinit2.o)
    0x08000162   0x08000162   0x00000000   Code   RO         3884    .ARM.Collect$$libinit$$00000019  c_w.l(libinit2.o)
    0x08000162   0x08000162   0x00000000   Code   RO         3886    .ARM.Collect$$libinit$$0000001B  c_w.l(libinit2.o)
    0x08000162   0x08000162   0x00000000   Code   RO         3888    .ARM.Collect$$libinit$$0000001D  c_w.l(libinit2.o)
    0x08000162   0x08000162   0x00000000   Code   RO         3890    .ARM.Collect$$libinit$$0000001F  c_w.l(libinit2.o)
    0x08000162   0x08000162   0x00000000   Code   RO         3892    .ARM.Collect$$libinit$$00000021  c_w.l(libinit2.o)
    0x08000162   0x08000162   0x00000000   Code   RO         3894    .ARM.Collect$$libinit$$00000023  c_w.l(libinit2.o)
    0x08000162   0x08000162   0x00000000   Code   RO         3896    .ARM.Collect$$libinit$$00000025  c_w.l(libinit2.o)
    0x08000162   0x08000162   0x00000000   Code   RO         3900    .ARM.Collect$$libinit$$0000002C  c_w.l(libinit2.o)
    0x08000162   0x08000162   0x00000000   Code   RO         3902    .ARM.Collect$$libinit$$0000002E  c_w.l(libinit2.o)
    0x08000162   0x08000162   0x00000000   Code   RO         3904    .ARM.Collect$$libinit$$00000030  c_w.l(libinit2.o)
    0x08000162   0x08000162   0x00000000   Code   RO         3906    .ARM.Collect$$libinit$$00000032  c_w.l(libinit2.o)
    0x08000162   0x08000162   0x00000002   Code   RO         3907    .ARM.Collect$$libinit$$00000033  c_w.l(libinit2.o)
    0x08000164   0x08000164   0x00000002   Code   RO         3927    .ARM.Collect$$libshutdown$$00000000  c_w.l(libshutdown.o)
    0x08000166   0x08000166   0x00000000   Code   RO         3940    .ARM.Collect$$libshutdown$$00000002  c_w.l(libshutdown2.o)
    0x08000166   0x08000166   0x00000000   Code   RO         3942    .ARM.Collect$$libshutdown$$00000004  c_w.l(libshutdown2.o)
    0x08000166   0x08000166   0x00000000   Code   RO         3945    .ARM.Collect$$libshutdown$$00000007  c_w.l(libshutdown2.o)
    0x08000166   0x08000166   0x00000000   Code   RO         3948    .ARM.Collect$$libshutdown$$0000000A  c_w.l(libshutdown2.o)
    0x08000166   0x08000166   0x00000000   Code   RO         3950    .ARM.Collect$$libshutdown$$0000000C  c_w.l(libshutdown2.o)
    0x08000166   0x08000166   0x00000000   Code   RO         3953    .ARM.Collect$$libshutdown$$0000000F  c_w.l(libshutdown2.o)
    0x08000166   0x08000166   0x00000002   Code   RO         3954    .ARM.Collect$$libshutdown$$00000010  c_w.l(libshutdown2.o)
    0x08000168   0x08000168   0x00000000   Code   RO         3833    .ARM.Collect$$rtentry$$00000000  c_w.l(__rtentry.o)
    0x08000168   0x08000168   0x00000000   Code   RO         3837    .ARM.Collect$$rtentry$$00000002  c_w.l(__rtentry2.o)
    0x08000168   0x08000168   0x00000006   Code   RO         3849    .ARM.Collect$$rtentry$$00000004  c_w.l(__rtentry4.o)
    0x0800016e   0x0800016e   0x00000000   Code   RO         3839    .ARM.Collect$$rtentry$$00000009  c_w.l(__rtentry2.o)
    0x0800016e   0x0800016e   0x00000004   Code   RO         3840    .ARM.Collect$$rtentry$$0000000A  c_w.l(__rtentry2.o)
    0x08000172   0x08000172   0x00000000   Code   RO         3842    .ARM.Collect$$rtentry$$0000000C  c_w.l(__rtentry2.o)
    0x08000172   0x08000172   0x00000008   Code   RO         3843    .ARM.Collect$$rtentry$$0000000D  c_w.l(__rtentry2.o)
    0x0800017a   0x0800017a   0x00000002   Code   RO         3861    .ARM.Collect$$rtexit$$00000000  c_w.l(rtexit.o)
    0x0800017c   0x0800017c   0x00000000   Code   RO         3909    .ARM.Collect$$rtexit$$00000002  c_w.l(rtexit2.o)
    0x0800017c   0x0800017c   0x00000004   Code   RO         3910    .ARM.Collect$$rtexit$$00000003  c_w.l(rtexit2.o)
    0x08000180   0x08000180   0x00000006   Code   RO         3911    .ARM.Collect$$rtexit$$00000004  c_w.l(rtexit2.o)
    0x08000186   0x08000186   0x00000002   PAD
    0x08000188   0x08000188   0x00000154   Code   RO         3430    .emb_text           RTX_CM3.lib(hal_cm3.o)
    0x080002dc   0x080002dc   0x00000040   Code   RO         3099    .text               startup_stm32f10x_md.o
    0x0800031c   0x0800031c   0x00000008   Code   RO         3824    .text               c_w.l(libspace.o)
    0x08000324   0x08000324   0x0000008a   Code   RO         3827    .text               c_w.l(rt_memcpy_v6.o)
    0x080003ae   0x080003ae   0x00000006   Code   RO         3829    .text               c_w.l(heapauxi.o)
    0x080003b4   0x080003b4   0x00000064   Code   RO         3834    .text               c_w.l(rt_memcpy_w.o)
    0x08000418   0x08000418   0x0000004a   Code   RO         3851    .text               c_w.l(sys_stackheap_outer.o)
    0x08000462   0x08000462   0x00000012   Code   RO         3853    .text               c_w.l(exit.o)
    0x08000474   0x08000474   0x0000000c   Code   RO         3919    .text               c_w.l(sys_exit.o)
    0x08000480   0x08000480   0x00000002   Code   RO         3930    .text               c_w.l(use_no_semi.o)
    0x08000482   0x08000482   0x00000000   Code   RO         3932    .text               c_w.l(indicate_semi.o)
    0x08000482   0x08000482   0x00000002   PAD
    0x08000484   0x08000484   0x00000004   Code   RO         3681    SVC_TABLE           RTX_CM3.lib(svc_table.o)
    0x08000488   0x08000488   0x000000f0   Code   RO          403    i.CU_HandleCurrentMessage  cu.o
    0x08000578   0x08000578   0x0000015c   Code   RO          404    i.CU_WaitForMessage  cu.o
    0x080006d4   0x080006d4   0x00000036   Code   RO          388    i.CalcCRC16         crc16.o
    0x0800070a   0x0800070a   0x00000002   PAD
    0x0800070c   0x0800070c   0x0000003c   Code   RO            5    i.DoResetDevice     application.o
    0x08000748   0x08000748   0x00000040   Code   RO            6    i.DoSelectSlot      application.o
    0x08000788   0x08000788   0x00000028   Code   RO          705    i.EP_Reset          usbd_stm32f103.o
    0x080007b0   0x080007b0   0x00000034   Code   RO          706    i.EP_Status         usbd_stm32f103.o
    0x080007e4   0x080007e4   0x00000038   Code   RO          311    i.EXTI15_10_IRQHandler  button.o
    0x0800081c   0x0800081c   0x00000020   Code   RO         1707    i.EXTI_GetITStatus  stm32f10x_exti.o
    0x0800083c   0x0800083c   0x00000328   Code   RO          347    i.ExecCommand       command.o
    0x08000b64   0x08000b64   0x0000000c   Code   RO         1768    i.FLASH_ClearFlag   stm32f10x_flash.o
    0x08000b70   0x08000b70   0x0000003c   Code   RO         1773    i.FLASH_ErasePage   stm32f10x_flash.o
    0x08000bac   0x08000bac   0x00000028   Code   RO         1774    i.FLASH_GetBank1Status  stm32f10x_flash.o
    0x08000bd4   0x08000bd4   0x00000010   Code   RO         1783    i.FLASH_Lock        stm32f10x_flash.o
    0x08000be4   0x08000be4   0x00000034   Code   RO         1786    i.FLASH_ProgramHalfWord  stm32f10x_flash.o
    0x08000c18   0x08000c18   0x00000018   Code   RO         1791    i.FLASH_Unlock      stm32f10x_flash.o
    0x08000c30   0x08000c30   0x00000022   Code   RO         1795    i.FLASH_WaitForLastOperation  stm32f10x_flash.o
    0x08000c52   0x08000c52   0x0000009c   Code   RO         1958    i.GPIO_Init         stm32f10x_gpio.o
    0x08000cee   0x08000cee   0x0000000e   Code   RO         1962    i.GPIO_ReadInputDataBit  stm32f10x_gpio.o
    0x08000cfc   0x08000cfc   0x00000004   Code   RO         1965    i.GPIO_ResetBits    stm32f10x_gpio.o
    0x08000d00   0x08000d00   0x00000004   Code   RO         1966    i.GPIO_SetBits      stm32f10x_gpio.o
    0x08000d04   0x08000d04   0x0000002c   Code   RO          939    i.InitPage          userdata.o
    0x08000d30   0x08000d30   0x0000000e   Code   RO          940    i.InitUserDataROM   userdata.o
    0x08000d3e   0x08000d3e   0x00000002   PAD
    0x08000d40   0x08000d40   0x00000024   Code   RO          500    i.LED_Off           led.o
    0x08000d64   0x08000d64   0x00000018   Code   RO          502    i.LED_ToggleState   led.o
    0x08000d7c   0x08000d7c   0x00000040   Code   RO          503    i.LEDs_Configuration  led.o
    0x08000dbc   0x08000dbc   0x000000bc   Code   RO          348    i.MoveCard          command.o
    0x08000e78   0x08000e78   0x00000064   Code   RO         1336    i.NVIC_Init         misc.o
    0x08000edc   0x08000edc   0x00000014   Code   RO         1337    i.NVIC_PriorityGroupConfig  misc.o
    0x08000ef0   0x08000ef0   0x00000098   Code   RO          405    i.OutputStatusDetail  cu.o
    0x08000f88   0x08000f88   0x0000001c   Code   RO          941    i.ProgramCardInfoA  userdata.o
    0x08000fa4   0x08000fa4   0x00000068   Code   RO          942    i.ProgramDefaultControlParameters  userdata.o
    0x0800100c   0x0800100c   0x00000018   Code   RO          943    i.ProgramDeviceInfo  userdata.o
    0x08001024   0x08001024   0x00000018   Code   RO          944    i.ProgramRetainCount  userdata.o
    0x0800103c   0x0800103c   0x00000018   Code   RO          945    i.ProgramSlotsFunc  userdata.o
    0x08001054   0x08001054   0x00000018   Code   RO          946    i.ProgrmaControlParameters  userdata.o
    0x0800106c   0x0800106c   0x00000018   Code   RO         2152    i.RCC_APB1PeriphClockCmd  stm32f10x_rcc.o
    0x08001084   0x08001084   0x00000018   Code   RO         2154    i.RCC_APB2PeriphClockCmd  stm32f10x_rcc.o
    0x0800109c   0x0800109c   0x00000094   Code   RO         2162    i.RCC_GetClocksFreq  stm32f10x_rcc.o
    0x08001130   0x08001130   0x00000010   Code   RO          947    i.ReadCardInfoA     userdata.o
    0x08001140   0x08001140   0x00000004   Code   RO          948    i.ReadCardInfoB     userdata.o
    0x08001144   0x08001144   0x00000010   Code   RO          949    i.ReadControlParameters  userdata.o
    0x08001154   0x08001154   0x00000010   Code   RO          950    i.ReadDeviceInfo    userdata.o
    0x08001164   0x08001164   0x0000002e   Code   RO          951    i.ReadPage          userdata.o
    0x08001192   0x08001192   0x00000002   PAD
    0x08001194   0x08001194   0x00000014   Code   RO          952    i.ReadRetainCount   userdata.o
    0x080011a8   0x080011a8   0x00000010   Code   RO          953    i.ReadSlotsFunc     userdata.o
    0x080011b8   0x080011b8   0x00000060   Code   RO          558    i.Sensor_Read       sensor.o
    0x08001218   0x08001218   0x00000088   Code   RO          559    i.Sensors_Configuration  sensor.o
    0x080012a0   0x080012a0   0x0000000c   Code   RO            7    i.SetDeviceStatus   application.o
    0x080012ac   0x080012ac   0x0000005c   Code   RO            8    i.SetStackToBottom  application.o
    0x08001308   0x08001308   0x00000054   Code   RO            9    i.SetStackToTop     application.o
    0x0800135c   0x0800135c   0x000000a8   Code   RO         3106    i.SetSysClockTo72   system_stm32f10x.o
    0x08001404   0x08001404   0x00000060   Code   RO           11    i.StartMoveCard     application.o
    0x08001464   0x08001464   0x0000006a   Code   RO          349    i.StepperOrLEDControl  command.o
    0x080014ce   0x080014ce   0x00000002   PAD
    0x080014d0   0x080014d0   0x00000010   Code   RO          598    i.Stepper_IsRunning  stepper.o
    0x080014e0   0x080014e0   0x00000020   Code   RO          599    i.Stepper_SetDirection  stepper.o
    0x08001500   0x08001500   0x000000cc   Code   RO          600    i.Stepper_Start     stepper.o
    0x080015cc   0x080015cc   0x00000050   Code   RO          601    i.Stepper_Stop      stepper.o
    0x0800161c   0x0800161c   0x00000108   Code   RO          602    i.Steppers_Configuration  stepper.o
    0x08001724   0x08001724   0x00000028   Code   RO           13    i.StopMoveCard      application.o
    0x0800174c   0x0800174c   0x00000050   Code   RO         3108    i.SystemInit        system_stm32f10x.o
    0x0800179c   0x0800179c   0x00000060   Code   RO          603    i.TIM3_IRQHandler   stepper.o
    0x080017fc   0x080017fc   0x00000014   Code   RO         2364    i.TIM_ARRPreloadConfig  stm32f10x_tim.o
    0x08001810   0x08001810   0x00000006   Code   RO         2370    i.TIM_ClearFlag     stm32f10x_tim.o
    0x08001816   0x08001816   0x00000006   Code   RO         2371    i.TIM_ClearITPendingBit  stm32f10x_tim.o
    0x0800181c   0x0800181c   0x00000014   Code   RO         2376    i.TIM_Cmd           stm32f10x_tim.o
    0x08001830   0x08001830   0x00000018   Code   RO         2397    i.TIM_GetITStatus   stm32f10x_tim.o
    0x08001848   0x08001848   0x00000010   Code   RO         2401    i.TIM_ITConfig      stm32f10x_tim.o
    0x08001858   0x08001858   0x00000080   Code   RO         2405    i.TIM_OC1Init       stm32f10x_tim.o
    0x080018d8   0x080018d8   0x0000000c   Code   RO         2408    i.TIM_OC1PreloadConfig  stm32f10x_tim.o
    0x080018e4   0x080018e4   0x00000080   Code   RO         2410    i.TIM_OC2Init       stm32f10x_tim.o
    0x08001964   0x08001964   0x00000014   Code   RO         2413    i.TIM_OC2PreloadConfig  stm32f10x_tim.o
    0x08001978   0x08001978   0x00000004   Code   RO         2435    i.TIM_SetAutoreload  stm32f10x_tim.o
    0x0800197c   0x0800197c   0x00000004   Code   RO         2437    i.TIM_SetCompare1   stm32f10x_tim.o
    0x08001980   0x08001980   0x00000004   Code   RO         2438    i.TIM_SetCompare2   stm32f10x_tim.o
    0x08001984   0x08001984   0x00000004   Code   RO         2441    i.TIM_SetCounter    stm32f10x_tim.o
    0x08001988   0x08001988   0x0000009c   Code   RO         2447    i.TIM_TimeBaseInit  stm32f10x_tim.o
    0x08001a24   0x08001a24   0x00000018   Code   RO           14    i.Task_Comm         application.o
    0x08001a3c   0x08001a3c   0x00000020   Code   RO           15    i.Task_Idle         application.o
    0x08001a5c   0x08001a5c   0x00000090   Code   RO           16    i.Task_Init         application.o
    0x08001aec   0x08001aec   0x000000d0   Code   RO           18    i.Task_MoveCard     application.o
    0x08001bbc   0x08001bbc   0x00000058   Code   RO           19    i.Task_ResetDevice  application.o
    0x08001c14   0x08001c14   0x000000c8   Code   RO           20    i.Task_SelectSlot   application.o
    0x08001cdc   0x08001cdc   0x0000008c   Code   RO          560    i.U74HC165_Read     sensor.o
    0x08001d68   0x08001d68   0x00000020   Code   RO          561    i.U74HC165_SetNoChange  sensor.o
    0x08001d88   0x08001d88   0x000000a8   Code   RO          656    i.USART1_Configuration  usart.o
    0x08001e30   0x08001e30   0x0000004c   Code   RO          657    i.USART1_IRQHandler  usart.o
    0x08001e7c   0x08001e7c   0x00000038   Code   RO          658    i.USART1_Send       usart.o
    0x08001eb4   0x08001eb4   0x00000006   Code   RO         2907    i.USART_ClearFlag   stm32f10x_usart.o
    0x08001eba   0x08001eba   0x0000000c   Code   RO         2908    i.USART_ClearITPendingBit  stm32f10x_usart.o
    0x08001ec6   0x08001ec6   0x00000014   Code   RO         2911    i.USART_Cmd         stm32f10x_usart.o
    0x08001eda   0x08001eda   0x0000000e   Code   RO         2914    i.USART_GetFlagStatus  stm32f10x_usart.o
    0x08001ee8   0x08001ee8   0x0000003e   Code   RO         2915    i.USART_GetITStatus  stm32f10x_usart.o
    0x08001f26   0x08001f26   0x00000030   Code   RO         2917    i.USART_ITConfig    stm32f10x_usart.o
    0x08001f56   0x08001f56   0x00000002   PAD
    0x08001f58   0x08001f58   0x000000ac   Code   RO         2918    i.USART_Init        stm32f10x_usart.o
    0x08002004   0x08002004   0x00000008   Code   RO         2925    i.USART_ReceiveData  stm32f10x_usart.o
    0x0800200c   0x0800200c   0x00000008   Code   RO         2928    i.USART_SendData    stm32f10x_usart.o
    0x08002014   0x08002014   0x00000016   Code   RO          708    i.USBD_ClrStallEP   usbd_stm32f103.o
    0x0800202a   0x0800202a   0x00000002   PAD
    0x0800202c   0x0800202c   0x00000090   Code   RO          709    i.USBD_ConfigEP     usbd_stm32f103.o
    0x080020bc   0x080020bc   0x00000010   Code   RO          710    i.USBD_Configure    usbd_stm32f103.o
    0x080020cc   0x080020cc   0x00000004   Code   RO         1140    i.USBD_Configure_Event  usb_config.o
    0x080020d0   0x080020d0   0x00000038   Code   RO         3145    i.USBD_DataInStage  USB_CM3.lib(usbd_core.o)
    0x08002108   0x08002108   0x00000020   Code   RO         3146    i.USBD_DataOutStage  USB_CM3.lib(usbd_core.o)
    0x08002128   0x08002128   0x00000002   Code   RO          712    i.USBD_DirCtrlEP    usbd_stm32f103.o
    0x0800212a   0x0800212a   0x00000006   Code   RO          713    i.USBD_DisableEP    usbd_stm32f103.o
    0x08002130   0x08002130   0x00000008   Code   RO          714    i.USBD_EnableEP     usbd_stm32f103.o
    0x08002138   0x08002138   0x00000264   Code   RO         3147    i.USBD_EndPoint0    USB_CM3.lib(usbd_core.o)
    0x0800239c   0x0800239c   0x00000004   Code   RO         1141    i.USBD_EndPoint0_Out_ADC_ReqToEP  usb_config.o
    0x080023a0   0x080023a0   0x00000004   Code   RO         1142    i.USBD_EndPoint0_Out_ADC_ReqToIF  usb_config.o
    0x080023a4   0x080023a4   0x00000004   Code   RO         1143    i.USBD_EndPoint0_Out_CDC_ReqToIF  usb_config.o
    0x080023a8   0x080023a8   0x00000004   Code   RO         1144    i.USBD_EndPoint0_Out_CLS_ReqToDEV  usb_config.o
    0x080023ac   0x080023ac   0x00000004   Code   RO         1145    i.USBD_EndPoint0_Out_CLS_ReqToEP  usb_config.o
    0x080023b0   0x080023b0   0x00000004   Code   RO         1146    i.USBD_EndPoint0_Out_CLS_ReqToIF  usb_config.o
    0x080023b4   0x080023b4   0x00000030   Code   RO         3471    i.USBD_EndPoint0_Out_HID_ReqToIF  USB_CM3.lib(usbd_core_hid.o)
    0x080023e4   0x080023e4   0x00000004   Code   RO         1148    i.USBD_EndPoint0_Setup_ADC_ReqToEP  usb_config.o
    0x080023e8   0x080023e8   0x00000004   Code   RO         1149    i.USBD_EndPoint0_Setup_ADC_ReqToIF  usb_config.o
    0x080023ec   0x080023ec   0x00000004   Code   RO         1150    i.USBD_EndPoint0_Setup_CDC_ReqToIF  usb_config.o
    0x080023f0   0x080023f0   0x00000004   Code   RO         1151    i.USBD_EndPoint0_Setup_CLS_ReqToDEV  usb_config.o
    0x080023f4   0x080023f4   0x00000004   Code   RO         1152    i.USBD_EndPoint0_Setup_CLS_ReqToEP  usb_config.o
    0x080023f8   0x080023f8   0x00000004   Code   RO         1153    i.USBD_EndPoint0_Setup_CLS_ReqToIF  usb_config.o
    0x080023fc   0x080023fc   0x000000ac   Code   RO         3472    i.USBD_EndPoint0_Setup_HID_ReqToIF  USB_CM3.lib(usbd_core_hid.o)
    0x080024a8   0x080024a8   0x00000004   Code   RO         1154    i.USBD_EndPoint0_Setup_MSC_ReqToIF  usb_config.o
    0x080024ac   0x080024ac   0x00000028   Code   RO         3186    i.USBD_HID_Configure_Event  USB_CM3.lib(usbd_hid.o)
    0x080024d4   0x080024d4   0x00000164   Code   RO         3187    i.USBD_HID_EP_INTIN_Event  USB_CM3.lib(usbd_hid.o)
    0x08002638   0x08002638   0x0000001c   Code   RO         3190    i.USBD_HID_GetIdle  USB_CM3.lib(usbd_hid.o)
    0x08002654   0x08002654   0x00000014   Code   RO         3191    i.USBD_HID_GetProtocol  USB_CM3.lib(usbd_hid.o)
    0x08002668   0x08002668   0x0000003c   Code   RO         3192    i.USBD_HID_GetReport  USB_CM3.lib(usbd_hid.o)
    0x080026a4   0x080026a4   0x00000148   Code   RO         3193    i.USBD_HID_SOF_Event  USB_CM3.lib(usbd_hid.o)
    0x080027ec   0x080027ec   0x0000003c   Code   RO         3194    i.USBD_HID_SetIdle  USB_CM3.lib(usbd_hid.o)
    0x08002828   0x08002828   0x00000014   Code   RO         3195    i.USBD_HID_SetProtocol  USB_CM3.lib(usbd_hid.o)
    0x0800283c   0x0800283c   0x00000040   Code   RO         3196    i.USBD_HID_SetReport  USB_CM3.lib(usbd_hid.o)
    0x0800287c   0x0800287c   0x00000048   Code   RO          718    i.USBD_ReadEP       usbd_stm32f103.o
    0x080028c4   0x080028c4   0x00000002   Code   RO         1156    i.USBD_ReqClrFeature_MSC  usb_config.o
    0x080028c6   0x080028c6   0x00000002   PAD
    0x080028c8   0x080028c8   0x00000130   Code   RO         3172    i.USBD_ReqGetDescriptor  USB_CM3.lib(usbd_core.o)
    0x080029f8   0x080029f8   0x00000084   Code   RO         3473    i.USBD_ReqGetDescriptor_HID  USB_CM3.lib(usbd_core_hid.o)
    0x08002a7c   0x08002a7c   0x0000007c   Code   RO         3178    i.USBD_ReqGetStatus  USB_CM3.lib(usbd_core.o)
    0x08002af8   0x08002af8   0x000000ac   Code   RO         3170    i.USBD_ReqSetClrFeature  USB_CM3.lib(usbd_core.o)
    0x08002ba4   0x08002ba4   0x00000190   Code   RO         3174    i.USBD_ReqSetConfiguration  USB_CM3.lib(usbd_core.o)
    0x08002d34   0x08002d34   0x0000012c   Code   RO         3176    i.USBD_ReqSetInterface  USB_CM3.lib(usbd_core.o)
    0x08002e60   0x08002e60   0x00000094   Code   RO          719    i.USBD_Reset        usbd_stm32f103.o
    0x08002ef4   0x08002ef4   0x00000004   Code   RO          720    i.USBD_ResetEP      usbd_stm32f103.o
    0x08002ef8   0x08002ef8   0x00000004   Code   RO         1157    i.USBD_SOF_Event    usb_config.o
    0x08002efc   0x08002efc   0x00000014   Code   RO          722    i.USBD_SetAddress   usbd_stm32f103.o
    0x08002f10   0x08002f10   0x00000008   Code   RO          723    i.USBD_SetStallEP   usbd_stm32f103.o
    0x08002f18   0x08002f18   0x0000000c   Code   RO         3149    i.USBD_SetupStage   USB_CM3.lib(usbd_core.o)
    0x08002f24   0x08002f24   0x0000000a   Code   RO         3150    i.USBD_StatusInStage  USB_CM3.lib(usbd_core.o)
    0x08002f2e   0x08002f2e   0x00000002   PAD
    0x08002f30   0x08002f30   0x0000000c   Code   RO         3151    i.USBD_StatusOutStage  USB_CM3.lib(usbd_core.o)
    0x08002f3c   0x08002f3c   0x00000018   Code   RO          724    i.USBD_Suspend      usbd_stm32f103.o
    0x08002f54   0x08002f54   0x00000010   Code   RO          725    i.USBD_WakeUp       usbd_stm32f103.o
    0x08002f64   0x08002f64   0x00000002   Code   RO          726    i.USBD_WakeUpCfg    usbd_stm32f103.o
    0x08002f66   0x08002f66   0x00000002   PAD
    0x08002f68   0x08002f68   0x00000064   Code   RO          727    i.USBD_WriteEP      usbd_stm32f103.o
    0x08002fcc   0x08002fcc   0x0000010c   Code   RO          728    i.USB_LP_CAN1_RX0_IRQHandler  usbd_stm32f103.o
    0x080030d8   0x080030d8   0x0000004c   Code   RO           21    i.UpdateSensorData  application.o
    0x08003124   0x08003124   0x00000048   Code   RO          883    i.User_HID_Send     usbd_user_hid.o
    0x0800316c   0x0800316c   0x00000068   Code   RO          954    i.WritePage         userdata.o
    0x080031d4   0x080031d4   0x00000046   Code   RO         3648    i._init_box         RTX_CM3.lib(rt_membox.o)
    0x0800321a   0x0800321a   0x00000002   PAD
    0x0800321c   0x0800321c   0x00000020   Code   RO         1058    i._mutex_acquire    rtx_conf_cm.o
    0x0800323c   0x0800323c   0x0000001c   Code   RO         1060    i._mutex_release    rtx_conf_cm.o
    0x08003258   0x08003258   0x00000030   Code   RO         3431    i.dbg_init          RTX_CM3.lib(hal_cm3.o)
    0x08003288   0x08003288   0x00000020   Code   RO         3432    i.dbg_task_notify   RTX_CM3.lib(hal_cm3.o)
    0x080032a8   0x080032a8   0x00000010   Code   RO         3433    i.dbg_task_switch   RTX_CM3.lib(hal_cm3.o)
    0x080032b8   0x080032b8   0x00000034   Code   RO           22    i.main              application.o
    0x080032ec   0x080032ec   0x00000002   Code   RO         1061    i.os_error          rtx_conf_cm.o
    0x080032ee   0x080032ee   0x00000002   Code   RO         1062    i.os_idle_demon     rtx_conf_cm.o
    0x080032f0   0x080032f0   0x00000028   Code   RO         3484    i.os_tick_init      RTX_CM3.lib(rt_system.o)
    0x08003318   0x08003318   0x00000002   Code   RO         3485    i.os_tick_irqack    RTX_CM3.lib(rt_system.o)
    0x0800331a   0x0800331a   0x00000002   Code   RO         1063    i.os_tmr_call       rtx_conf_cm.o
    0x0800331c   0x0800331c   0x0000001a   Code   RO         3649    i.rt_alloc_box      RTX_CM3.lib(rt_membox.o)
    0x08003336   0x08003336   0x00000002   PAD
    0x08003338   0x08003338   0x00000038   Code   RO         3234    i.rt_block          RTX_CM3.lib(rt_task.o)
    0x08003370   0x08003370   0x00000002   Code   RO         1064    i.rt_chk_robin      rtx_conf_cm.o
    0x08003372   0x08003372   0x00000002   PAD
    0x08003374   0x08003374   0x00000074   Code   RO         3568    i.rt_dec_dly        RTX_CM3.lib(rt_list.o)
    0x080033e8   0x080033e8   0x00000044   Code   RO         3235    i.rt_dispatch       RTX_CM3.lib(rt_task.o)
    0x0800342c   0x0800342c   0x00000006   Code   RO         3373    i.rt_dly_wait       RTX_CM3.lib(rt_time.o)
    0x08003432   0x08003432   0x00000002   PAD
    0x08003434   0x08003434   0x0000004c   Code   RO         3687    i.rt_evt_psh        RTX_CM3.lib(rt_event.o)
    0x08003480   0x08003480   0x00000020   Code   RO         3650    i.rt_free_box       RTX_CM3.lib(rt_membox.o)
    0x080034a0   0x080034a0   0x00000028   Code   RO         3569    i.rt_get_first      RTX_CM3.lib(rt_list.o)
    0x080034c8   0x080034c8   0x00000024   Code   RO         3570    i.rt_get_same_rdy_prio  RTX_CM3.lib(rt_list.o)
    0x080034ec   0x080034ec   0x0000004c   Code   RO         3236    i.rt_init_context   RTX_CM3.lib(rt_task.o)
    0x08003538   0x08003538   0x00000002   Code   RO         1065    i.rt_init_robin     rtx_conf_cm.o
    0x0800353a   0x0800353a   0x00000002   PAD
    0x0800353c   0x0800353c   0x00000050   Code   RO         3434    i.rt_init_stack     RTX_CM3.lib(hal_cm3.o)
    0x0800358c   0x0800358c   0x000000d4   Code   RO         3730    i.rt_mbx_psh        RTX_CM3.lib(rt_mailbox.o)
    0x08003660   0x08003660   0x000000e4   Code   RO         3407    i.rt_mut_release    RTX_CM3.lib(rt_mutex.o)
    0x08003744   0x08003744   0x00000068   Code   RO         3408    i.rt_mut_wait       RTX_CM3.lib(rt_mutex.o)
    0x080037ac   0x080037ac   0x0000007c   Code   RO         3486    i.rt_pop_req        RTX_CM3.lib(rt_system.o)
    0x08003828   0x08003828   0x00000048   Code   RO         3572    i.rt_put_dly        RTX_CM3.lib(rt_list.o)
    0x08003870   0x08003870   0x00000036   Code   RO         3573    i.rt_put_prio       RTX_CM3.lib(rt_list.o)
    0x080038a6   0x080038a6   0x00000002   PAD
    0x080038a8   0x080038a8   0x00000014   Code   RO         3574    i.rt_put_rdy_first  RTX_CM3.lib(rt_list.o)
    0x080038bc   0x080038bc   0x00000034   Code   RO         3575    i.rt_resort_prio    RTX_CM3.lib(rt_list.o)
    0x080038f0   0x080038f0   0x00000028   Code   RO         3576    i.rt_rmv_dly        RTX_CM3.lib(rt_list.o)
    0x08003918   0x08003918   0x00000030   Code   RO         3577    i.rt_rmv_list       RTX_CM3.lib(rt_list.o)
    0x08003948   0x08003948   0x0000000c   Code   RO         3334    i.rt_sem_init       RTX_CM3.lib(rt_semaphore.o)
    0x08003954   0x08003954   0x00000034   Code   RO         3335    i.rt_sem_psh        RTX_CM3.lib(rt_semaphore.o)
    0x08003988   0x08003988   0x00000038   Code   RO         3336    i.rt_sem_send       RTX_CM3.lib(rt_semaphore.o)
    0x080039c0   0x080039c0   0x00000040   Code   RO         3337    i.rt_sem_wait       RTX_CM3.lib(rt_semaphore.o)
    0x08003a00   0x08003a00   0x00000024   Code   RO         3489    i.rt_stk_check      RTX_CM3.lib(rt_system.o)
    0x08003a24   0x08003a24   0x00000028   Code   RO         3237    i.rt_switch_req     RTX_CM3.lib(rt_task.o)
    0x08003a4c   0x08003a4c   0x00000154   Code   RO         3238    i.rt_sys_init       RTX_CM3.lib(rt_task.o)
    0x08003ba0   0x08003ba0   0x00000040   Code   RO         3491    i.rt_systick        RTX_CM3.lib(rt_system.o)
    0x08003be0   0x08003be0   0x0000000c   Code   RO         3376    i.rt_time_get       RTX_CM3.lib(rt_time.o)
    0x08003bec   0x08003bec   0x00000040   Code   RO         3776    i.rt_tmr_tick       RTX_CM3.lib(rt_timer.o)
    0x08003c2c   0x08003c2c   0x00000090   Code   RO         3239    i.rt_tsk_create     RTX_CM3.lib(rt_task.o)
    0x08003cbc   0x08003cbc   0x0000016c   Code   RO         3240    i.rt_tsk_delete     RTX_CM3.lib(rt_task.o)
    0x08003e28   0x08003e28   0x00000030   Code   RO         3241    i.rt_tsk_pass       RTX_CM3.lib(rt_task.o)
    0x08003e58   0x08003e58   0x0000008c   Code   RO         3242    i.rt_tsk_prio       RTX_CM3.lib(rt_task.o)
    0x08003ee4   0x08003ee4   0x00000010   Code   RO         3243    i.rt_tsk_self       RTX_CM3.lib(rt_task.o)
    0x08003ef4   0x08003ef4   0x00000004   Code   RO         3200    i.usbd_hid_get_protocol  USB_CM3.lib(usbd_hid.o)
    0x08003ef8   0x08003ef8   0x0000001c   Code   RO          884    i.usbd_hid_get_report  usbd_user_hid.o
    0x08003f14   0x08003f14   0x0000009c   Code   RO         3202    i.usbd_hid_get_report_trigger  USB_CM3.lib(usbd_hid.o)
    0x08003fb0   0x08003fb0   0x00000002   Code   RO         3204    i.usbd_hid_set_protocol  USB_CM3.lib(usbd_hid.o)
    0x08003fb2   0x08003fb2   0x00000002   PAD
    0x08003fb4   0x08003fb4   0x0000004c   Code   RO          886    i.usbd_hid_set_report  usbd_user_hid.o
    0x08004000   0x08004000   0x00000002   Code   RO         1160    i.usbd_os_evt_set   usb_config.o
    0x08004002   0x08004002   0x00000002   PAD
    0x08004004   0x08004004   0x00000024   Code   RO         3155    i.usbd_reset_core   USB_CM3.lib(usbd_core.o)
    0x08004028   0x08004028   0x00000021   Data   RO           24    .constdata          application.o
    0x08004049   0x08004049   0x00000003   PAD
    0x0800404c   0x0800404c   0x00000050   Data   RO          504    .constdata          led.o
    0x0800409c   0x0800409c   0x00000030   Data   RO          605    .constdata          stepper.o
    0x080040cc   0x080040cc   0x0000006a   Data   RO          955    .constdata          userdata.o
    0x08004136   0x08004136   0x00000002   Data   RO         1071    .constdata          rtx_conf_cm.o
    0x08004138   0x08004138   0x00000004   Data   RO         1072    .constdata          rtx_conf_cm.o
    0x0800413c   0x0800413c   0x00000004   Data   RO         1074    .constdata          rtx_conf_cm.o
    0x08004140   0x08004140   0x00000001   Data   RO         1075    .constdata          rtx_conf_cm.o
    0x08004141   0x08004141   0x00000003   PAD
    0x08004144   0x08004144   0x00000008   Data   RO         1076    .constdata          rtx_conf_cm.o
    0x0800414c   0x0800414c   0x00000002   Data   RO         1077    .constdata          rtx_conf_cm.o
    0x0800414e   0x0800414e   0x00000002   PAD
    0x08004150   0x08004150   0x00000004   Data   RO         1078    .constdata          rtx_conf_cm.o
    0x08004154   0x08004154   0x00000001   Data   RO         1079    .constdata          rtx_conf_cm.o
    0x08004155   0x08004155   0x00000001   PAD
    0x08004156   0x08004156   0x00000002   Data   RO         1080    .constdata          rtx_conf_cm.o
    0x08004158   0x08004158   0x00000001   Data   RO         1165    .constdata          usb_config.o
    0x08004159   0x08004159   0x00000001   Data   RO         1166    .constdata          usb_config.o
    0x0800415a   0x0800415a   0x00000002   Data   RO         1167    .constdata          usb_config.o
    0x0800415c   0x0800415c   0x00000001   Data   RO         1169    .constdata          usb_config.o
    0x0800415d   0x0800415d   0x00000001   Data   RO         1170    .constdata          usb_config.o
    0x0800415e   0x0800415e   0x00000001   Data   RO         1171    .constdata          usb_config.o
    0x0800415f   0x0800415f   0x00000001   PAD
    0x08004160   0x08004160   0x00000004   Data   RO         1173    .constdata          usb_config.o
    0x08004164   0x08004164   0x00000004   Data   RO         1174    .constdata          usb_config.o
    0x08004168   0x08004168   0x00000001   Data   RO         1175    .constdata          usb_config.o
    0x08004169   0x08004169   0x00000001   PAD
    0x0800416a   0x0800416a   0x00000002   Data   RO         1177    .constdata          usb_config.o
    0x0800416c   0x0800416c   0x00000004   Data   RO         1181    .constdata          usb_config.o
    0x08004170   0x08004170   0x00000004   Data   RO         1182    .constdata          usb_config.o
    0x08004174   0x08004174   0x00000004   Data   RO         1183    .constdata          usb_config.o
    0x08004178   0x08004178   0x00000004   Data   RO         1185    .constdata          usb_config.o
    0x0800417c   0x0800417c   0x00000004   Data   RO         1186    .constdata          usb_config.o
    0x08004180   0x08004180   0x00000040   Data   RO         1187    .constdata          usb_config.o
    0x080041c0   0x080041c0   0x00000004   Data   RO         1188    .constdata          usb_config.o
    0x080041c4   0x080041c4   0x00000004   Data   RO         1189    .constdata          usb_config.o
    0x080041c8   0x080041c8   0x00000004   Data   RO         1190    .constdata          usb_config.o
    0x080041cc   0x080041cc   0x00000004   Data   RO         1191    .constdata          usb_config.o
    0x080041d0   0x080041d0   0x00000021   Data   RO         1192    .constdata          usb_config.o
    0x080041f1   0x080041f1   0x00000001   PAD
    0x080041f2   0x080041f2   0x00000002   Data   RO         1193    .constdata          usb_config.o
    0x080041f4   0x080041f4   0x00000002   Data   RO         1194    .constdata          usb_config.o
    0x080041f6   0x080041f6   0x00000012   Data   RO         1195    .constdata          usb_config.o
    0x08004208   0x08004208   0x0000000a   Data   RO         1196    .constdata          usb_config.o
    0x08004212   0x08004212   0x0000000a   Data   RO         1197    .constdata          usb_config.o
    0x0800421c   0x0800421c   0x00000023   Data   RO         1198    .constdata          usb_config.o
    0x0800423f   0x0800423f   0x00000023   Data   RO         1199    .constdata          usb_config.o
    0x08004262   0x08004262   0x00000023   Data   RO         1200    .constdata          usb_config.o
    0x08004285   0x08004285   0x00000023   Data   RO         1201    .constdata          usb_config.o
    0x080042a8   0x080042a8   0x00000066   Data   RO         1202    .constdata          usb_config.o
    0x0800430e   0x0800430e   0x00000002   PAD
    0x08004310   0x08004310   0x00000004   Data   RO         3494    .constdata          RTX_CM3.lib(rt_system.o)
    0x08004314   0x08004314   0x00000020   Data   RO         3985    Region$$Table       anon$$obj.o


    Execution Region RW_IRAM1 (Exec base: 0x20000000, Load base: 0x08004334, Size: 0x00003a18, Max: 0x00005000, ABSOLUTE)

    Exec Addr    Load Addr    Size         Type   Attr      Idx    E Section Name        Object

    0x20000000   0x08004334   0x0000003c   Data   RW           25    .data               application.o
    0x2000003c   0x08004370   0x00000008   Data   RW          407    .data               cu.o
    0x20000044   0x08004378   0x00000008   Data   RW          730    .data               usbd_stm32f103.o
    0x2000004c   0x08004380   0x00000001   Data   RW          888    .data               usbd_user_hid.o
    0x2000004d   0x08004381   0x00000003   PAD
    0x20000050   0x08004384   0x00000004   Data   RW         1081    .data               rtx_conf_cm.o
    0x20000054   0x08004388   0x00000001   Data   RW         1203    .data               usb_config.o
    0x20000055   0x08004389   0x00000001   PAD
    0x20000056   0x0800438a   0x00000002   Data   RW         1204    .data               usb_config.o
    0x20000058   0x0800438c   0x00000001   Data   RW         1205    .data               usb_config.o
    0x20000059   0x0800438d   0x00000001   Data   RW         1206    .data               usb_config.o
    0x2000005a   0x0800438e   0x00000001   Data   RW         1207    .data               usb_config.o
    0x2000005b   0x0800438f   0x00000002   Data   RW         1208    .data               usb_config.o
    0x2000005d   0x08004391   0x00000014   Data   RW         2182    .data               stm32f10x_rcc.o
    0x20000071   0x080043a5   0x00000003   PAD
    0x20000074   0x080043a8   0x00000028   Data   RW         3157    .data               USB_CM3.lib(usbd_core.o)
    0x2000009c   0x080043d0   0x00000030   Data   RW         3206    .data               USB_CM3.lib(usbd_hid.o)
    0x200000cc   0x08004400   0x00000008   Data   RW         3245    .data               RTX_CM3.lib(rt_task.o)
    0x200000d4   0x08004408   0x00000004   Data   RW         3377    .data               RTX_CM3.lib(rt_time.o)
    0x200000d8   0x0800440c   0x00000001   Data   RW         3435    .data               RTX_CM3.lib(hal_cm3.o)
    0x200000d9   0x0800440d   0x00000003   PAD
    0x200000dc   0x08004410   0x00000008   Data   RW         3495    .data               RTX_CM3.lib(rt_system.o)
    0x200000e4   0x08004418   0x00000008   Data   RW         3777    .data               RTX_CM3.lib(rt_timer.o)
    0x200000ec        -       0x00000048   Zero   RW           23    .bss                application.o
    0x20000134        -       0x00000800   Zero   RW          406    .bss                cu.o
    0x20000934        -       0x00000018   Zero   RW          604    .bss                stepper.o
    0x2000094c        -       0x00000804   Zero   RW          659    .bss                usart.o
    0x20001150        -       0x00000844   Zero   RW          887    .bss                usbd_user_hid.o
    0x20001994        -       0x0000023c   Zero   RW         1066    .bss                rtx_conf_cm.o
    0x20001bd0        -       0x00001610   Zero   RW         1067    .bss                rtx_conf_cm.o
    0x200031e0        -       0x00000084   Zero   RW         1068    .bss                rtx_conf_cm.o
    0x20003264        -       0x00000028   Zero   RW         1069    .bss                rtx_conf_cm.o
    0x2000328c        -       0x00000040   Zero   RW         1162    .bss                usb_config.o
    0x200032cc        -       0x00000041   Zero   RW         1163    .bss                usb_config.o
    0x2000330d        -       0x00000041   Zero   RW         1164    .bss                usb_config.o
    0x2000334e   0x08004420   0x00000002   PAD
    0x20003350        -       0x00000038   Zero   RW         3244    .bss                RTX_CM3.lib(rt_task.o)
    0x20003388        -       0x00000030   Zero   RW         3578    .bss                RTX_CM3.lib(rt_list.o)
    0x200033b8        -       0x00000060   Zero   RW         3825    .bss                c_w.l(libspace.o)
    0x20003418        -       0x00000200   Zero   RW         3097    HEAP                startup_stm32f10x_md.o
    0x20003618        -       0x00000400   Zero   RW         3096    STACK               startup_stm32f10x_md.o


==============================================================================

Image component sizes


      Code (inc. data)   RO Data    RW Data    ZI Data      Debug   Object Name

      1272        212         33         60         72     283896   application.o
        56          8          0          0          0      28978   button.o
      1102         46          0          0          0       6838   command.o
        54          0          0          0          0       1120   crc16.o
       740         42          0          8       2048      12628   cu.o
       124         12         80          0          0       2354   led.o
       120         16          0          0          0       1947   misc.o
        70         12         28          4       6392       4268   rtx_conf_cm.o
       404         30          0          0          0       3358   sensor.o
        64         26        236          0       1536        792   startup_stm32f10x_md.o
       692         64         48          0         24       4413   stepper.o
        32          4          0          0          0        727   stm32f10x_exti.o
       238         36          0          0          0       6529   stm32f10x_flash.o
       178          0          0          0          0       4268   stm32f10x_gpio.o
       196         28          0         20          0       4982   stm32f10x_rcc.o
       552         72          0          0          0      11903   stm32f10x_tim.o
       350          6          0          0          0       8405   stm32f10x_usart.o
       248         24          0          0          0       1665   system_stm32f10x.o
       300         22          0          0       2052       3464   usart.o
        64          0        435          8        194      19824   usb_config.o
       952        126          0          8          0      11700   usbd_stm32f103.o
       176         24          0          1       2116       3768   usbd_user_hid.o
       524         72        106          0          0      10895   userdata.o

    ----------------------------------------------------------------------
      8530        882       1012        116      14436     438722   Object Totals
         0          0         32          0          0          0   (incl. Generated)
        22          0         14          7          2          0   (incl. Padding)

    ----------------------------------------------------------------------

      Code (inc. data)   RO Data    RW Data    ZI Data      Debug   Library Member Name

       516         56          0          1          0       2793   hal_cm3.o
        76          4          0          0          0        613   rt_event.o
       478         40          0          0         48       4993   rt_list.o
       212          6          0          0          0        781   rt_mailbox.o
       128          0          0          0          0       1785   rt_membox.o
       332         12          0          0          0       1491   rt_mutex.o
       184         16          0          0          0       2159   rt_semaphore.o
       266         42          4          8          0       3301   rt_system.o
      1292        186          0          8         56       8792   rt_task.o
        18          6          0          4          0        966   rt_time.o
        64          8          0          8          0        631   rt_timer.o
         4          4          0          0          0        168   svc_table.o
      2070        176          0         40          0        976   usbd_core.o
       352         92          0          0          0        240   usbd_core_hid.o
      1138        170          0         48          0        932   usbd_hid.o
         8          0          0          0          0         68   __main.o
         0          0          0          0          0          0   __rtentry.o
        12          0          0          0          0          0   __rtentry2.o
         6          0          0          0          0          0   __rtentry4.o
        52          8          0          0          0          0   __scatter.o
        26          0          0          0          0          0   __scatter_copy.o
        28          0          0          0          0          0   __scatter_zi.o
        18          0          0          0          0         80   exit.o
         6          0          0          0          0        152   heapauxi.o
         0          0          0          0          0          0   indicate_semi.o
         2          0          0          0          0          0   libinit.o
         2          0          0          0          0          0   libinit2.o
         2          0          0          0          0          0   libshutdown.o
         2          0          0          0          0          0   libshutdown2.o
         8          4          0          0         96         68   libspace.o
       138          0          0          0          0         68   rt_memcpy_v6.o
       100          0          0          0          0         80   rt_memcpy_w.o
         2          0          0          0          0          0   rtexit.o
        10          0          0          0          0          0   rtexit2.o
        12          4          0          0          0         68   sys_exit.o
        74          0          0          0          0         80   sys_stackheap_outer.o
         2          0          0          0          0         68   use_no_semi.o

    ----------------------------------------------------------------------
      7658        834          4        120        200      31353   Library Totals
        18          0          0          3          0          0   (incl. Padding)

    ----------------------------------------------------------------------

      Code (inc. data)   RO Data    RW Data    ZI Data      Debug   Library Name

      3570        380          4         29        104      28473   RTX_CM3.lib
      3560        438          0         88          0       2148   USB_CM3.lib
       510         16          0          0         96        732   c_w.l

    ----------------------------------------------------------------------
      7658        834          4        120        200      31353   Library Totals

    ----------------------------------------------------------------------

==============================================================================


      Code (inc. data)   RO Data    RW Data    ZI Data      Debug   

     16188       1716       1016        236      14636     459047   Grand Totals
     16188       1716       1016        236      14636     459047   ELF Image Totals
     16188       1716       1016        236          0          0   ROM Totals

==============================================================================

    Total RO  Size (Code + RO Data)                17204 (  16.80kB)
    Total RW  Size (RW Data + ZI Data)             14872 (  14.52kB)
    Total ROM Size (Code + RO Data + RW Data)      17440 (  17.03kB)

==============================================================================

