Component: ARM Compiler 5.06 update 6 (build 750) Tool: armlink [4d35ed]

==============================================================================

Section Cross References

    application.o(i.CommunicationTask) refers to messageproc.o(i.WaitForMessage) for WaitForMessage
    application.o(i.CommunicationTask) refers to messageproc.o(i.HandleCurrentMessage) for HandleCurrentMessage
    application.o(i.CommunicationTask) refers to rt_task.o(i.rt_tsk_pass) for rt_tsk_pass
    application.o(i.IdleTask) refers to application.o(i.UpdateSensorData) for UpdateSensorData
    application.o(i.IdleTask) refers to led.o(i.LED_On) for LED_On
    application.o(i.IdleTask) refers to led.o(i.LED_Off) for LED_Off
    application.o(i.IdleTask) refers to led.o(i.LED_ToggleState) for LED_ToggleState
    application.o(i.IdleTask) refers to iwdg.o(i.IWDG_Feed) for IWDG_Feed
    application.o(i.IdleTask) refers to rt_time.o(i.rt_time_get) for rt_time_get
    application.o(i.IdleTask) refers to application.o(.data) for .data
    application.o(i.IdleTask) refers to rt_time.o(i.rt_dly_wait) for rt_dly_wait
    application.o(i.InitTask) refers to usbd_core.o(i.usbd_init) for usbd_init
    application.o(i.InitTask) refers to usbd_core.o(i.usbd_connect) for usbd_connect
    application.o(i.InitTask) refers to application.o(i.StartResetDevice) for StartResetDevice
    application.o(i.InitTask) refers to rt_task.o(i.rt_tsk_prio) for rt_tsk_prio
    application.o(i.InitTask) refers to application.o(i.IdleTask) for IdleTask
    application.o(i.InitTask) refers to rt_task.o(i.rt_tsk_create) for rt_tsk_create
    application.o(i.InitTask) refers to application.o(i.CommunicationTask) for CommunicationTask
    application.o(i.InitTask) refers to rt_task.o(i.rt_tsk_delete) for rt_tsk_delete
    application.o(i.MoveCardTask) refers to stepper.o(i.Stepper_Start) for Stepper_Start
    application.o(i.MoveCardTask) refers to sensor.o(i.Sensor_Read) for Sensor_Read
    application.o(i.MoveCardTask) refers to stepper.o(i.Stepper_SetLowVelocity) for Stepper_SetLowVelocity
    application.o(i.MoveCardTask) refers to stepper.o(i.Stepper_Stop) for Stepper_Stop
    application.o(i.MoveCardTask) refers to rt_time.o(i.rt_dly_wait) for rt_dly_wait
    application.o(i.MoveCardTask) refers to rt_task.o(i.rt_tsk_prio) for rt_tsk_prio
    application.o(i.MoveCardTask) refers to application.o(.data) for .data
    application.o(i.MoveCardTask) refers to rt_time.o(i.rt_time_get) for rt_time_get
    application.o(i.MoveCardTask) refers to application.o(.constdata) for .constdata
    application.o(i.MoveCardTask) refers to rt_semaphore.o(i.rt_sem_wait) for rt_sem_wait
    application.o(i.MoveCardTask) refers to rt_task.o(i.rt_tsk_pass) for rt_tsk_pass
    application.o(i.MoveCardTask) refers to rt_semaphore.o(i.rt_sem_send) for rt_sem_send
    application.o(i.MoveCardTask) refers to rt_task.o(i.rt_tsk_delete) for rt_tsk_delete
    application.o(i.PerformanceTestTask) refers to sensor.o(i.Sensor_Read) for Sensor_Read
    application.o(i.PerformanceTestTask) refers to application.o(i.SetStackToTop) for SetStackToTop
    application.o(i.PerformanceTestTask) refers to application.o(i.PositionSlot) for PositionSlot
    application.o(i.PerformanceTestTask) refers to stepper.o(i.Stepper_Start) for Stepper_Start
    application.o(i.PerformanceTestTask) refers to stepper.o(i.Stepper_IsRunning) for Stepper_IsRunning
    application.o(i.PerformanceTestTask) refers to application.o(.data) for .data
    application.o(i.PerformanceTestTask) refers to rt_time.o(i.rt_time_get) for rt_time_get
    application.o(i.PerformanceTestTask) refers to rt_time.o(i.rt_dly_wait) for rt_dly_wait
    application.o(i.PerformanceTestTask) refers to rt_semaphore.o(i.rt_sem_send) for rt_sem_send
    application.o(i.PerformanceTestTask) refers to rt_task.o(i.rt_tsk_delete) for rt_tsk_delete
    application.o(i.PositionSlot) refers to sensor.o(i.Sensor_Read) for Sensor_Read
    application.o(i.PositionSlot) refers to application.o(i.SetStackToTop) for SetStackToTop
    application.o(i.PositionSlot) refers to stepper.o(i.Stepper_Start) for Stepper_Start
    application.o(i.PositionSlot) refers to stepper.o(i.Stepper_IsRunning) for Stepper_IsRunning
    application.o(i.PositionSlot) refers to stepper.o(i.Stepper_Stop) for Stepper_Stop
    application.o(i.PositionSlot) refers to rt_time.o(i.rt_dly_wait) for rt_dly_wait
    application.o(i.ResetCam) refers to sensor.o(i.Sensor_Read) for Sensor_Read
    application.o(i.ResetCam) refers to stepper.o(i.Stepper_Start) for Stepper_Start
    application.o(i.ResetCam) refers to stepper.o(i.Stepper_Stop) for Stepper_Stop
    application.o(i.ResetCam) refers to stepper.o(i.Stepper_IsRunning) for Stepper_IsRunning
    application.o(i.ResetCam) refers to rt_time.o(i.rt_dly_wait) for rt_dly_wait
    application.o(i.ResetDeviceTask) refers to sensor.o(i.Sensor_Read) for Sensor_Read
[...]
    DMA1_Channel2_IRQHandler                 0x080042f7   Thumb Code     0  startup_stm32f10x_md.o(.text)
    DMA1_Channel3_IRQHandler                 0x080042f7   Thumb Code     0  startup_stm32f10x_md.o(.text)
    DMA1_Channel4_IRQHandler                 0x080042f7   Thumb Code     0  startup_stm32f10x_md.o(.text)
    DMA1_Channel5_IRQHandler                 0x080042f7   Thumb Code     0  startup_stm32f10x_md.o(.text)
    DMA1_Channel6_IRQHandler                 0x080042f7   Thumb Code     0  startup_stm32f10x_md.o(.text)
    DMA1_Channel7_IRQHandler                 0x080042f7   Thumb Code     0  startup_stm32f10x_md.o(.text)
    EXTI0_IRQHandler                         0x080042f7   Thumb Code     0  startup_stm32f10x_md.o(.text)
    EXTI1_IRQHandler                         0x080042f7   Thumb Code     0  startup_stm32f10x_md.o(.text)
    EXTI2_IRQHandler                         0x080042f7   Thumb Code     0  startup_stm32f10x_md.o(.text)
    EXTI3_IRQHandler                         0x080042f7   Thumb Code     0  startup_stm32f10x_md.o(.text)
    EXTI4_IRQHandler                         0x080042f7   Thumb Code     0  startup_stm32f10x_md.o(.text)
    EXTI9_5_IRQHandler                       0x080042f7   Thumb Code     0  startup_stm32f10x_md.o(.text)
    FLASH_IRQHandler                         0x080042f7   Thumb Code     0  startup_stm32f10x_md.o(.text)
    I2C1_ER_IRQHandler                       0x080042f7   Thumb Code     0  startup_stm32f10x_md.o(.text)
    I2C1_EV_IRQHandler                       0x080042f7   Thumb Code     0  startup_stm32f10x_md.o(.text)
    I2C2_ER_IRQHandler                       0x080042f7   Thumb Code     0  startup_stm32f10x_md.o(.text)
    I2C2_EV_IRQHandler                       0x080042f7   Thumb Code     0  startup_stm32f10x_md.o(.text)
    PVD_IRQHandler                           0x080042f7   Thumb Code     0  startup_stm32f10x_md.o(.text)
    RCC_IRQHandler                           0x080042f7   Thumb Code     0  startup_stm32f10x_md.o(.text)
    RTCAlarm_IRQHandler                      0x080042f7   Thumb Code     0  startup_stm32f10x_md.o(.text)
    RTC_IRQHandler                           0x080042f7   Thumb Code     0  startup_stm32f10x_md.o(.text)
    SPI1_IRQHandler                          0x080042f7   Thumb Code     0  startup_stm32f10x_md.o(.text)
    SPI2_IRQHandler                          0x080042f7   Thumb Code     0  startup_stm32f10x_md.o(.text)
    TAMPER_IRQHandler                        0x080042f7   Thumb Code     0  startup_stm32f10x_md.o(.text)
    TIM1_BRK_IRQHandler                      0x080042f7   Thumb Code     0  startup_stm32f10x_md.o(.text)
    TIM1_CC_IRQHandler                       0x080042f7   Thumb Code     0  startup_stm32f10x_md.o(.text)
    TIM1_TRG_COM_IRQHandler                  0x080042f7   Thumb Code     0  startup_stm32f10x_md.o(.text)
    TIM1_UP_IRQHandler                       0x080042f7   Thumb Code     0  startup_stm32f10x_md.o(.text)
    TIM2_IRQHandler                          0x080042f7   Thumb Code     0  startup_stm32f10x_md.o(.text)
    TIM4_IRQHandler                          0x080042f7   Thumb Code     0  startup_stm32f10x_md.o(.text)
    USART2_IRQHandler                        0x080042f7   Thumb Code     0  startup_stm32f10x_md.o(.text)
    USART3_IRQHandler                        0x080042f7   Thumb Code     0  startup_stm32f10x_md.o(.text)
    USBWakeUp_IRQHandler                     0x080042f7   Thumb Code     0  startup_stm32f10x_md.o(.text)
    USB_HP_CAN1_TX_IRQHandler                0x080042f7   Thumb Code     0  startup_stm32f10x_md.o(.text)
    WWDG_IRQHandler                          0x080042f7   Thumb Code     0  startup_stm32f10x_md.o(.text)
    __user_initial_stackheap                 0x080042f9   Thumb Code     0  startup_stm32f10x_md.o(.text)
    __user_libspace                          0x0800431d   Thumb Code     8  libspace.o(.text)
    __user_perproc_libspace                  0x0800431d   Thumb Code     0  libspace.o(.text)
    __aeabi_memcpy                           0x08004325   Thumb Code     0  rt_memcpy_v6.o(.text)
    __rt_memcpy                              0x08004325   Thumb Code   138  rt_memcpy_v6.o(.text)
    _memcpy_lastbytes                        0x0800438b   Thumb Code     0  rt_memcpy_v6.o(.text)
    __aeabi_memclr                           0x080043af   Thumb Code     0  rt_memclr.o(.text)
    __rt_memclr                              0x080043af   Thumb Code    68  rt_memclr.o(.text)
    _memset                                  0x080043b3   Thumb Code     0  rt_memclr.o(.text)
    __use_two_region_memory                  0x080043f3   Thumb Code     2  heapauxi.o(.text)
    __rt_heap_escrow$2region                 0x080043f5   Thumb Code     2  heapauxi.o(.text)
    __rt_heap_expand$2region                 0x080043f7   Thumb Code     2  heapauxi.o(.text)
    __aeabi_memcpy4                          0x080043f9   Thumb Code     0  rt_memcpy_w.o(.text)
    __aeabi_memcpy8                          0x080043f9   Thumb Code     0  rt_memcpy_w.o(.text)
    __rt_memcpy_w                            0x080043f9   Thumb Code   100  rt_memcpy_w.o(.text)
    _memcpy_lastbytes_aligned                0x08004441   Thumb Code     0  rt_memcpy_w.o(.text)
    __aeabi_memclr4                          0x0800445d   Thumb Code     0  rt_memclr_w.o(.text)
    __aeabi_memclr8                          0x0800445d   Thumb Code     0  rt_memclr_w.o(.text)
    __rt_memclr_w                            0x0800445d   Thumb Code    78  rt_memclr_w.o(.text)
    _memset_w                                0x08004461   Thumb Code     0  rt_memclr_w.o(.text)
    __user_setup_stackheap                   0x080044ab   Thumb Code    74  sys_stackheap_outer.o(.text)
    exit                                     0x080044f5   Thumb Code    18  exit.o(.text)
    _sys_exit                                0x08004509   Thumb Code     8  sys_exit.o(.text)
    __I$use$semihosting                      0x08004515   Thumb Code     0  use_no_semi.o(.text)
    __use_no_semihosting_swi                 0x08004515   Thumb Code     2  use_no_semi.o(.text)
    __semihosting_library_function           0x08004517   Thumb Code     0  indicate_semi.o(.text)
    SVC_Count                                0x08004518   Data           4  svc_table.o(SVC_TABLE)
    SVC_Table                                0x0800451c   Data           0  svc_table.o(SVC_TABLE)
    CalcCRC16                                0x08004521   Thumb Code    54  crc16.o(i.CalcCRC16)
    CommunicationTask                        0x08004559   Thumb Code    20  application.o(i.CommunicationTask)
    EP_Reset                                 0x08004681   Thumb Code    34  usbd_stm32f103.o(i.EP_Reset)
    EP_Status                                0x080046a9   Thumb Code    46  usbd_stm32f103.o(i.EP_Status)
    EXTI15_10_IRQHandler                     0x080046dd   Thumb Code    48  button.o(i.EXTI15_10_IRQHandler)
    EXTI_GetITStatus                         0x08004715   Thumb Code    28  stm32f10x_exti.o(i.EXTI_GetITStatus)
    EXTI_Init                                0x08004735   Thumb Code   108  stm32f10x_exti.o(i.EXTI_Init)
    ExecCommand                              0x080047a5   Thumb Code   700  command.o(i.ExecCommand)
    FLASH_ClearFlag                          0x08004a69   Thumb Code     6  stm32f10x_flash.o(i.FLASH_ClearFlag)
    FLASH_ErasePage                          0x08004a75   Thumb Code    56  stm32f10x_flash.o(i.FLASH_ErasePage)
    FLASH_GetBank1Status                     0x08004ab1   Thumb Code    34  stm32f10x_flash.o(i.FLASH_GetBank1Status)
    FLASH_Lock                               0x08004ad9   Thumb Code    12  stm32f10x_flash.o(i.FLASH_Lock)
    FLASH_ProgramHalfWord                    0x08004ae9   Thumb Code    48  stm32f10x_flash.o(i.FLASH_ProgramHalfWord)
    FLASH_ProgramWord                        0x08004b1d   Thumb Code    76  stm32f10x_flash.o(i.FLASH_ProgramWord)
    FLASH_Unlock                             0x08004b6d   Thumb Code    12  stm32f10x_flash.o(i.FLASH_Unlock)
    FLASH_WaitForLastOperation               0x08004b85   Thumb Code    36  stm32f10x_flash.o(i.FLASH_WaitForLastOperation)
    GPIO_EXTILineConfig                      0x08004ba9   Thumb Code    34  stm32f10x_gpio.o(i.GPIO_EXTILineConfig)
    GPIO_Init                                0x08004bd1   Thumb Code   162  stm32f10x_gpio.o(i.GPIO_Init)
    GPIO_PinRemapConfig                      0x08004c75   Thumb Code    82  stm32f10x_gpio.o(i.GPIO_PinRemapConfig)
    GPIO_ReadInputDataBit                    0x08004ccd   Thumb Code    14  stm32f10x_gpio.o(i.GPIO_ReadInputDataBit)
    GPIO_ResetBits                           0x08004cdb   Thumb Code     4  stm32f10x_gpio.o(i.GPIO_ResetBits)
    GPIO_SetBits                             0x08004cdf   Thumb Code     4  stm32f10x_gpio.o(i.GPIO_SetBits)
    HandleCurrentMessage                     0x08004ce5   Thumb Code   230  messageproc.o(i.HandleCurrentMessage)
    IWDG_Enable                              0x08004ddd   Thumb Code    10  stm32f10x_iwdg.o(i.IWDG_Enable)
    IWDG_Feed                                0x08004ded   Thumb Code     4  iwdg.o(i.IWDG_Feed)
    IWDG_Init                                0x08004df1   Thumb Code    38  iwdg.o(i.IWDG_Init)
    IWDG_ReloadCounter                       0x08004e19   Thumb Code    10  stm32f10x_iwdg.o(i.IWDG_ReloadCounter)
    IWDG_SetPrescaler                        0x08004e29   Thumb Code     6  stm32f10x_iwdg.o(i.IWDG_SetPrescaler)
    IWDG_SetReload                           0x08004e35   Thumb Code     6  stm32f10x_iwdg.o(i.IWDG_SetReload)
    IWDG_WriteAccessCmd                      0x08004e41   Thumb Code     6  stm32f10x_iwdg.o(i.IWDG_WriteAccessCmd)
    IdleTask                                 0x08004e4d   Thumb Code   142  application.o(i.IdleTask)
    InitTask                                 0x08004ef1   Thumb Code    74  application.o(i.InitTask)
    InitUserDataROM                          0x08004f51   Thumb Code   150  userdata.o(i.InitUserDataROM)
    LED_Off                                  0x08005001   Thumb Code    32  led.o(i.LED_Off)
    LED_On                                   0x08005025   Thumb Code    32  led.o(i.LED_On)
    LED_ToggleState                          0x08005049   Thumb Code    20  led.o(i.LED_ToggleState)
    LEDs_Init                                0x08005061   Thumb Code    70  led.o(i.LEDs_Init)
    MoveCardTask                             0x08005179   Thumb Code   278  application.o(i.MoveCardTask)
    NVIC_SetVectorTable                      0x080052b5   Thumb Code    12  misc.o(i.NVIC_SetVectorTable)
    OutputStatusDetail                       0x080052c9   Thumb Code   152  messageproc.o(i.OutputStatusDetail)
    PerformanceTestTask                      0x08005369   Thumb Code   276  application.o(i.PerformanceTestTask)
    PositionSlot                             0x08005491   Thumb Code   124  application.o(i.PositionSlot)
    ProgramCardInfoSlot                      0x08005511   Thumb Code    22  userdata.o(i.ProgramCardInfoSlot)
    ProgramDefaultControlParameters          0x0800552d   Thumb Code    20  userdata.o(i.ProgramDefaultControlParameters)
    ProgramDeviceInfo                        0x08005549   Thumb Code    20  userdata.o(i.ProgramDeviceInfo)
    ProgramRetainCount                       0x08005561   Thumb Code    20  userdata.o(i.ProgramRetainCount)
    ProgramSlotSettings                      0x08005579   Thumb Code    20  userdata.o(i.ProgramSlotSettings)
    ProgrmaControlParameters                 0x08005591   Thumb Code    20  userdata.o(i.ProgrmaControlParameters)
    RCC_APB1PeriphClockCmd                   0x080055a9   Thumb Code    18  stm32f10x_rcc.o(i.RCC_APB1PeriphClockCmd)
    RCC_APB2PeriphClockCmd                   0x080055c1   Thumb Code    18  stm32f10x_rcc.o(i.RCC_APB2PeriphClockCmd)
    RCC_GetClocksFreq                        0x080055d9   Thumb Code   128  stm32f10x_rcc.o(i.RCC_GetClocksFreq)
    ReadCardInfoSlot                         0x08005669   Thumb Code    12  userdata.o(i.ReadCardInfoSlot)
    ReadControlParameters                    0x08005679   Thumb Code    10  userdata.o(i.ReadControlParameters)
    ReadDeviceInfo                           0x08005689   Thumb Code    10  userdata.o(i.ReadDeviceInfo)
    ReadRetainCount                          0x08005699   Thumb Code    10  userdata.o(i.ReadRetainCount)
    ReadSlotSettings                         0x080056a9   Thumb Code    10  userdata.o(i.ReadSlotSettings)
    ResetButton_Enable                       0x080056b9   Thumb Code    84  button.o(i.ResetButton_Enable)
    ResetCam                                 0x08005715   Thumb Code    74  application.o(i.ResetCam)
    ResetDeviceTask                          0x08005765   Thumb Code   180  application.o(i.ResetDeviceTask)
    SelectSlotTask                           0x080058a1   Thumb Code    60  application.o(i.SelectSlotTask)
    Sensor_Read                              0x080058e9   Thumb Code    80  sensor.o(i.Sensor_Read)
    Sensors_Init                             0x08005941   Thumb Code   128  sensor.o(i.Sensors_Init)
    SetStackToBottom                         0x080059c9   Thumb Code    72  application.o(i.SetStackToBottom)
    SetStackToTop                            0x08005a15   Thumb Code    58  application.o(i.SetStackToTop)
    StartMoveCard                            0x08005afd   Thumb Code    66  application.o(i.StartMoveCard)
    StartPerformanceTest                     0x08005b55   Thumb Code    64  application.o(i.StartPerformanceTest)
    StartResetDevice                         0x08005ba9   Thumb Code    60  application.o(i.StartResetDevice)
    StartSelectSlot                          0x08005bf9   Thumb Code    62  application.o(i.StartSelectSlot)
    Stepper_IsRunning                        0x08005cb5   Thumb Code    12  stepper.o(i.Stepper_IsRunning)
    Stepper_SetDirection                     0x08005cc5   Thumb Code    28  stepper.o(i.Stepper_SetDirection)
    Stepper_SetLowVelocity                   0x08005ce5   Thumb Code    26  stepper.o(i.Stepper_SetLowVelocity)
    Stepper_Start                            0x08005d05   Thumb Code   174  stepper.o(i.Stepper_Start)
    Stepper_Stop                             0x08005dc5   Thumb Code    68  stepper.o(i.Stepper_Stop)
    Steppers_Init                            0x08005e15   Thumb Code   244  stepper.o(i.Steppers_Init)
    StopMoveCard                             0x08005f11   Thumb Code    34  application.o(i.StopMoveCard)
    SystemInit                               0x08005f41   Thumb Code    64  system_stm32f10x.o(i.SystemInit)
    TIM3_IRQHandler                          0x08005f91   Thumb Code    84  stepper.o(i.TIM3_IRQHandler)
    TIM_ARRPreloadConfig                     0x08005ff1   Thumb Code    20  stm32f10x_tim.o(i.TIM_ARRPreloadConfig)
    TIM_ClearFlag                            0x08006005   Thumb Code     6  stm32f10x_tim.o(i.TIM_ClearFlag)
    TIM_ClearITPendingBit                    0x0800600b   Thumb Code     6  stm32f10x_tim.o(i.TIM_ClearITPendingBit)
    TIM_Cmd                                  0x08006011   Thumb Code    20  stm32f10x_tim.o(i.TIM_Cmd)
    TIM_GetITStatus                          0x08006025   Thumb Code    24  stm32f10x_tim.o(i.TIM_GetITStatus)
    TIM_ITConfig                             0x0800603d   Thumb Code    16  stm32f10x_tim.o(i.TIM_ITConfig)
    TIM_OC1Init                              0x0800604d   Thumb Code   106  stm32f10x_tim.o(i.TIM_OC1Init)
    TIM_OC1PreloadConfig                     0x080060cd   Thumb Code    12  stm32f10x_tim.o(i.TIM_OC1PreloadConfig)
    TIM_OC2Init                              0x080060d9   Thumb Code   120  stm32f10x_tim.o(i.TIM_OC2Init)
    TIM_OC2PreloadConfig                     0x08006159   Thumb Code    20  stm32f10x_tim.o(i.TIM_OC2PreloadConfig)
    TIM_SetAutoreload                        0x0800616d   Thumb Code     4  stm32f10x_tim.o(i.TIM_SetAutoreload)
    TIM_SetCompare1                          0x08006171   Thumb Code     4  stm32f10x_tim.o(i.TIM_SetCompare1)
    TIM_SetCompare2                          0x08006175   Thumb Code     4  stm32f10x_tim.o(i.TIM_SetCompare2)
    TIM_SetCounter                           0x08006179   Thumb Code     4  stm32f10x_tim.o(i.TIM_SetCounter)
    TIM_TimeBaseInit                         0x0800617d   Thumb Code   114  stm32f10x_tim.o(i.TIM_TimeBaseInit)
    USART1_IRQHandler                        0x080062c5   Thumb Code    84  usart.o(i.USART1_IRQHandler)
    USART1_Init                              0x08006321   Thumb Code   134  usart.o(i.USART1_Init)
    USART1_Send                              0x080063b5   Thumb Code    52  usart.o(i.USART1_Send)
    USART_ClearFlag                          0x080063ed   Thumb Code     6  stm32f10x_usart.o(i.USART_ClearFlag)
    USART_Cmd                                0x080063f3   Thumb Code    20  stm32f10x_usart.o(i.USART_Cmd)
    USART_GetFlagStatus                      0x08006407   Thumb Code    14  stm32f10x_usart.o(i.USART_GetFlagStatus)
    USART_GetITStatus                        0x08006415   Thumb Code    62  stm32f10x_usart.o(i.USART_GetITStatus)
    USART_ITConfig                           0x08006453   Thumb Code    48  stm32f10x_usart.o(i.USART_ITConfig)
    USART_Init                               0x08006485   Thumb Code   166  stm32f10x_usart.o(i.USART_Init)
    USART_ReceiveData                        0x08006531   Thumb Code     8  stm32f10x_usart.o(i.USART_ReceiveData)
    USART_SendData                           0x08006539   Thumb Code     8  stm32f10x_usart.o(i.USART_SendData)
    USBD_ClrStallEP                          0x08006541   Thumb Code    22  usbd_stm32f103.o(i.USBD_ClrStallEP)
    USBD_ConfigEP                            0x08006559   Thumb Code   136  usbd_stm32f103.o(i.USBD_ConfigEP)
    USBD_Configure                           0x080065e9   Thumb Code    12  usbd_stm32f103.o(i.USBD_Configure)
    USBD_Connect                             0x080065f9   Thumb Code    28  usbd_stm32f103.o(i.USBD_Connect)
    USBD_DataInStage                         0x08006619   Thumb Code    48  usbd_core.o(i.USBD_DataInStage)
    USBD_DataOutStage                        0x08006651   Thumb Code    26  usbd_core.o(i.USBD_DataOutStage)
    USBD_DirCtrlEP                           0x08006671   Thumb Code     2  usbd_stm32f103.o(i.USBD_DirCtrlEP)
    USBD_DisableEP                           0x08006673   Thumb Code     6  usbd_stm32f103.o(i.USBD_DisableEP)
    USBD_EnableEP                            0x08006679   Thumb Code     8  usbd_stm32f103.o(i.USBD_EnableEP)
    USBD_EndPoint0                           0x08006681   Thumb Code   588  usbd_core.o(i.USBD_EndPoint0)
    USBD_EndPoint0_Out_ADC_ReqToEP           0x080068e5   Thumb Code     4  usb_config.o(i.USBD_EndPoint0_Out_ADC_ReqToEP)
    USBD_EndPoint0_Out_ADC_ReqToIF           0x080068e9   Thumb Code     4  usb_config.o(i.USBD_EndPoint0_Out_ADC_ReqToIF)
    USBD_EndPoint0_Out_CDC_ReqToIF           0x080068ed   Thumb Code     4  usb_config.o(i.USBD_EndPoint0_Out_CDC_ReqToIF)
    USBD_EndPoint0_Out_CLS_ReqToDEV          0x080068f1   Thumb Code     4  usb_config.o(i.USBD_EndPoint0_Out_CLS_ReqToDEV)
    USBD_EndPoint0_Out_CLS_ReqToEP           0x080068f5   Thumb Code     4  usb_config.o(i.USBD_EndPoint0_Out_CLS_ReqToEP)
    USBD_EndPoint0_Out_CLS_ReqToIF           0x080068f9   Thumb Code     4  usb_config.o(i.USBD_EndPoint0_Out_CLS_ReqToIF)
    USBD_EndPoint0_Out_HID_ReqToIF           0x080068fd   Thumb Code    38  usbd_core_hid.o(i.USBD_EndPoint0_Out_HID_ReqToIF)
    USBD_EndPoint0_Setup_ADC_ReqToEP         0x0800692d   Thumb Code     4  usb_config.o(i.USBD_EndPoint0_Setup_ADC_ReqToEP)
    USBD_EndPoint0_Setup_ADC_ReqToIF         0x08006931   Thumb Code     4  usb_config.o(i.USBD_EndPoint0_Setup_ADC_ReqToIF)
    USBD_EndPoint0_Setup_CDC_ReqToIF         0x08006935   Thumb Code     4  usb_config.o(i.USBD_EndPoint0_Setup_CDC_ReqToIF)
    USBD_EndPoint0_Setup_CLS_ReqToDEV        0x08006939   Thumb Code     4  usb_config.o(i.USBD_EndPoint0_Setup_CLS_ReqToDEV)
    USBD_EndPoint0_Setup_CLS_ReqToEP         0x0800693d   Thumb Code     4  usb_config.o(i.USBD_EndPoint0_Setup_CLS_ReqToEP)
    USBD_EndPoint0_Setup_CLS_ReqToIF         0x08006941   Thumb Code     4  usb_config.o(i.USBD_EndPoint0_Setup_CLS_ReqToIF)
    USBD_EndPoint0_Setup_HID_ReqToIF         0x08006945   Thumb Code   144  usbd_core_hid.o(i.USBD_EndPoint0_Setup_HID_ReqToIF)
    USBD_EndPoint0_Setup_MSC_ReqToIF         0x080069f1   Thumb Code     4  usb_config.o(i.USBD_EndPoint0_Setup_MSC_ReqToIF)
    USBD_HID_Configure_Event                 0x080069f5   Thumb Code    34  usbd_hid.o(i.USBD_HID_Configure_Event)
    USBD_HID_EP_INTIN_Event                  0x08006a1d   Thumb Code   326  usbd_hid.o(i.USBD_HID_EP_INTIN_Event)
    USBD_HID_GetIdle                         0x08006b81   Thumb Code    16  usbd_hid.o(i.USBD_HID_GetIdle)
    USBD_HID_GetProtocol                     0x08006b9d   Thumb Code    14  usbd_hid.o(i.USBD_HID_GetProtocol)
    USBD_HID_GetReport                       0x08006bb1   Thumb Code    46  usbd_hid.o(i.USBD_HID_GetReport)
    USBD_HID_SOF_Event                       0x08006bed   Thumb Code   288  usbd_hid.o(i.USBD_HID_SOF_Event)
    USBD_HID_SetIdle                         0x08006d35   Thumb Code    42  usbd_hid.o(i.USBD_HID_SetIdle)
    USBD_HID_SetProtocol                     0x08006d71   Thumb Code    14  usbd_hid.o(i.USBD_HID_SetProtocol)
    USBD_HID_SetReport                       0x08006d85   Thumb Code    50  usbd_hid.o(i.USBD_HID_SetReport)
    USBD_Init                                0x08006dc5   Thumb Code    14  usbd_stm32f103.o(i.USBD_Init)
    USBD_RTX_Core                            0x08006dd5   Thumb Code    32  usb_config.o(i.USBD_RTX_Core)
    USBD_RTX_Device                          0x08006dfd   Thumb Code    32  usb_config.o(i.USBD_RTX_Device)
    USBD_RTX_EndPoint0                       0x08006e25   Thumb Code    22  usbd_core.o(i.USBD_RTX_EndPoint0)
    USBD_RTX_HID_EP_INTIN_Event              0x08006e3b   Thumb Code    28  usbd_hid.o(i.USBD_RTX_HID_EP_INTIN_Event)
    USBD_RTX_TaskInit                        0x08006e59   Thumb Code   106  usb_config.o(i.USBD_RTX_TaskInit)
    USBD_ReadEP                              0x08006ee1   Thumb Code    64  usbd_stm32f103.o(i.USBD_ReadEP)
    USBD_ReqClrFeature_MSC                   0x08006f29   Thumb Code     2  usb_config.o(i.USBD_ReqClrFeature_MSC)
    USBD_ReqGetDescriptor                    0x08006f2d   Thumb Code   260  usbd_core.o(i.USBD_ReqGetDescriptor)
    USBD_ReqGetDescriptor_HID                0x0800705d   Thumb Code    90  usbd_core_hid.o(i.USBD_ReqGetDescriptor_HID)
    USBD_ReqGetStatus                        0x080070e1   Thumb Code   116  usbd_core.o(i.USBD_ReqGetStatus)
    USBD_ReqSetClrFeature                    0x0800715d   Thumb Code   168  usbd_core.o(i.USBD_ReqSetClrFeature)
    USBD_ReqSetConfiguration                 0x08007209   Thumb Code   376  usbd_core.o(i.USBD_ReqSetConfiguration)
    USBD_ReqSetInterface                     0x08007399   Thumb Code   280  usbd_core.o(i.USBD_ReqSetInterface)
    USBD_Reset                               0x080074c5   Thumb Code   126  usbd_stm32f103.o(i.USBD_Reset)
    USBD_ResetEP                             0x0800755d   Thumb Code     4  usbd_stm32f103.o(i.USBD_ResetEP)
    USBD_SetAddress                          0x08007561   Thumb Code    14  usbd_stm32f103.o(i.USBD_SetAddress)
    USBD_SetStallEP                          0x08007575   Thumb Code     8  usbd_stm32f103.o(i.USBD_SetStallEP)
    USBD_SetupStage                          0x0800757d   Thumb Code     8  usbd_core.o(i.USBD_SetupStage)
    USBD_StatusInStage                       0x08007589   Thumb Code    10  usbd_core.o(i.USBD_StatusInStage)
    USBD_StatusOutStage                      0x08007595   Thumb Code     8  usbd_core.o(i.USBD_StatusOutStage)
    USBD_Suspend                             0x080075a1   Thumb Code    20  usbd_stm32f103.o(i.USBD_Suspend)
    USBD_WakeUp                              0x080075b9   Thumb Code    12  usbd_stm32f103.o(i.USBD_WakeUp)
    USBD_WakeUpCfg                           0x080075c9   Thumb Code     2  usbd_stm32f103.o(i.USBD_WakeUpCfg)
    USBD_WriteEP                             0x080075cd   Thumb Code    86  usbd_stm32f103.o(i.USBD_WriteEP)
    USB_LP_CAN1_RX0_IRQHandler               0x08007631   Thumb Code   260  usbd_stm32f103.o(i.USB_LP_CAN1_RX0_IRQHandler)
    UpdateSensorData                         0x08007749   Thumb Code    74  application.o(i.UpdateSensorData)
    User_HID_Send                            0x08007799   Thumb Code    62  usbd_user_hid.o(i.User_HID_Send)
    WaitForMessage                           0x080077e1   Thumb Code   364  messageproc.o(i.WaitForMessage)
    __SVC_1                                  0x08007961   Thumb Code    14  usbd_stm32f103.o(i.__SVC_1)
    _init_box                                0x0800796f   Thumb Code    70  rt_membox.o(i._init_box)
    _mutex_acquire                           0x080079b5   Thumb Code    26  rtx_conf_cm.o(i._mutex_acquire)
    _mutex_release                           0x080079d5   Thumb Code    22  rtx_conf_cm.o(i._mutex_release)
    dbg_init                                 0x080079f1   Thumb Code    34  hal_cm3.o(i.dbg_init)
    dbg_task_notify                          0x08007a21   Thumb Code    32  hal_cm3.o(i.dbg_task_notify)
    dbg_task_switch                          0x08007a41   Thumb Code    16  hal_cm3.o(i.dbg_task_switch)
    isr_evt_set                              0x08007a51   Thumb Code    34  rt_event.o(i.isr_evt_set)
    main                                     0x08007a79   Thumb Code    72  application.o(i.main)
    os_error                                 0x08007ac9   Thumb Code     2  rtx_conf_cm.o(i.os_error)
    os_idle_demon                            0x08007acb   Thumb Code     2  rtx_conf_cm.o(i.os_idle_demon)
    os_tick_init                             0x08007acd   Thumb Code    32  rt_system.o(i.os_tick_init)
    os_tick_irqack                           0x08007af5   Thumb Code     2  rt_system.o(i.os_tick_irqack)
    os_tmr_call                              0x08007af7   Thumb Code     2  rtx_conf_cm.o(i.os_tmr_call)
    rt_alloc_box                             0x08007af9   Thumb Code    26  rt_membox.o(i.rt_alloc_box)
    rt_block                                 0x08007b15   Thumb Code    48  rt_task.o(i.rt_block)
    rt_chk_robin                             0x08007b4d   Thumb Code     2  rtx_conf_cm.o(i.rt_chk_robin)
    rt_dec_dly                               0x08007b51   Thumb Code   106  rt_list.o(i.rt_dec_dly)
    rt_dispatch                              0x08007bc5   Thumb Code    60  rt_task.o(i.rt_dispatch)
    rt_dly_wait                              0x08007c09   Thumb Code     6  rt_time.o(i.rt_dly_wait)
    rt_evt_get                               0x08007c11   Thumb Code     8  rt_event.o(i.rt_evt_get)
    rt_evt_psh                               0x08007c1d   Thumb Code    72  rt_event.o(i.rt_evt_psh)
    rt_evt_set                               0x08007c69   Thumb Code    90  rt_event.o(i.rt_evt_set)
    rt_evt_wait                              0x08007cc9   Thumb Code    56  rt_event.o(i.rt_evt_wait)
    rt_free_box                              0x08007d05   Thumb Code    32  rt_membox.o(i.rt_free_box)
    rt_get_first                             0x08007d25   Thumb Code    40  rt_list.o(i.rt_get_first)
    rt_get_same_rdy_prio                     0x08007d4d   Thumb Code    26  rt_list.o(i.rt_get_same_rdy_prio)
    rt_init_robin                            0x08007dbd   Thumb Code     2  rtx_conf_cm.o(i.rt_init_robin)
    rt_init_stack                            0x08007dc1   Thumb Code    70  hal_cm3.o(i.rt_init_stack)
    rt_mbx_psh                               0x08007e11   Thumb Code   206  rt_mailbox.o(i.rt_mbx_psh)
    rt_mut_release                           0x08007ee5   Thumb Code   220  rt_mutex.o(i.rt_mut_release)
    rt_mut_wait                              0x08007fc9   Thumb Code   100  rt_mutex.o(i.rt_mut_wait)
    rt_pop_req                               0x08008031   Thumb Code   112  rt_system.o(i.rt_pop_req)
    rt_psh_req                               0x080080ad   Thumb Code    22  rt_system.o(i.rt_psh_req)
    rt_psq_enq                               0x080080cd   Thumb Code    88  rt_list.o(i.rt_psq_enq)
    rt_put_dly                               0x08008129   Thumb Code    68  rt_list.o(i.rt_put_dly)
    rt_put_prio                              0x08008171   Thumb Code    54  rt_list.o(i.rt_put_prio)
    rt_put_rdy_first                         0x080081a9   Thumb Code    14  rt_list.o(i.rt_put_rdy_first)
    rt_resort_prio                           0x080081bd   Thumb Code    46  rt_list.o(i.rt_resort_prio)
    rt_rmv_dly                               0x080081f1   Thumb Code    40  rt_list.o(i.rt_rmv_dly)
    rt_rmv_list                              0x08008219   Thumb Code    44  rt_list.o(i.rt_rmv_list)
    rt_sem_init                              0x08008249   Thumb Code    12  rt_semaphore.o(i.rt_sem_init)
    rt_sem_psh                               0x08008255   Thumb Code    46  rt_semaphore.o(i.rt_sem_psh)
    rt_sem_send                              0x08008289   Thumb Code    52  rt_semaphore.o(i.rt_sem_send)
    rt_sem_wait                              0x080082c1   Thumb Code    58  rt_semaphore.o(i.rt_sem_wait)
    rt_stk_check                             0x08008301   Thumb Code    28  rt_system.o(i.rt_stk_check)
    rt_switch_req                            0x08008325   Thumb Code    30  rt_task.o(i.rt_switch_req)
    rt_sys_init                              0x0800834d   Thumb Code   268  rt_task.o(i.rt_sys_init)
    rt_systick                               0x080084a1   Thumb Code    50  rt_system.o(i.rt_systick)
    rt_time_get                              0x080084e1   Thumb Code     6  rt_time.o(i.rt_time_get)
    rt_tmr_tick                              0x080084ed   Thumb Code    56  rt_timer.o(i.rt_tmr_tick)
    rt_tsk_create                            0x0800852d   Thumb Code   122  rt_task.o(i.rt_tsk_create)
    rt_tsk_delete                            0x080085bd   Thumb Code   336  rt_task.o(i.rt_tsk_delete)
    rt_tsk_pass                              0x08008729   Thumb Code    38  rt_task.o(i.rt_tsk_pass)
    rt_tsk_prio                              0x08008759   Thumb Code   122  rt_task.o(i.rt_tsk_prio)
    rt_tsk_self                              0x080087e5   Thumb Code    12  rt_task.o(i.rt_tsk_self)
    usbd_class_init                          0x080087f5   Thumb Code     4  usb_config.o(i.usbd_class_init)
    usbd_connect                             0x080087f9   Thumb Code     4  usbd_core.o(i.usbd_connect)
    usbd_hid_get_protocol                    0x080087fd   Thumb Code     4  usbd_hid.o(i.usbd_hid_get_protocol)
    usbd_hid_get_report                      0x08008801   Thumb Code    22  usbd_user_hid.o(i.usbd_hid_get_report)
    usbd_hid_get_report_trigger              0x0800881d   Thumb Code   132  usbd_hid.o(i.usbd_hid_get_report_trigger)
    usbd_hid_init                            0x080088b9   Thumb Code     2  usbd_user_hid.o(i.usbd_hid_init)
    usbd_hid_set_protocol                    0x080088bb   Thumb Code     2  usbd_hid.o(i.usbd_hid_set_protocol)
    usbd_hid_set_report                      0x080088bd   Thumb Code    68  usbd_user_hid.o(i.usbd_hid_set_report)
    usbd_init                                0x08008909   Thumb Code    24  usbd_core.o(i.usbd_init)
    usbd_os_evt_get                          0x08008925   Thumb Code     8  usb_config.o(i.usbd_os_evt_get)
    usbd_os_evt_set                          0x08008931   Thumb Code    12  usb_config.o(i.usbd_os_evt_set)
    usbd_os_evt_wait_or                      0x08008941   Thumb Code    10  usb_config.o(i.usbd_os_evt_wait_or)
    usbd_reset_core                          0x08008951   Thumb Code    26  usbd_core.o(i.usbd_reset_core)
    c_appStatusRef                           0x08008974   Data           4  application.o(.constdata)
    c_sensorDataRef                          0x08008978   Data           4  application.o(.constdata)
    c_verData                                0x0800897c   Data          33  application.o(.constdata)
    _cSlotSenFlags                           0x0800899e   Data          10  application.o(.constdata)
    _cLEDs                                   0x080089a8   Data          80  led.o(.constdata)
    _cDrivers                                0x080089f8   Data          48  stepper.o(.constdata)
    _defaultControlParameters                0x08008a28   Data          20  userdata.o(.constdata)
    _defaultCardInfoA                        0x08008a3c   Data          56  userdata.o(.constdata)
    _defaultSlotsFunc                        0x08008a74   Data          16  userdata.o(.constdata)
    _defaultDeviceInfo                       0x08008a84   Data          30  userdata.o(.constdata)
    os_maxtaskrun                            0x08008aa2   Data           2  rtx_conf_cm.o(.constdata)
    os_stackinfo                             0x08008aa4   Data           4  rtx_conf_cm.o(.constdata)
    os_trv                                   0x08008aa8   Data           4  rtx_conf_cm.o(.constdata)
    os_flags                                 0x08008aac   Data           1  rtx_conf_cm.o(.constdata)
    os_clockrate                             0x08008ab0   Data           4  rtx_conf_cm.o(.constdata)
    os_timernum                              0x08008ab4   Data           4  rtx_conf_cm.o(.constdata)
    mp_tcb_size                              0x08008ab8   Data           2  rtx_conf_cm.o(.constdata)
    mp_stk_size                              0x08008abc   Data           4  rtx_conf_cm.o(.constdata)
    os_fifo_size                             0x08008ac0   Data           1  rtx_conf_cm.o(.constdata)
    mp_tmr_size                              0x08008ac2   Data           2  rtx_conf_cm.o(.constdata)
    usbd_power                               0x08008ac4   Data           1  usb_config.o(.constdata)
    usbd_hs_enable                           0x08008ac5   Data           1  usb_config.o(.constdata)
    usbd_if_num                              0x08008ac6   Data           2  usb_config.o(.constdata)
    usbd_max_packet0                         0x08008ac8   Data           1  usb_config.o(.constdata)
    usbd_hid_if_num                          0x08008ac9   Data           1  usb_config.o(.constdata)
    usbd_hid_ep_intin                        0x08008aca   Data           1  usb_config.o(.constdata)
    usbd_hid_interval                        0x08008acc   Data           4  usb_config.o(.constdata)
    usbd_hid_maxpacketsize                   0x08008ad0   Data           4  usb_config.o(.constdata)
    usbd_hid_inreport_num                    0x08008ad4   Data           1  usb_config.o(.constdata)
    usbd_hid_inreport_max_sz                 0x08008ad6   Data           2  usb_config.o(.constdata)
    USBD_P_Configure_Event                   0x08008ad8   Data           4  usb_config.o(.constdata)
    USBD_P_Interface_Event                   0x08008adc   Data           4  usb_config.o(.constdata)
    USBD_P_Feature_Event                     0x08008ae0   Data           4  usb_config.o(.constdata)
    __rtx                                    0x08008ae4   Data           4  usb_config.o(.constdata)
    USBD_RTX_P_Device                        0x08008ae8   Data           4  usb_config.o(.constdata)
    USBD_RTX_P_Core                          0x08008aec   Data           4  usb_config.o(.constdata)
    USBD_RTX_P_EP                            0x08008af0   Data          64  usb_config.o(.constdata)
    USBD_HID_ReportDescriptor                0x08008b30   Data          33  usb_config.o(.constdata)
    USBD_HID_ReportDescriptorSize            0x08008b52   Data           2  usb_config.o(.constdata)
    USBD_HID_DescriptorOffset                0x08008b54   Data           2  usb_config.o(.constdata)
    USBD_DeviceDescriptor                    0x08008b56   Data          18  usb_config.o(.constdata)
    USBD_DeviceQualifier                     0x08008b68   Data           1  usb_config.o(.constdata)
    USBD_DeviceQualifier_HS                  0x08008b69   Data           1  usb_config.o(.constdata)
    USBD_ConfigDescriptor                    0x08008b6a   Data          35  usb_config.o(.constdata)
    USBD_ConfigDescriptor_HS                 0x08008b8d   Data           1  usb_config.o(.constdata)
    USBD_OtherSpeedConfigDescriptor          0x08008b8e   Data           1  usb_config.o(.constdata)
    USBD_OtherSpeedConfigDescriptor_HS       0x08008b8f   Data           1  usb_config.o(.constdata)
    USBD_StringDescriptor                    0x08008b90   Data          96  usb_config.o(.constdata)
    RL_RTX_Version                           0x08008bf0   Data           4  rt_system.o(.constdata)
    Region$$Table$$Base                      0x08008bf4   Number         0  anon$$obj.o(Region$$Table)
    Region$$Table$$Limit                     0x08008c14   Number         0  anon$$obj.o(Region$$Table)
    _sensorData                              0x20000004   Data           8  application.o(.data)
    _appStatus                               0x2000003c   Data          20  application.o(.data)
    _inQue                                   0x20000050   Data           4  messageproc.o(.data)
    FreeBufAddr                              0x20000058   Data           2  usbd_stm32f103.o(.data)
    pBUF_DSCR                                0x2000005c   Data           4  usbd_stm32f103.o(.data)
    LastError                                0x20000060   Data           4  usbd_stm32f103.o(.data)
    feat                                     0x20000064   Data           1  usbd_user_hid.o(.data)
    m_tmr                                    0x20000068   Data           4  rtx_conf_cm.o(.data)
    USBD_AltSetting                          0x2000006c   Data           1  usb_config.o(.data)
    USBD_HID_PollingCnt                      0x2000006e   Data           2  usb_config.o(.data)
    USBD_HID_IdleCnt                         0x20000070   Data           1  usb_config.o(.data)
    USBD_HID_IdleReload                      0x20000071   Data           1  usb_config.o(.data)
    USBD_HID_IdleSet                         0x20000072   Data           1  usb_config.o(.data)
    USBD_HID_FeatReport                      0x20000073   Data           2  usb_config.o(.data)
    USBD_DeviceAddress                       0x2000008c   Data           1  usbd_core.o(.data)
    USBD_Configuration                       0x2000008d   Data           1  usbd_core.o(.data)
    USBD_NumInterfaces                       0x2000008e   Data           1  usbd_core.o(.data)
    USBD_HighSpeed                           0x2000008f   Data           1  usbd_core.o(.data)
    USBD_ZLP                                 0x20000090   Data           1  usbd_core.o(.data)
    USBD_DeviceStatus                        0x20000092   Data           2  usbd_core.o(.data)
    USBD_EndPointMask                        0x20000094   Data           4  usbd_core.o(.data)
    USBD_EndPointHalt                        0x20000098   Data           4  usbd_core.o(.data)
    USBD_EndPointNoHaltClr                   0x2000009c   Data           4  usbd_core.o(.data)
    USBD_RTX_CoreTask                        0x200000a0   Data           4  usbd_core.o(.data)
    USBD_EP0Data                             0x200000a4   Data           8  usbd_core.o(.data)
    USBD_SetupPacket                         0x200000ac   Data           8  usbd_core.o(.data)
    USBD_RTX_DevTask                         0x200000b4   Data           4  usbd_core.o(.data)
    USBD_HID_Protocol                        0x200000b9   Data           1  usbd_hid.o(.data)
    DataOutToSendLen                         0x200000ba   Data           2  usbd_hid.o(.data)
    DataOutSentLen                           0x200000bc   Data           2  usbd_hid.o(.data)
    DataInReceLen                            0x200000be   Data           2  usbd_hid.o(.data)
    DataFeatReceLen                          0x200000c0   Data           2  usbd_hid.o(.data)
    DataOutAsyncReq                          0x200000c4   Data           4  usbd_hid.o(.data)
    DataOutUpdateReqMask                     0x200000c8   Data           4  usbd_hid.o(.data)
    DataOutProcessing                        0x200000cc   Data           4  usbd_hid.o(.data)
    DataOutProcessPending                    0x200000d0   Data           4  usbd_hid.o(.data)
    ptrDataOut                               0x200000d4   Data           4  usbd_hid.o(.data)
    DataOutEndWithShortPacket                0x200000d8   Data           4  usbd_hid.o(.data)
    DataOutInProgress                        0x200000dc   Data           4  usbd_hid.o(.data)
    ptrDataIn                                0x200000e0   Data           4  usbd_hid.o(.data)
    ptrDataFeat                              0x200000e4   Data           4  usbd_hid.o(.data)
    os_tsk                                   0x200000e8   Data           8  rt_task.o(.data)
    os_time                                  0x200000f0   Data           4  rt_time.o(.data)
    dbg_msg                                  0x200000f4   Data           1  hal_cm3.o(.data)
    os_tick_irqn                             0x200000fc   Data           4  rt_system.o(.data)
    os_tmr                                   0x20000100   Data           8  rt_timer.o(.data)
    USART1_InQue                             0x20000934   Data        1028  usart.o(.bss)
    HID_InQue                                0x20000d38   Data        1028  usbd_user_hid.o(.bss)
    outBuf                                   0x2000113c   Data          64  usbd_user_hid.o(.bss)
    mp_tcb                                   0x2000117c   Data         572  rtx_conf_cm.o(.bss)
    mp_stk                                   0x200013b8   Data        5648  rtx_conf_cm.o(.bss)
    os_fifo                                  0x200029c8   Data         772  rtx_conf_cm.o(.bss)
    os_active_TCB                            0x20002ccc   Data          40  rtx_conf_cm.o(.bss)
    USBD_EP0Buf                              0x20002cf4   Data          64  usb_config.o(.bss)
    USBD_HID_InReport                        0x20002d34   Data          65  usb_config.o(.bss)
    USBD_HID_OutReport                       0x20002d75   Data          65  usb_config.o(.bss)
    USBD_RTX_EPTask                          0x20002db8   Data          64  usbd_core.o(.bss)
    os_idle_TCB                              0x20002df8   Data          56  rt_task.o(.bss)
    os_rdy                                   0x20002e30   Data          24  rt_list.o(.bss)
    os_dly                                   0x20002e48   Data          24  rt_list.o(.bss)
    __libspace_start                         0x20002e60   Data          96  libspace.o(.bss)
    __temporary_stack_top$libspace           0x20002ec0   Data           0  libspace.o(.bss)



==============================================================================

Memory Map of the image

  Image Entry point : 0x080040ed

  Load Region LR_IROM1 (Base: 0x08004000, Size: 0x00004d1c, Max: 0x00010000, ABSOLUTE)

    Execution Region ER_IROM1 (Exec base: 0x08004000, Load base: 0x08004000, Size: 0x00004c14, Max: 0x00010000, ABSOLUTE)

    Exec Addr    Load Addr    Size         Type   Attr      Idx    E Section Name        Object

    0x08004000   0x08004000   0x000000ec   Data   RO         3201    RESET               startup_stm32f10x_md.o
    0x080040ec   0x080040ec   0x00000008   Code   RO         3933  * !!!main             c_w.l(__main.o)
    0x080040f4   0x080040f4   0x00000034   Code   RO         4090    !!!scatter          c_w.l(__scatter.o)
    0x08004128   0x08004128   0x0000001a   Code   RO         4092    !!handler_copy      c_w.l(__scatter_copy.o)
    0x08004142   0x08004142   0x00000002   PAD
    0x08004144   0x08004144   0x0000001c   Code   RO         4094    !!handler_zi        c_w.l(__scatter_zi.o)
    0x08004160   0x08004160   0x00000002   Code   RO         3964    .ARM.Collect$$libinit$$00000000  c_w.l(libinit.o)
    0x08004162   0x08004162   0x00000000   Code   RO         3968    .ARM.Collect$$libinit$$00000002  c_w.l(libinit2.o)
    0x08004162   0x08004162   0x00000000   Code   RO         3970    .ARM.Collect$$libinit$$00000004  c_w.l(libinit2.o)
    0x08004162   0x08004162   0x00000000   Code   RO         3973    .ARM.Collect$$libinit$$0000000A  c_w.l(libinit2.o)
    0x08004162   0x08004162   0x00000000   Code   RO         3975    .ARM.Collect$$libinit$$0000000C  c_w.l(libinit2.o)
    0x08004162   0x08004162   0x00000000   Code   RO         3977    .ARM.Collect$$libinit$$0000000E  c_w.l(libinit2.o)
    0x08004162   0x08004162   0x00000000   Code   RO         3980    .ARM.Collect$$libinit$$00000011  c_w.l(libinit2.o)
    0x08004162   0x08004162   0x00000000   Code   RO         3982    .ARM.Collect$$libinit$$00000013  c_w.l(libinit2.o)
    0x08004162   0x08004162   0x00000000   Code   RO         3984    .ARM.Collect$$libinit$$00000015  c_w.l(libinit2.o)
    0x08004162   0x08004162   0x00000000   Code   RO         3986    .ARM.Collect$$libinit$$00000017  c_w.l(libinit2.o)
    0x08004162   0x08004162   0x00000000   Code   RO         3988    .ARM.Collect$$libinit$$00000019  c_w.l(libinit2.o)
    0x08004162   0x08004162   0x00000000   Code   RO         3990    .ARM.Collect$$libinit$$0000001B  c_w.l(libinit2.o)
    0x08004162   0x08004162   0x00000000   Code   RO         3992    .ARM.Collect$$libinit$$0000001D  c_w.l(libinit2.o)
    0x08004162   0x08004162   0x00000000   Code   RO         3994    .ARM.Collect$$libinit$$0000001F  c_w.l(libinit2.o)
    0x08004162   0x08004162   0x00000000   Code   RO         3996    .ARM.Collect$$libinit$$00000021  c_w.l(libinit2.o)
    0x08004162   0x08004162   0x00000000   Code   RO         3998    .ARM.Collect$$libinit$$00000023  c_w.l(libinit2.o)
    0x08004162   0x08004162   0x00000000   Code   RO         4000    .ARM.Collect$$libinit$$00000025  c_w.l(libinit2.o)
    0x08004162   0x08004162   0x00000000   Code   RO         4004    .ARM.Collect$$libinit$$0000002C  c_w.l(libinit2.o)
    0x08004162   0x08004162   0x00000000   Code   RO         4006    .ARM.Collect$$libinit$$0000002E  c_w.l(libinit2.o)
    0x08004162   0x08004162   0x00000000   Code   RO         4008    .ARM.Collect$$libinit$$00000030  c_w.l(libinit2.o)
    0x08004162   0x08004162   0x00000000   Code   RO         4010    .ARM.Collect$$libinit$$00000032  c_w.l(libinit2.o)
    0x08004162   0x08004162   0x00000002   Code   RO         4011    .ARM.Collect$$libinit$$00000033  c_w.l(libinit2.o)
    0x08004164   0x08004164   0x00000002   Code   RO         4031    .ARM.Collect$$libshutdown$$00000000  c_w.l(libshutdown.o)
    0x08004166   0x08004166   0x00000000   Code   RO         4044    .ARM.Collect$$libshutdown$$00000002  c_w.l(libshutdown2.o)
    0x08004166   0x08004166   0x00000000   Code   RO         4046    .ARM.Collect$$libshutdown$$00000004  c_w.l(libshutdown2.o)
    0x08004166   0x08004166   0x00000000   Code   RO         4049    .ARM.Collect$$libshutdown$$00000007  c_w.l(libshutdown2.o)
    0x08004166   0x08004166   0x00000000   Code   RO         4052    .ARM.Collect$$libshutdown$$0000000A  c_w.l(libshutdown2.o)
    0x08004166   0x08004166   0x00000000   Code   RO         4054    .ARM.Collect$$libshutdown$$0000000C  c_w.l(libshutdown2.o)
    0x08004166   0x08004166   0x00000000   Code   RO         4057    .ARM.Collect$$libshutdown$$0000000F  c_w.l(libshutdown2.o)
    0x08004166   0x08004166   0x00000002   Code   RO         4058    .ARM.Collect$$libshutdown$$00000010  c_w.l(libshutdown2.o)
    0x08004168   0x08004168   0x00000000   Code   RO         3935    .ARM.Collect$$rtentry$$00000000  c_w.l(__rtentry.o)
    0x08004168   0x08004168   0x00000000   Code   RO         3941    .ARM.Collect$$rtentry$$00000002  c_w.l(__rtentry2.o)
    0x08004168   0x08004168   0x00000006   Code   RO         3953    .ARM.Collect$$rtentry$$00000004  c_w.l(__rtentry4.o)
    0x0800416e   0x0800416e   0x00000000   Code   RO         3943    .ARM.Collect$$rtentry$$00000009  c_w.l(__rtentry2.o)
    0x0800416e   0x0800416e   0x00000004   Code   RO         3944    .ARM.Collect$$rtentry$$0000000A  c_w.l(__rtentry2.o)
    0x08004172   0x08004172   0x00000000   Code   RO         3946    .ARM.Collect$$rtentry$$0000000C  c_w.l(__rtentry2.o)
    0x08004172   0x08004172   0x00000008   Code   RO         3947    .ARM.Collect$$rtentry$$0000000D  c_w.l(__rtentry2.o)
    0x0800417a   0x0800417a   0x00000002   Code   RO         3965    .ARM.Collect$$rtexit$$00000000  c_w.l(rtexit.o)
    0x0800417c   0x0800417c   0x00000000   Code   RO         4013    .ARM.Collect$$rtexit$$00000002  c_w.l(rtexit2.o)
    0x0800417c   0x0800417c   0x00000004   Code   RO         4014    .ARM.Collect$$rtexit$$00000003  c_w.l(rtexit2.o)
    0x08004180   0x08004180   0x00000006   Code   RO         4015    .ARM.Collect$$rtexit$$00000004  c_w.l(rtexit2.o)
    0x08004186   0x08004186   0x00000002   PAD
    0x08004188   0x08004188   0x00000154   Code   RO         3575    .emb_text           RTX_CM3.lib(hal_cm3.o)
    0x080042dc   0x080042dc   0x00000040   Code   RO         3202    .text               startup_stm32f10x_md.o
    0x0800431c   0x0800431c   0x00000008   Code   RO         3924    .text               c_w.l(libspace.o)
    0x08004324   0x08004324   0x0000008a   Code   RO         3927    .text               c_w.l(rt_memcpy_v6.o)
    0x080043ae   0x080043ae   0x00000044   Code   RO         3929    .text               c_w.l(rt_memclr.o)
    0x080043f2   0x080043f2   0x00000006   Code   RO         3931    .text               c_w.l(heapauxi.o)
    0x080043f8   0x080043f8   0x00000064   Code   RO         3936    .text               c_w.l(rt_memcpy_w.o)
    0x0800445c   0x0800445c   0x0000004e   Code   RO         3938    .text               c_w.l(rt_memclr_w.o)
    0x080044aa   0x080044aa   0x0000004a   Code   RO         3955    .text               c_w.l(sys_stackheap_outer.o)
    0x080044f4   0x080044f4   0x00000012   Code   RO         3957    .text               c_w.l(exit.o)
    0x08004506   0x08004506   0x00000002   PAD
    0x08004508   0x08004508   0x0000000c   Code   RO         4023    .text               c_w.l(sys_exit.o)
    0x08004514   0x08004514   0x00000002   Code   RO         4034    .text               c_w.l(use_no_semi.o)
    0x08004516   0x08004516   0x00000000   Code   RO         4036    .text               c_w.l(indicate_semi.o)
    0x08004516   0x08004516   0x00000002   PAD
    0x08004518   0x08004518   0x00000008   Code   RO         1379    SVC_TABLE           svc_table.o
    0x08004520   0x08004520   0x00000036   Code   RO          405    i.CalcCRC16         crc16.o
    0x08004556   0x08004556   0x00000002   PAD
    0x08004558   0x08004558   0x00000018   Code   RO            4    i.CommunicationTask  application.o
    0x08004570   0x08004570   0x0000001e   Code   RO          989    i.EE_GetWriteAddress  userdata.o
    0x0800458e   0x0800458e   0x00000012   Code   RO          990    i.EE_IsValidPage    userdata.o
    0x080045a0   0x080045a0   0x0000004c   Code   RO          991    i.EE_Read           userdata.o
    0x080045ec   0x080045ec   0x00000094   Code   RO          992    i.EE_Write          userdata.o
    0x08004680   0x08004680   0x00000028   Code   RO          726    i.EP_Reset          usbd_stm32f103.o
    0x080046a8   0x080046a8   0x00000034   Code   RO          727    i.EP_Status         usbd_stm32f103.o
    0x080046dc   0x080046dc   0x00000038   Code   RO          319    i.EXTI15_10_IRQHandler  button.o
    0x08004714   0x08004714   0x00000020   Code   RO         1756    i.EXTI_GetITStatus  stm32f10x_exti.o
    0x08004734   0x08004734   0x00000070   Code   RO         1757    i.EXTI_Init         stm32f10x_exti.o
    0x080047a4   0x080047a4   0x000002c4   Code   RO          356    i.ExecCommand       command.o
    0x08004a68   0x08004a68   0x0000000c   Code   RO         1817    i.FLASH_ClearFlag   stm32f10x_flash.o
    0x08004a74   0x08004a74   0x0000003c   Code   RO         1822    i.FLASH_ErasePage   stm32f10x_flash.o
    0x08004ab0   0x08004ab0   0x00000028   Code   RO         1823    i.FLASH_GetBank1Status  stm32f10x_flash.o
    0x08004ad8   0x08004ad8   0x00000010   Code   RO         1832    i.FLASH_Lock        stm32f10x_flash.o
    0x08004ae8   0x08004ae8   0x00000034   Code   RO         1835    i.FLASH_ProgramHalfWord  stm32f10x_flash.o
    0x08004b1c   0x08004b1c   0x00000050   Code   RO         1837    i.FLASH_ProgramWord  stm32f10x_flash.o
    0x08004b6c   0x08004b6c   0x00000018   Code   RO         1840    i.FLASH_Unlock      stm32f10x_flash.o
    0x08004b84   0x08004b84   0x00000024   Code   RO         1844    i.FLASH_WaitForLastOperation  stm32f10x_flash.o
    0x08004ba8   0x08004ba8   0x00000028   Code   RO         2004    i.GPIO_EXTILineConfig  stm32f10x_gpio.o
    0x08004bd0   0x08004bd0   0x000000a2   Code   RO         2007    i.GPIO_Init         stm32f10x_gpio.o
    0x08004c72   0x08004c72   0x00000002   PAD
    0x08004c74   0x08004c74   0x00000058   Code   RO         2009    i.GPIO_PinRemapConfig  stm32f10x_gpio.o
    0x08004ccc   0x08004ccc   0x0000000e   Code   RO         2011    i.GPIO_ReadInputDataBit  stm32f10x_gpio.o
    0x08004cda   0x08004cda   0x00000004   Code   RO         2014    i.GPIO_ResetBits    stm32f10x_gpio.o
    0x08004cde   0x08004cde   0x00000004   Code   RO         2015    i.GPIO_SetBits      stm32f10x_gpio.o
    0x08004ce2   0x08004ce2   0x00000002   PAD
    0x08004ce4   0x08004ce4   0x000000f8   Code   RO          513    i.HandleCurrentMessage  messageproc.o
    0x08004ddc   0x08004ddc   0x00000010   Code   RO         2127    i.IWDG_Enable       stm32f10x_iwdg.o
    0x08004dec   0x08004dec   0x00000004   Code   RO          433    i.IWDG_Feed         iwdg.o
    0x08004df0   0x08004df0   0x00000026   Code   RO          434    i.IWDG_Init         iwdg.o
    0x08004e16   0x08004e16   0x00000002   PAD
    0x08004e18   0x08004e18   0x00000010   Code   RO         2129    i.IWDG_ReloadCounter  stm32f10x_iwdg.o
    0x08004e28   0x08004e28   0x0000000c   Code   RO         2130    i.IWDG_SetPrescaler  stm32f10x_iwdg.o
    0x08004e34   0x08004e34   0x0000000c   Code   RO         2131    i.IWDG_SetReload    stm32f10x_iwdg.o
    0x08004e40   0x08004e40   0x0000000c   Code   RO         2132    i.IWDG_WriteAccessCmd  stm32f10x_iwdg.o
    0x08004e4c   0x08004e4c   0x000000a4   Code   RO            5    i.IdleTask          application.o
    0x08004ef0   0x08004ef0   0x00000060   Code   RO            6    i.InitTask          application.o
    0x08004f50   0x08004f50   0x000000b0   Code   RO          993    i.InitUserDataROM   userdata.o
    0x08005000   0x08005000   0x00000024   Code   RO          463    i.LED_Off           led.o
    0x08005024   0x08005024   0x00000024   Code   RO          464    i.LED_On            led.o
    0x08005048   0x08005048   0x00000018   Code   RO          465    i.LED_ToggleState   led.o
    0x08005060   0x08005060   0x00000050   Code   RO          466    i.LEDs_Init         led.o
    0x080050b0   0x080050b0   0x000000c8   Code   RO          357    i.MoveCard          command.o
    0x08005178   0x08005178   0x0000013c   Code   RO            7    i.MoveCardTask      application.o
    0x080052b4   0x080052b4   0x00000014   Code   RO         1387    i.NVIC_SetVectorTable  misc.o
    0x080052c8   0x080052c8   0x000000a0   Code   RO          514    i.OutputStatusDetail  messageproc.o
    0x08005368   0x08005368   0x00000128   Code   RO            8    i.PerformanceTestTask  application.o
    0x08005490   0x08005490   0x00000080   Code   RO            9    i.PositionSlot      application.o
    0x08005510   0x08005510   0x0000001c   Code   RO          994    i.ProgramCardInfoSlot  userdata.o
    0x0800552c   0x0800552c   0x0000001c   Code   RO          995    i.ProgramDefaultControlParameters  userdata.o
    0x08005548   0x08005548   0x00000018   Code   RO          996    i.ProgramDeviceInfo  userdata.o
    0x08005560   0x08005560   0x00000018   Code   RO          997    i.ProgramRetainCount  userdata.o
    0x08005578   0x08005578   0x00000018   Code   RO          998    i.ProgramSlotSettings  userdata.o
    0x08005590   0x08005590   0x00000018   Code   RO          999    i.ProgrmaControlParameters  userdata.o
    0x080055a8   0x080055a8   0x00000018   Code   RO         2255    i.RCC_APB1PeriphClockCmd  stm32f10x_rcc.o
    0x080055c0   0x080055c0   0x00000018   Code   RO         2257    i.RCC_APB2PeriphClockCmd  stm32f10x_rcc.o
    0x080055d8   0x080055d8   0x00000090   Code   RO         2265    i.RCC_GetClocksFreq  stm32f10x_rcc.o
    0x08005668   0x08005668   0x00000010   Code   RO         1000    i.ReadCardInfoSlot  userdata.o
    0x08005678   0x08005678   0x00000010   Code   RO         1001    i.ReadControlParameters  userdata.o
    0x08005688   0x08005688   0x00000010   Code   RO         1002    i.ReadDeviceInfo    userdata.o
    0x08005698   0x08005698   0x00000010   Code   RO         1003    i.ReadRetainCount   userdata.o
    0x080056a8   0x080056a8   0x00000010   Code   RO         1004    i.ReadSlotSettings  userdata.o
    0x080056b8   0x080056b8   0x0000005c   Code   RO          320    i.ResetButton_Enable  button.o
    0x08005714   0x08005714   0x00000050   Code   RO           10    i.ResetCam          application.o
    0x08005764   0x08005764   0x000000c8   Code   RO           11    i.ResetDeviceTask   application.o
    0x0800582c   0x0800582c   0x00000074   Code   RO          358    i.SelectSlot        command.o
    0x080058a0   0x080058a0   0x00000048   Code   RO           12    i.SelectSlotTask    application.o
    0x080058e8   0x080058e8   0x00000058   Code   RO          569    i.Sensor_Read       sensor.o
    0x08005940   0x08005940   0x00000088   Code   RO          570    i.Sensors_Init      sensor.o
    0x080059c8   0x080059c8   0x0000004c   Code   RO           13    i.SetStackToBottom  application.o
    0x08005a14   0x08005a14   0x00000040   Code   RO           14    i.SetStackToTop     application.o
    0x08005a54   0x08005a54   0x000000a8   Code   RO         3209    i.SetSysClockTo72   system_stm32f10x.o
    0x08005afc   0x08005afc   0x00000058   Code   RO           15    i.StartMoveCard     application.o
    0x08005b54   0x08005b54   0x00000054   Code   RO           16    i.StartPerformanceTest  application.o
    0x08005ba8   0x08005ba8   0x00000050   Code   RO           17    i.StartResetDevice  application.o
    0x08005bf8   0x08005bf8   0x00000054   Code   RO           18    i.StartSelectSlot   application.o
    0x08005c4c   0x08005c4c   0x00000068   Code   RO          359    i.StepperOrLEDControl  command.o
    0x08005cb4   0x08005cb4   0x00000010   Code   RO          609    i.Stepper_IsRunning  stepper.o
    0x08005cc4   0x08005cc4   0x00000020   Code   RO          610    i.Stepper_SetDirection  stepper.o
    0x08005ce4   0x08005ce4   0x00000020   Code   RO          611    i.Stepper_SetLowVelocity  stepper.o
    0x08005d04   0x08005d04   0x000000c0   Code   RO          612    i.Stepper_Start     stepper.o
    0x08005dc4   0x08005dc4   0x00000050   Code   RO          613    i.Stepper_Stop      stepper.o
    0x08005e14   0x08005e14   0x000000fc   Code   RO          614    i.Steppers_Init     stepper.o
    0x08005f10   0x08005f10   0x00000030   Code   RO           19    i.StopMoveCard      application.o
    0x08005f40   0x08005f40   0x00000050   Code   RO         3211    i.SystemInit        system_stm32f10x.o
    0x08005f90   0x08005f90   0x00000060   Code   RO          615    i.TIM3_IRQHandler   stepper.o
    0x08005ff0   0x08005ff0   0x00000014   Code   RO         2467    i.TIM_ARRPreloadConfig  stm32f10x_tim.o
    0x08006004   0x08006004   0x00000006   Code   RO         2473    i.TIM_ClearFlag     stm32f10x_tim.o
    0x0800600a   0x0800600a   0x00000006   Code   RO         2474    i.TIM_ClearITPendingBit  stm32f10x_tim.o
    0x08006010   0x08006010   0x00000014   Code   RO         2479    i.TIM_Cmd           stm32f10x_tim.o
    0x08006024   0x08006024   0x00000018   Code   RO         2500    i.TIM_GetITStatus   stm32f10x_tim.o
    0x0800603c   0x0800603c   0x00000010   Code   RO         2504    i.TIM_ITConfig      stm32f10x_tim.o
    0x0800604c   0x0800604c   0x00000080   Code   RO         2508    i.TIM_OC1Init       stm32f10x_tim.o
    0x080060cc   0x080060cc   0x0000000c   Code   RO         2511    i.TIM_OC1PreloadConfig  stm32f10x_tim.o
    0x080060d8   0x080060d8   0x00000080   Code   RO         2513    i.TIM_OC2Init       stm32f10x_tim.o
    0x08006158   0x08006158   0x00000014   Code   RO         2516    i.TIM_OC2PreloadConfig  stm32f10x_tim.o
    0x0800616c   0x0800616c   0x00000004   Code   RO         2538    i.TIM_SetAutoreload  stm32f10x_tim.o
    0x08006170   0x08006170   0x00000004   Code   RO         2540    i.TIM_SetCompare1   stm32f10x_tim.o
    0x08006174   0x08006174   0x00000004   Code   RO         2541    i.TIM_SetCompare2   stm32f10x_tim.o
    0x08006178   0x08006178   0x00000004   Code   RO         2544    i.TIM_SetCounter    stm32f10x_tim.o
    0x0800617c   0x0800617c   0x0000009c   Code   RO         2550    i.TIM_TimeBaseInit  stm32f10x_tim.o
    0x08006218   0x08006218   0x0000008c   Code   RO          571    i.U74HC165_Read     sensor.o
    0x080062a4   0x080062a4   0x00000020   Code   RO          572    i.U74HC165_SetNoChange  sensor.o
    0x080062c4   0x080062c4   0x0000005c   Code   RO          677    i.USART1_IRQHandler  usart.o
    0x08006320   0x08006320   0x00000094   Code   RO          678    i.USART1_Init       usart.o
    0x080063b4   0x080063b4   0x00000038   Code   RO          679    i.USART1_Send       usart.o
    0x080063ec   0x080063ec   0x00000006   Code   RO         3010    i.USART_ClearFlag   stm32f10x_usart.o
    0x080063f2   0x080063f2   0x00000014   Code   RO         3014    i.USART_Cmd         stm32f10x_usart.o
    0x08006406   0x08006406   0x0000000e   Code   RO         3017    i.USART_GetFlagStatus  stm32f10x_usart.o
    0x08006414   0x08006414   0x0000003e   Code   RO         3018    i.USART_GetITStatus  stm32f10x_usart.o
    0x08006452   0x08006452   0x00000030   Code   RO         3020    i.USART_ITConfig    stm32f10x_usart.o
    0x08006482   0x08006482   0x00000002   PAD
    0x08006484   0x08006484   0x000000ac   Code   RO         3021    i.USART_Init        stm32f10x_usart.o
    0x08006530   0x08006530   0x00000008   Code   RO         3028    i.USART_ReceiveData  stm32f10x_usart.o
    0x08006538   0x08006538   0x00000008   Code   RO         3031    i.USART_SendData    stm32f10x_usart.o
    0x08006540   0x08006540   0x00000016   Code   RO          729    i.USBD_ClrStallEP   usbd_stm32f103.o
    0x08006556   0x08006556   0x00000002   PAD
    0x08006558   0x08006558   0x00000090   Code   RO          730    i.USBD_ConfigEP     usbd_stm32f103.o
    0x080065e8   0x080065e8   0x00000010   Code   RO          731    i.USBD_Configure    usbd_stm32f103.o
    0x080065f8   0x080065f8   0x00000020   Code   RO          732    i.USBD_Connect      usbd_stm32f103.o
    0x08006618   0x08006618   0x00000038   Code   RO         3248    i.USBD_DataInStage  USB_CM3.lib(usbd_core.o)
    0x08006650   0x08006650   0x00000020   Code   RO         3249    i.USBD_DataOutStage  USB_CM3.lib(usbd_core.o)
    0x08006670   0x08006670   0x00000002   Code   RO          733    i.USBD_DirCtrlEP    usbd_stm32f103.o
    0x08006672   0x08006672   0x00000006   Code   RO          734    i.USBD_DisableEP    usbd_stm32f103.o
    0x08006678   0x08006678   0x00000008   Code   RO          735    i.USBD_EnableEP     usbd_stm32f103.o
    0x08006680   0x08006680   0x00000264   Code   RO         3250    i.USBD_EndPoint0    USB_CM3.lib(usbd_core.o)
    0x080068e4   0x080068e4   0x00000004   Code   RO         1185    i.USBD_EndPoint0_Out_ADC_ReqToEP  usb_config.o
    0x080068e8   0x080068e8   0x00000004   Code   RO         1186    i.USBD_EndPoint0_Out_ADC_ReqToIF  usb_config.o
    0x080068ec   0x080068ec   0x00000004   Code   RO         1187    i.USBD_EndPoint0_Out_CDC_ReqToIF  usb_config.o
    0x080068f0   0x080068f0   0x00000004   Code   RO         1188    i.USBD_EndPoint0_Out_CLS_ReqToDEV  usb_config.o
    0x080068f4   0x080068f4   0x00000004   Code   RO         1189    i.USBD_EndPoint0_Out_CLS_ReqToEP  usb_config.o
    0x080068f8   0x080068f8   0x00000004   Code   RO         1190    i.USBD_EndPoint0_Out_CLS_ReqToIF  usb_config.o
    0x080068fc   0x080068fc   0x00000030   Code   RO         3616    i.USBD_EndPoint0_Out_HID_ReqToIF  USB_CM3.lib(usbd_core_hid.o)
    0x0800692c   0x0800692c   0x00000004   Code   RO         1192    i.USBD_EndPoint0_Setup_ADC_ReqToEP  usb_config.o
    0x08006930   0x08006930   0x00000004   Code   RO         1193    i.USBD_EndPoint0_Setup_ADC_ReqToIF  usb_config.o
    0x08006934   0x08006934   0x00000004   Code   RO         1194    i.USBD_EndPoint0_Setup_CDC_ReqToIF  usb_config.o
    0x08006938   0x08006938   0x00000004   Code   RO         1195    i.USBD_EndPoint0_Setup_CLS_ReqToDEV  usb_config.o
    0x0800693c   0x0800693c   0x00000004   Code   RO         1196    i.USBD_EndPoint0_Setup_CLS_ReqToEP  usb_config.o
    0x08006940   0x08006940   0x00000004   Code   RO         1197    i.USBD_EndPoint0_Setup_CLS_ReqToIF  usb_config.o
    0x08006944   0x08006944   0x000000ac   Code   RO         3617    i.USBD_EndPoint0_Setup_HID_ReqToIF  USB_CM3.lib(usbd_core_hid.o)
    0x080069f0   0x080069f0   0x00000004   Code   RO         1198    i.USBD_EndPoint0_Setup_MSC_ReqToIF  usb_config.o
    0x080069f4   0x080069f4   0x00000028   Code   RO         3289    i.USBD_HID_Configure_Event  USB_CM3.lib(usbd_hid.o)
    0x08006a1c   0x08006a1c   0x00000164   Code   RO         3290    i.USBD_HID_EP_INTIN_Event  USB_CM3.lib(usbd_hid.o)
    0x08006b80   0x08006b80   0x0000001c   Code   RO         3293    i.USBD_HID_GetIdle  USB_CM3.lib(usbd_hid.o)
    0x08006b9c   0x08006b9c   0x00000014   Code   RO         3294    i.USBD_HID_GetProtocol  USB_CM3.lib(usbd_hid.o)
    0x08006bb0   0x08006bb0   0x0000003c   Code   RO         3295    i.USBD_HID_GetReport  USB_CM3.lib(usbd_hid.o)
    0x08006bec   0x08006bec   0x00000148   Code   RO         3296    i.USBD_HID_SOF_Event  USB_CM3.lib(usbd_hid.o)
    0x08006d34   0x08006d34   0x0000003c   Code   RO         3297    i.USBD_HID_SetIdle  USB_CM3.lib(usbd_hid.o)
    0x08006d70   0x08006d70   0x00000014   Code   RO         3298    i.USBD_HID_SetProtocol  USB_CM3.lib(usbd_hid.o)
    0x08006d84   0x08006d84   0x00000040   Code   RO         3299    i.USBD_HID_SetReport  USB_CM3.lib(usbd_hid.o)
    0x08006dc4   0x08006dc4   0x0000000e   Code   RO          738    i.USBD_Init         usbd_stm32f103.o
    0x08006dd2   0x08006dd2   0x00000002   PAD
    0x08006dd4   0x08006dd4   0x00000028   Code   RO         1199    i.USBD_RTX_Core     usb_config.o
    0x08006dfc   0x08006dfc   0x00000028   Code   RO         1200    i.USBD_RTX_Device   usb_config.o
    0x08006e24   0x08006e24   0x00000016   Code   RO         3251    i.USBD_RTX_EndPoint0  USB_CM3.lib(usbd_core.o)
    0x08006e3a   0x08006e3a   0x0000001c   Code   RO         3300    i.USBD_RTX_HID_EP_INTIN_Event  USB_CM3.lib(usbd_hid.o)
    0x08006e56   0x08006e56   0x00000002   PAD
    0x08006e58   0x08006e58   0x00000088   Code   RO         1201    i.USBD_RTX_TaskInit  usb_config.o
    0x08006ee0   0x08006ee0   0x00000048   Code   RO          739    i.USBD_ReadEP       usbd_stm32f103.o
    0x08006f28   0x08006f28   0x00000002   Code   RO         1202    i.USBD_ReqClrFeature_MSC  usb_config.o
    0x08006f2a   0x08006f2a   0x00000002   PAD
    0x08006f2c   0x08006f2c   0x00000130   Code   RO         3275    i.USBD_ReqGetDescriptor  USB_CM3.lib(usbd_core.o)
    0x0800705c   0x0800705c   0x00000084   Code   RO         3618    i.USBD_ReqGetDescriptor_HID  USB_CM3.lib(usbd_core_hid.o)
    0x080070e0   0x080070e0   0x0000007c   Code   RO         3281    i.USBD_ReqGetStatus  USB_CM3.lib(usbd_core.o)
    0x0800715c   0x0800715c   0x000000ac   Code   RO         3273    i.USBD_ReqSetClrFeature  USB_CM3.lib(usbd_core.o)
    0x08007208   0x08007208   0x00000190   Code   RO         3277    i.USBD_ReqSetConfiguration  USB_CM3.lib(usbd_core.o)
    0x08007398   0x08007398   0x0000012c   Code   RO         3279    i.USBD_ReqSetInterface  USB_CM3.lib(usbd_core.o)
    0x080074c4   0x080074c4   0x00000098   Code   RO          740    i.USBD_Reset        usbd_stm32f103.o
    0x0800755c   0x0800755c   0x00000004   Code   RO          741    i.USBD_ResetEP      usbd_stm32f103.o
    0x08007560   0x08007560   0x00000014   Code   RO          743    i.USBD_SetAddress   usbd_stm32f103.o
    0x08007574   0x08007574   0x00000008   Code   RO          744    i.USBD_SetStallEP   usbd_stm32f103.o
    0x0800757c   0x0800757c   0x0000000c   Code   RO         3252    i.USBD_SetupStage   USB_CM3.lib(usbd_core.o)
    0x08007588   0x08007588   0x0000000a   Code   RO         3253    i.USBD_StatusInStage  USB_CM3.lib(usbd_core.o)
    0x08007592   0x08007592   0x00000002   PAD
    0x08007594   0x08007594   0x0000000c   Code   RO         3254    i.USBD_StatusOutStage  USB_CM3.lib(usbd_core.o)
    0x080075a0   0x080075a0   0x00000018   Code   RO          745    i.USBD_Suspend      usbd_stm32f103.o
    0x080075b8   0x080075b8   0x00000010   Code   RO          746    i.USBD_WakeUp       usbd_stm32f103.o
    0x080075c8   0x080075c8   0x00000002   Code   RO          747    i.USBD_WakeUpCfg    usbd_stm32f103.o
    0x080075ca   0x080075ca   0x00000002   PAD
    0x080075cc   0x080075cc   0x00000064   Code   RO          748    i.USBD_WriteEP      usbd_stm32f103.o
    0x08007630   0x08007630   0x00000118   Code   RO          749    i.USB_LP_CAN1_RX0_IRQHandler  usbd_stm32f103.o
    0x08007748   0x08007748   0x00000050   Code   RO           20    i.UpdateSensorData  application.o
    0x08007798   0x08007798   0x00000048   Code   RO          933    i.User_HID_Send     usbd_user_hid.o
    0x080077e0   0x080077e0   0x00000180   Code   RO          515    i.WaitForMessage    messageproc.o
    0x08007960   0x08007960   0x0000000e   Code   RO          750    i.__SVC_1           usbd_stm32f103.o
    0x0800796e   0x0800796e   0x00000046   Code   RO         3793    i._init_box         RTX_CM3.lib(rt_membox.o)
    0x080079b4   0x080079b4   0x00000020   Code   RO         1103    i._mutex_acquire    rtx_conf_cm.o
    0x080079d4   0x080079d4   0x0000001c   Code   RO         1105    i._mutex_release    rtx_conf_cm.o
    0x080079f0   0x080079f0   0x00000030   Code   RO         3576    i.dbg_init          RTX_CM3.lib(hal_cm3.o)
    0x08007a20   0x08007a20   0x00000020   Code   RO         3577    i.dbg_task_notify   RTX_CM3.lib(hal_cm3.o)
    0x08007a40   0x08007a40   0x00000010   Code   RO         3578    i.dbg_task_switch   RTX_CM3.lib(hal_cm3.o)
    0x08007a50   0x08007a50   0x00000028   Code   RO         3436    i.isr_evt_set       RTX_CM3.lib(rt_event.o)
    0x08007a78   0x08007a78   0x00000050   Code   RO           21    i.main              application.o
    0x08007ac8   0x08007ac8   0x00000002   Code   RO         1106    i.os_error          rtx_conf_cm.o
    0x08007aca   0x08007aca   0x00000002   Code   RO         1107    i.os_idle_demon     rtx_conf_cm.o
    0x08007acc   0x08007acc   0x00000028   Code   RO         3629    i.os_tick_init      RTX_CM3.lib(rt_system.o)
    0x08007af4   0x08007af4   0x00000002   Code   RO         3630    i.os_tick_irqack    RTX_CM3.lib(rt_system.o)
    0x08007af6   0x08007af6   0x00000002   Code   RO         1108    i.os_tmr_call       rtx_conf_cm.o
    0x08007af8   0x08007af8   0x0000001a   Code   RO         3794    i.rt_alloc_box      RTX_CM3.lib(rt_membox.o)
    0x08007b12   0x08007b12   0x00000002   PAD
    0x08007b14   0x08007b14   0x00000038   Code   RO         3337    i.rt_block          RTX_CM3.lib(rt_task.o)
    0x08007b4c   0x08007b4c   0x00000002   Code   RO         1109    i.rt_chk_robin      rtx_conf_cm.o
    0x08007b4e   0x08007b4e   0x00000002   PAD
    0x08007b50   0x08007b50   0x00000074   Code   RO         3713    i.rt_dec_dly        RTX_CM3.lib(rt_list.o)
    0x08007bc4   0x08007bc4   0x00000044   Code   RO         3338    i.rt_dispatch       RTX_CM3.lib(rt_task.o)
    0x08007c08   0x08007c08   0x00000006   Code   RO         3518    i.rt_dly_wait       RTX_CM3.lib(rt_time.o)
    0x08007c0e   0x08007c0e   0x00000002   PAD
    0x08007c10   0x08007c10   0x0000000c   Code   RO         3438    i.rt_evt_get        RTX_CM3.lib(rt_event.o)
    0x08007c1c   0x08007c1c   0x0000004c   Code   RO         3439    i.rt_evt_psh        RTX_CM3.lib(rt_event.o)
    0x08007c68   0x08007c68   0x00000060   Code   RO         3440    i.rt_evt_set        RTX_CM3.lib(rt_event.o)
    0x08007cc8   0x08007cc8   0x0000003c   Code   RO         3441    i.rt_evt_wait       RTX_CM3.lib(rt_event.o)
    0x08007d04   0x08007d04   0x00000020   Code   RO         3795    i.rt_free_box       RTX_CM3.lib(rt_membox.o)
    0x08007d24   0x08007d24   0x00000028   Code   RO         3714    i.rt_get_first      RTX_CM3.lib(rt_list.o)
    0x08007d4c   0x08007d4c   0x00000024   Code   RO         3715    i.rt_get_same_rdy_prio  RTX_CM3.lib(rt_list.o)
    0x08007d70   0x08007d70   0x0000004c   Code   RO         3339    i.rt_init_context   RTX_CM3.lib(rt_task.o)
    0x08007dbc   0x08007dbc   0x00000002   Code   RO         1110    i.rt_init_robin     rtx_conf_cm.o
    0x08007dbe   0x08007dbe   0x00000002   PAD
    0x08007dc0   0x08007dc0   0x00000050   Code   RO         3579    i.rt_init_stack     RTX_CM3.lib(hal_cm3.o)
    0x08007e10   0x08007e10   0x000000d4   Code   RO         3830    i.rt_mbx_psh        RTX_CM3.lib(rt_mailbox.o)
    0x08007ee4   0x08007ee4   0x000000e4   Code   RO         3552    i.rt_mut_release    RTX_CM3.lib(rt_mutex.o)
    0x08007fc8   0x08007fc8   0x00000068   Code   RO         3553    i.rt_mut_wait       RTX_CM3.lib(rt_mutex.o)
    0x08008030   0x08008030   0x0000007c   Code   RO         3631    i.rt_pop_req        RTX_CM3.lib(rt_system.o)
    0x080080ac   0x080080ac   0x00000020   Code   RO         3632    i.rt_psh_req        RTX_CM3.lib(rt_system.o)
    0x080080cc   0x080080cc   0x0000005c   Code   RO         3716    i.rt_psq_enq        RTX_CM3.lib(rt_list.o)
    0x08008128   0x08008128   0x00000048   Code   RO         3717    i.rt_put_dly        RTX_CM3.lib(rt_list.o)
    0x08008170   0x08008170   0x00000036   Code   RO         3718    i.rt_put_prio       RTX_CM3.lib(rt_list.o)
    0x080081a6   0x080081a6   0x00000002   PAD
    0x080081a8   0x080081a8   0x00000014   Code   RO         3719    i.rt_put_rdy_first  RTX_CM3.lib(rt_list.o)
    0x080081bc   0x080081bc   0x00000034   Code   RO         3720    i.rt_resort_prio    RTX_CM3.lib(rt_list.o)
    0x080081f0   0x080081f0   0x00000028   Code   RO         3721    i.rt_rmv_dly        RTX_CM3.lib(rt_list.o)
    0x08008218   0x08008218   0x00000030   Code   RO         3722    i.rt_rmv_list       RTX_CM3.lib(rt_list.o)
    0x08008248   0x08008248   0x0000000c   Code   RO         3483    i.rt_sem_init       RTX_CM3.lib(rt_semaphore.o)
    0x08008254   0x08008254   0x00000034   Code   RO         3484    i.rt_sem_psh        RTX_CM3.lib(rt_semaphore.o)
    0x08008288   0x08008288   0x00000038   Code   RO         3485    i.rt_sem_send       RTX_CM3.lib(rt_semaphore.o)
    0x080082c0   0x080082c0   0x00000040   Code   RO         3486    i.rt_sem_wait       RTX_CM3.lib(rt_semaphore.o)
    0x08008300   0x08008300   0x00000024   Code   RO         3634    i.rt_stk_check      RTX_CM3.lib(rt_system.o)
    0x08008324   0x08008324   0x00000028   Code   RO         3340    i.rt_switch_req     RTX_CM3.lib(rt_task.o)
    0x0800834c   0x0800834c   0x00000154   Code   RO         3341    i.rt_sys_init       RTX_CM3.lib(rt_task.o)
    0x080084a0   0x080084a0   0x00000040   Code   RO         3636    i.rt_systick        RTX_CM3.lib(rt_system.o)
    0x080084e0   0x080084e0   0x0000000c   Code   RO         3521    i.rt_time_get       RTX_CM3.lib(rt_time.o)
    0x080084ec   0x080084ec   0x00000040   Code   RO         3876    i.rt_tmr_tick       RTX_CM3.lib(rt_timer.o)
    0x0800852c   0x0800852c   0x00000090   Code   RO         3342    i.rt_tsk_create     RTX_CM3.lib(rt_task.o)
    0x080085bc   0x080085bc   0x0000016c   Code   RO         3343    i.rt_tsk_delete     RTX_CM3.lib(rt_task.o)
    0x08008728   0x08008728   0x00000030   Code   RO         3344    i.rt_tsk_pass       RTX_CM3.lib(rt_task.o)
    0x08008758   0x08008758   0x0000008c   Code   RO         3345    i.rt_tsk_prio       RTX_CM3.lib(rt_task.o)
    0x080087e4   0x080087e4   0x00000010   Code   RO         3346    i.rt_tsk_self       RTX_CM3.lib(rt_task.o)
    0x080087f4   0x080087f4   0x00000004   Code   RO         1203    i.usbd_class_init   usb_config.o
    0x080087f8   0x080087f8   0x00000004   Code   RO         3256    i.usbd_connect      USB_CM3.lib(usbd_core.o)
    0x080087fc   0x080087fc   0x00000004   Code   RO         3303    i.usbd_hid_get_protocol  USB_CM3.lib(usbd_hid.o)
    0x08008800   0x08008800   0x0000001c   Code   RO          934    i.usbd_hid_get_report  usbd_user_hid.o
    0x0800881c   0x0800881c   0x0000009c   Code   RO         3305    i.usbd_hid_get_report_trigger  USB_CM3.lib(usbd_hid.o)
    0x080088b8   0x080088b8   0x00000002   Code   RO          935    i.usbd_hid_init     usbd_user_hid.o
    0x080088ba   0x080088ba   0x00000002   Code   RO         3307    i.usbd_hid_set_protocol  USB_CM3.lib(usbd_hid.o)
    0x080088bc   0x080088bc   0x0000004c   Code   RO          936    i.usbd_hid_set_report  usbd_user_hid.o
    0x08008908   0x08008908   0x0000001c   Code   RO         3257    i.usbd_init         USB_CM3.lib(usbd_core.o)
    0x08008924   0x08008924   0x0000000c   Code   RO         1204    i.usbd_os_evt_get   usb_config.o
    0x08008930   0x08008930   0x00000010   Code   RO         1205    i.usbd_os_evt_set   usb_config.o
    0x08008940   0x08008940   0x00000010   Code   RO         1206    i.usbd_os_evt_wait_or  usb_config.o
    0x08008950   0x08008950   0x00000024   Code   RO         3258    i.usbd_reset_core   USB_CM3.lib(usbd_core.o)
    0x08008974   0x08008974   0x00000004   Data   RO           23    .constdata          application.o
    0x08008978   0x08008978   0x00000004   Data   RO           24    .constdata          application.o
    0x0800897c   0x0800897c   0x00000021   Data   RO           25    .constdata          application.o
    0x0800899d   0x0800899d   0x00000001   PAD
    0x0800899e   0x0800899e   0x0000000a   Data   RO           26    .constdata          application.o
    0x080089a8   0x080089a8   0x00000050   Data   RO          467    .constdata          led.o
    0x080089f8   0x080089f8   0x00000030   Data   RO          617    .constdata          stepper.o
    0x08008a28   0x08008a28   0x0000007a   Data   RO         1005    .constdata          userdata.o
    0x08008aa2   0x08008aa2   0x00000002   Data   RO         1116    .constdata          rtx_conf_cm.o
    0x08008aa4   0x08008aa4   0x00000004   Data   RO         1117    .constdata          rtx_conf_cm.o
    0x08008aa8   0x08008aa8   0x00000004   Data   RO         1119    .constdata          rtx_conf_cm.o
    0x08008aac   0x08008aac   0x00000001   Data   RO         1120    .constdata          rtx_conf_cm.o
    0x08008aad   0x08008aad   0x00000003   PAD
    0x08008ab0   0x08008ab0   0x00000008   Data   RO         1121    .constdata          rtx_conf_cm.o
    0x08008ab8   0x08008ab8   0x00000002   Data   RO         1122    .constdata          rtx_conf_cm.o
    0x08008aba   0x08008aba   0x00000002   PAD
    0x08008abc   0x08008abc   0x00000004   Data   RO         1123    .constdata          rtx_conf_cm.o
    0x08008ac0   0x08008ac0   0x00000001   Data   RO         1124    .constdata          rtx_conf_cm.o
    0x08008ac1   0x08008ac1   0x00000001   PAD
    0x08008ac2   0x08008ac2   0x00000002   Data   RO         1125    .constdata          rtx_conf_cm.o
    0x08008ac4   0x08008ac4   0x00000001   Data   RO         1210    .constdata          usb_config.o
    0x08008ac5   0x08008ac5   0x00000001   Data   RO         1211    .constdata          usb_config.o
    0x08008ac6   0x08008ac6   0x00000002   Data   RO         1212    .constdata          usb_config.o
    0x08008ac8   0x08008ac8   0x00000001   Data   RO         1214    .constdata          usb_config.o
    0x08008ac9   0x08008ac9   0x00000001   Data   RO         1215    .constdata          usb_config.o
    0x08008aca   0x08008aca   0x00000001   Data   RO         1216    .constdata          usb_config.o
    0x08008acb   0x08008acb   0x00000001   PAD
    0x08008acc   0x08008acc   0x00000004   Data   RO         1218    .constdata          usb_config.o
    0x08008ad0   0x08008ad0   0x00000004   Data   RO         1219    .constdata          usb_config.o
    0x08008ad4   0x08008ad4   0x00000001   Data   RO         1220    .constdata          usb_config.o
    0x08008ad5   0x08008ad5   0x00000001   PAD
    0x08008ad6   0x08008ad6   0x00000002   Data   RO         1222    .constdata          usb_config.o
    0x08008ad8   0x08008ad8   0x00000004   Data   RO         1233    .constdata          usb_config.o
    0x08008adc   0x08008adc   0x00000004   Data   RO         1234    .constdata          usb_config.o
    0x08008ae0   0x08008ae0   0x00000004   Data   RO         1235    .constdata          usb_config.o
    0x08008ae4   0x08008ae4   0x00000004   Data   RO         1236    .constdata          usb_config.o
    0x08008ae8   0x08008ae8   0x00000048   Data   RO         1237    .constdata          usb_config.o
    0x08008b30   0x08008b30   0x00000021   Data   RO         1238    .constdata          usb_config.o
    0x08008b51   0x08008b51   0x00000001   PAD
    0x08008b52   0x08008b52   0x00000002   Data   RO         1239    .constdata          usb_config.o
    0x08008b54   0x08008b54   0x00000002   Data   RO         1240    .constdata          usb_config.o
    0x08008b56   0x08008b56   0x00000012   Data   RO         1241    .constdata          usb_config.o
    0x08008b68   0x08008b68   0x00000001   Data   RO         1242    .constdata          usb_config.o
    0x08008b69   0x08008b69   0x00000001   Data   RO         1243    .constdata          usb_config.o
    0x08008b6a   0x08008b6a   0x00000023   Data   RO         1244    .constdata          usb_config.o
    0x08008b8d   0x08008b8d   0x00000001   Data   RO         1245    .constdata          usb_config.o
    0x08008b8e   0x08008b8e   0x00000001   Data   RO         1246    .constdata          usb_config.o
    0x08008b8f   0x08008b8f   0x00000001   Data   RO         1247    .constdata          usb_config.o
    0x08008b90   0x08008b90   0x00000060   Data   RO         1248    .constdata          usb_config.o
    0x08008bf0   0x08008bf0   0x00000004   Data   RO         3639    .constdata          RTX_CM3.lib(rt_system.o)
    0x08008bf4   0x08008bf4   0x00000020   Data   RO         4089    Region$$Table       anon$$obj.o


    Execution Region RW_IRAM1 (Exec base: 0x20000000, Load base: 0x08008c14, Size: 0x000036c0, Max: 0x00005000, ABSOLUTE)

    Exec Addr    Load Addr    Size         Type   Attr      Idx    E Section Name        Object

    0x20000000   0x08008c14   0x00000050   Data   RW           27    .data               application.o
    0x20000050   0x08008c64   0x00000008   Data   RW          517    .data               messageproc.o
    0x20000058   0x08008c6c   0x0000000c   Data   RW          751    .data               usbd_stm32f103.o
    0x20000064   0x08008c78   0x00000001   Data   RW          938    .data               usbd_user_hid.o
    0x20000065   0x08008c79   0x00000003   PAD
    0x20000068   0x08008c7c   0x00000004   Data   RW         1126    .data               rtx_conf_cm.o
    0x2000006c   0x08008c80   0x00000001   Data   RW         1249    .data               usb_config.o
    0x2000006d   0x08008c81   0x00000001   PAD
    0x2000006e   0x08008c82   0x00000002   Data   RW         1250    .data               usb_config.o
    0x20000070   0x08008c84   0x00000001   Data   RW         1251    .data               usb_config.o
    0x20000071   0x08008c85   0x00000001   Data   RW         1252    .data               usb_config.o
    0x20000072   0x08008c86   0x00000001   Data   RW         1253    .data               usb_config.o
    0x20000073   0x08008c87   0x00000002   Data   RW         1254    .data               usb_config.o
    0x20000075   0x08008c89   0x00000014   Data   RW         2285    .data               stm32f10x_rcc.o
    0x20000089   0x08008c9d   0x00000003   PAD
    0x2000008c   0x08008ca0   0x00000028   Data   RW         3260    .data               USB_CM3.lib(usbd_core.o)
    0x200000b4   0x08008cc8   0x00000004   Data   RW         3261    .data               USB_CM3.lib(usbd_core.o)
    0x200000b8   0x08008ccc   0x00000030   Data   RW         3309    .data               USB_CM3.lib(usbd_hid.o)
    0x200000e8   0x08008cfc   0x00000008   Data   RW         3348    .data               RTX_CM3.lib(rt_task.o)
    0x200000f0   0x08008d04   0x00000004   Data   RW         3522    .data               RTX_CM3.lib(rt_time.o)
    0x200000f4   0x08008d08   0x00000001   Data   RW         3580    .data               RTX_CM3.lib(hal_cm3.o)
    0x200000f5   0x08008d09   0x00000003   PAD
    0x200000f8   0x08008d0c   0x00000008   Data   RW         3640    .data               RTX_CM3.lib(rt_system.o)
    0x20000100   0x08008d14   0x00000008   Data   RW         3877    .data               RTX_CM3.lib(rt_timer.o)
    0x20000108        -       0x00000014   Zero   RW           22    .bss                application.o
    0x2000011c        -       0x00000800   Zero   RW          516    .bss                messageproc.o
    0x2000091c        -       0x00000018   Zero   RW          616    .bss                stepper.o
    0x20000934        -       0x00000404   Zero   RW          680    .bss                usart.o
    0x20000d38        -       0x00000444   Zero   RW          937    .bss                usbd_user_hid.o
    0x2000117c        -       0x0000023c   Zero   RW         1111    .bss                rtx_conf_cm.o
    0x200013b8        -       0x00001610   Zero   RW         1112    .bss                rtx_conf_cm.o
    0x200029c8        -       0x00000304   Zero   RW         1113    .bss                rtx_conf_cm.o
    0x20002ccc        -       0x00000028   Zero   RW         1114    .bss                rtx_conf_cm.o
    0x20002cf4        -       0x00000040   Zero   RW         1207    .bss                usb_config.o
    0x20002d34        -       0x00000041   Zero   RW         1208    .bss                usb_config.o
    0x20002d75        -       0x00000041   Zero   RW         1209    .bss                usb_config.o
    0x20002db6   0x08008d1c   0x00000002   PAD
    0x20002db8        -       0x00000040   Zero   RW         3259    .bss                USB_CM3.lib(usbd_core.o)
    0x20002df8        -       0x00000038   Zero   RW         3347    .bss                RTX_CM3.lib(rt_task.o)
    0x20002e30        -       0x00000030   Zero   RW         3723    .bss                RTX_CM3.lib(rt_list.o)
    0x20002e60        -       0x00000060   Zero   RW         3925    .bss                c_w.l(libspace.o)
    0x20002ec0        -       0x00000400   Zero   RW         3200    HEAP                startup_stm32f10x_md.o
    0x200032c0        -       0x00000400   Zero   RW         3199    STACK               startup_stm32f10x_md.o


==============================================================================

Image component sizes


      Code (inc. data)   RO Data    RW Data    ZI Data      Debug   Object Name

      2060        270         51         80         20     282577   application.o
       148         16          0          0          0      29627   button.o
      1128         24          0          0          0      13882   command.o
        54          0          0          0          0       1120   crc16.o
        42          0          0          0          0        864   iwdg.o
       176         22         80          0          0       2762   led.o
       792         46          0          8       2048       4617   messageproc.o
        20          8          0          0          0        606   misc.o
        70         12         28          4       7032       4244   rtx_conf_cm.o
       396         30          0          0          0       3077   sensor.o
        64         26        236          0       2048        792   startup_stm32f10x_md.o
       700         64         48          0         24      29840   stepper.o
       144          8          0          0          0       2055   stm32f10x_exti.o
       320         40          0          0          0       7377   stm32f10x_flash.o
       312         12          0          0          0       5664   stm32f10x_gpio.o
        68         30          0          0          0       2818   stm32f10x_iwdg.o
       192         28          0         20          0       4962   stm32f10x_rcc.o
       552         72          0          0          0      11575   stm32f10x_tim.o
       338          6          0          0          0       7583   stm32f10x_usart.o
         8          8          0          0          0        172   svc_table.o
       248         24          0          0          0       1665   system_stm32f10x.o
       296         26          0          0       1028       3704   usart.o
       318         60        297          8        194      22032   usb_config.o
      1028        110          0         12          0      17815   usbd_stm32f103.o
       178         24          0          1       1092       4149   usbd_user_hid.o
       680         88        122          0          0      11276   userdata.o

    ----------------------------------------------------------------------
     10354       1054        904        140      13488     476855   Object Totals
         0          0         32          0          0          0   (incl. Generated)
        22          0         10          7          2          0   (incl. Padding)

    ----------------------------------------------------------------------

      Code (inc. data)   RO Data    RW Data    ZI Data      Debug   Library Member Name

       516         56          0          1          0       2793   hal_cm3.o
       284         24          0          0          0       2819   rt_event.o
       570         44          0          0         48       8236   rt_list.o
       212          6          0          0          0        781   rt_mailbox.o
       128          0          0          0          0       1785   rt_membox.o
       332         12          0          0          0       1491   rt_mutex.o
       184         16          0          0          0       2159   rt_semaphore.o
       298         52          4          8          0       3698   rt_system.o
      1292        186          0          8         56       8792   rt_task.o
        18          6          0          4          0        966   rt_time.o
        64          8          0          8          0        631   rt_timer.o
      2124        180          0         44         64       1196   usbd_core.o
       352         92          0          0          0        240   usbd_core_hid.o
      1166        170          0         48          0       1004   usbd_hid.o
         8          0          0          0          0         68   __main.o
         0          0          0          0          0          0   __rtentry.o
        12          0          0          0          0          0   __rtentry2.o
         6          0          0          0          0          0   __rtentry4.o
        52          8          0          0          0          0   __scatter.o
        26          0          0          0          0          0   __scatter_copy.o
        28          0          0          0          0          0   __scatter_zi.o
        18          0          0          0          0         80   exit.o
         6          0          0          0          0        152   heapauxi.o
         0          0          0          0          0          0   indicate_semi.o
         2          0          0          0          0          0   libinit.o
         2          0          0          0          0          0   libinit2.o
         2          0          0          0          0          0   libshutdown.o
         2          0          0          0          0          0   libshutdown2.o
         8          4          0          0         96         68   libspace.o
        68          0          0          0          0         68   rt_memclr.o
        78          0          0          0          0         80   rt_memclr_w.o
       138          0          0          0          0         68   rt_memcpy_v6.o
       100          0          0          0          0         80   rt_memcpy_w.o
         2          0          0          0          0          0   rtexit.o
        10          0          0          0          0          0   rtexit2.o
        12          4          0          0          0         68   sys_exit.o
        74          0          0          0          0         80   sys_stackheap_outer.o
         2          0          0          0          0         68   use_no_semi.o

    ----------------------------------------------------------------------
      8214        868          4        124        264      37471   Library Totals
        18          0          0          3          0          0   (incl. Padding)

    ----------------------------------------------------------------------

      Code (inc. data)   RO Data    RW Data    ZI Data      Debug   Library Name

      3898        410          4         29        104      34151   RTX_CM3.lib
      3642        442          0         92         64       2440   USB_CM3.lib
       656         16          0          0         96        880   c_w.l

    ----------------------------------------------------------------------
      8214        868          4        124        264      37471   Library Totals

    ----------------------------------------------------------------------

==============================================================================


      Code (inc. data)   RO Data    RW Data    ZI Data      Debug   

     18568       1922        908        264      13752     501426   Grand Totals
     18568       1922        908        264      13752     501426   ELF Image Totals
     18568       1922        908        264          0          0   ROM Totals

==============================================================================

    Total RO  Size (Code + RO Data)                19476 (  19.02kB)
    Total RW  Size (RW Data + ZI Data)             14016 (  13.69kB)
    Total ROM Size (Code + RO Data + RW Data)      19740 (  19.28kB)

==============================================================================

