Component: ARM Compiler 5.06 update 6 (build 750) Tool: armlink [4d35ed]

==============================================================================

Section Cross References

    application.o(i.PositionSlot) refers to sensor.o(i.Sensor_Read) for Sensor_Read
    application.o(i.PositionSlot) refers to application.o(i.SetStackToTop) for SetStackToTop
    application.o(i.PositionSlot) refers to stepper.o(i.Stepper_Start) for Stepper_Start
    application.o(i.PositionSlot) refers to stepper.o(i.Stepper_IsRunning) for Stepper_IsRunning
    application.o(i.PositionSlot) refers to stepper.o(i.Stepper_Stop) for Stepper_Stop
    application.o(i.SetStackToBottom) refers to stepper.o(i.Stepper_Start) for Stepper_Start
    application.o(i.SetStackToBottom) refers to sensor.o(i.Sensor_Read) for Sensor_Read
    application.o(i.SetStackToBottom) refers to stepper.o(i.Stepper_IsRunning) for Stepper_IsRunning
    application.o(i.SetStackToBottom) refers to stepper.o(i.Stepper_Stop) for Stepper_Stop
    application.o(i.SetStackToTop) refers to stepper.o(i.Stepper_Start) for Stepper_Start
    application.o(i.SetStackToTop) refers to sensor.o(i.Sensor_Read) for Sensor_Read
    application.o(i.SetStackToTop) refers to stepper.o(i.Stepper_Stop) for Stepper_Stop
    application.o(i.SetStackToTop) refers to stepper.o(i.Stepper_IsRunning) for Stepper_IsRunning
    application.o(i.StartMoveCard) refers to userdata.o(i.ReadControlParameters) for ReadControlParameters
    application.o(i.StartMoveCard) refers to application.o(.bss) for .bss
    application.o(i.StartMoveCard) refers to application.o(.data) for .data
    application.o(i.StartMoveCard) refers to rt_semaphore.o(i.rt_sem_init) for rt_sem_init
    application.o(i.StartMoveCard) refers to application.o(i.Task_MoveCard) for Task_MoveCard
    application.o(i.StartMoveCard) refers to rt_task.o(i.rt_tsk_create) for rt_tsk_create
    application.o(i.StartMoveCard) refers to rt_semaphore.o(i.rt_sem_wait) for rt_sem_wait
    application.o(i.StartPerformanceTest) refers to rt_memclr.o(.text) for __aeabi_memclr
    application.o(i.StartPerformanceTest) refers to application.o(.data) for .data
    application.o(i.StartPerformanceTest) refers to rt_semaphore.o(i.rt_sem_init) for rt_sem_init
    application.o(i.StartPerformanceTest) refers to application.o(i.Task_PerformanceTest) for Task_PerformanceTest
    application.o(i.StartPerformanceTest) refers to rt_task.o(i.rt_tsk_create) for rt_tsk_create
    application.o(i.StartPerformanceTest) refers to rt_semaphore.o(i.rt_sem_wait) for rt_sem_wait
    application.o(i.StartResetDevice) refers to application.o(.data) for .data
    application.o(i.StartResetDevice) refers to rt_semaphore.o(i.rt_sem_init) for rt_sem_init
    application.o(i.StartResetDevice) refers to application.o(i.Task_ResetDevice) for Task_ResetDevice
    application.o(i.StartResetDevice) refers to rt_task.o(i.rt_tsk_create) for rt_tsk_create
    application.o(i.StartResetDevice) refers to rt_semaphore.o(i.rt_sem_wait) for rt_sem_wait
    application.o(i.StartSelectSlot) refers to application.o(.data) for .data
    application.o(i.StartSelectSlot) refers to rt_semaphore.o(i.rt_sem_init) for rt_sem_init
    application.o(i.StartSelectSlot) refers to application.o(i.Task_SelectSlot) for Task_SelectSlot
    application.o(i.StartSelectSlot) refers to rt_task.o(i.rt_tsk_create) for rt_tsk_create
    application.o(i.StartSelectSlot) refers to rt_semaphore.o(i.rt_sem_wait) for rt_sem_wait
    application.o(i.StopMoveCard) refers to application.o(.data) for .data
    application.o(i.StopMoveCard) refers to rt_semaphore.o(i.rt_sem_send) for rt_sem_send
    application.o(i.StopMoveCard) refers to rt_semaphore.o(i.rt_sem_wait) for rt_sem_wait
    application.o(i.Task_Comm) refers to messageproc.o(i.WaitForMessage) for WaitForMessage
    application.o(i.Task_Comm) refers to messageproc.o(i.HandleCurrentMessage) for HandleCurrentMessage
    application.o(i.Task_Comm) refers to rt_task.o(i.rt_tsk_pass) for rt_tsk_pass
    application.o(i.Task_Idle) refers to application.o(i.UpdateSensorData) for UpdateSensorData
    application.o(i.Task_Idle) refers to led.o(i.LED_On) for LED_On
    application.o(i.Task_Idle) refers to led.o(i.LED_Off) for LED_Off
    application.o(i.Task_Idle) refers to led.o(i.LED_ToggleState) for LED_ToggleState
    application.o(i.Task_Idle) refers to rt_time.o(i.rt_time_get) for rt_time_get
    application.o(i.Task_Idle) refers to application.o(.data) for .data
    application.o(i.Task_Idle) refers to rt_time.o(i.rt_dly_wait) for rt_dly_wait
    application.o(i.Task_Init) refers to usbd_core.o(i.usbd_init) for usbd_init
    application.o(i.Task_Init) refers to usbd_core.o(i.usbd_connect) for usbd_connect
    application.o(i.Task_Init) refers to application.o(i.StartResetDevice) for StartResetDevice
    application.o(i.Task_Init) refers to rt_task.o(i.rt_tsk_prio) for rt_tsk_prio
[...]
    SysTick_Handler                          0x080042c9   Thumb Code     8  hal_cm3.o(.emb_text)
    OS_Tick_Handler                          0x080042d1   Thumb Code    12  hal_cm3.o(.emb_text)
    Reset_Handler                            0x080042dd   Thumb Code     8  startup_stm32f10x_md.o(.text)
    NMI_Handler                              0x080042e5   Thumb Code     2  startup_stm32f10x_md.o(.text)
    HardFault_Handler                        0x080042e7   Thumb Code     2  startup_stm32f10x_md.o(.text)
    MemManage_Handler                        0x080042e9   Thumb Code     2  startup_stm32f10x_md.o(.text)
    BusFault_Handler                         0x080042eb   Thumb Code     2  startup_stm32f10x_md.o(.text)
    UsageFault_Handler                       0x080042ed   Thumb Code     2  startup_stm32f10x_md.o(.text)
    DebugMon_Handler                         0x080042f1   Thumb Code     2  startup_stm32f10x_md.o(.text)
    ADC1_2_IRQHandler                        0x080042f7   Thumb Code     0  startup_stm32f10x_md.o(.text)
    CAN1_RX1_IRQHandler                      0x080042f7   Thumb Code     0  startup_stm32f10x_md.o(.text)
    CAN1_SCE_IRQHandler                      0x080042f7   Thumb Code     0  startup_stm32f10x_md.o(.text)
    DMA1_Channel1_IRQHandler                 0x080042f7   Thumb Code     0  startup_stm32f10x_md.o(.text)
    DMA1_Channel2_IRQHandler                 0x080042f7   Thumb Code     0  startup_stm32f10x_md.o(.text)
    DMA1_Channel3_IRQHandler                 0x080042f7   Thumb Code     0  startup_stm32f10x_md.o(.text)
    DMA1_Channel4_IRQHandler                 0x080042f7   Thumb Code     0  startup_stm32f10x_md.o(.text)
    DMA1_Channel5_IRQHandler                 0x080042f7   Thumb Code     0  startup_stm32f10x_md.o(.text)
    DMA1_Channel6_IRQHandler                 0x080042f7   Thumb Code     0  startup_stm32f10x_md.o(.text)
    DMA1_Channel7_IRQHandler                 0x080042f7   Thumb Code     0  startup_stm32f10x_md.o(.text)
    EXTI0_IRQHandler                         0x080042f7   Thumb Code     0  startup_stm32f10x_md.o(.text)
    EXTI1_IRQHandler                         0x080042f7   Thumb Code     0  startup_stm32f10x_md.o(.text)
    EXTI2_IRQHandler                         0x080042f7   Thumb Code     0  startup_stm32f10x_md.o(.text)
    EXTI3_IRQHandler                         0x080042f7   Thumb Code     0  startup_stm32f10x_md.o(.text)
    EXTI4_IRQHandler                         0x080042f7   Thumb Code     0  startup_stm32f10x_md.o(.text)
    EXTI9_5_IRQHandler                       0x080042f7   Thumb Code     0  startup_stm32f10x_md.o(.text)
    FLASH_IRQHandler                         0x080042f7   Thumb Code     0  startup_stm32f10x_md.o(.text)
    I2C1_ER_IRQHandler                       0x080042f7   Thumb Code     0  startup_stm32f10x_md.o(.text)
    I2C1_EV_IRQHandler                       0x080042f7   Thumb Code     0  startup_stm32f10x_md.o(.text)
    I2C2_ER_IRQHandler                       0x080042f7   Thumb Code     0  startup_stm32f10x_md.o(.text)
    I2C2_EV_IRQHandler                       0x080042f7   Thumb Code     0  startup_stm32f10x_md.o(.text)
    PVD_IRQHandler                           0x080042f7   Thumb Code     0  startup_stm32f10x_md.o(.text)
    RCC_IRQHandler                           0x080042f7   Thumb Code     0  startup_stm32f10x_md.o(.text)
    RTCAlarm_IRQHandler                      0x080042f7   Thumb Code     0  startup_stm32f10x_md.o(.text)
    RTC_IRQHandler                           0x080042f7   Thumb Code     0  startup_stm32f10x_md.o(.text)
    SPI1_IRQHandler                          0x080042f7   Thumb Code     0  startup_stm32f10x_md.o(.text)
    SPI2_IRQHandler                          0x080042f7   Thumb Code     0  startup_stm32f10x_md.o(.text)
    TAMPER_IRQHandler                        0x080042f7   Thumb Code     0  startup_stm32f10x_md.o(.text)
    TIM1_BRK_IRQHandler                      0x080042f7   Thumb Code     0  startup_stm32f10x_md.o(.text)
    TIM1_CC_IRQHandler                       0x080042f7   Thumb Code     0  startup_stm32f10x_md.o(.text)
    TIM1_TRG_COM_IRQHandler                  0x080042f7   Thumb Code     0  startup_stm32f10x_md.o(.text)
    TIM1_UP_IRQHandler                       0x080042f7   Thumb Code     0  startup_stm32f10x_md.o(.text)
    TIM2_IRQHandler                          0x080042f7   Thumb Code     0  startup_stm32f10x_md.o(.text)
    TIM4_IRQHandler                          0x080042f7   Thumb Code     0  startup_stm32f10x_md.o(.text)
    USART2_IRQHandler                        0x080042f7   Thumb Code     0  startup_stm32f10x_md.o(.text)
    USART3_IRQHandler                        0x080042f7   Thumb Code     0  startup_stm32f10x_md.o(.text)
    USBWakeUp_IRQHandler                     0x080042f7   Thumb Code     0  startup_stm32f10x_md.o(.text)
    USB_HP_CAN1_TX_IRQHandler                0x080042f7   Thumb Code     0  startup_stm32f10x_md.o(.text)
    WWDG_IRQHandler                          0x080042f7   Thumb Code     0  startup_stm32f10x_md.o(.text)
    __user_initial_stackheap                 0x080042f9   Thumb Code     0  startup_stm32f10x_md.o(.text)
    __user_libspace                          0x0800431d   Thumb Code     8  libspace.o(.text)
    __user_perproc_libspace                  0x0800431d   Thumb Code     0  libspace.o(.text)
    __aeabi_memcpy                           0x08004325   Thumb Code     0  rt_memcpy_v6.o(.text)
    __rt_memcpy                              0x08004325   Thumb Code   138  rt_memcpy_v6.o(.text)
    _memcpy_lastbytes                        0x0800438b   Thumb Code     0  rt_memcpy_v6.o(.text)
    __aeabi_memclr                           0x080043af   Thumb Code     0  rt_memclr.o(.text)
    __rt_memclr                              0x080043af   Thumb Code    68  rt_memclr.o(.text)
    _memset                                  0x080043b3   Thumb Code     0  rt_memclr.o(.text)
    __use_two_region_memory                  0x080043f3   Thumb Code     2  heapauxi.o(.text)
    __rt_heap_escrow$2region                 0x080043f5   Thumb Code     2  heapauxi.o(.text)
    __rt_heap_expand$2region                 0x080043f7   Thumb Code     2  heapauxi.o(.text)
    __aeabi_memcpy4                          0x080043f9   Thumb Code     0  rt_memcpy_w.o(.text)
    __aeabi_memcpy8                          0x080043f9   Thumb Code     0  rt_memcpy_w.o(.text)
    __rt_memcpy_w                            0x080043f9   Thumb Code   100  rt_memcpy_w.o(.text)
    _memcpy_lastbytes_aligned                0x08004441   Thumb Code     0  rt_memcpy_w.o(.text)
    __aeabi_memclr4                          0x0800445d   Thumb Code     0  rt_memclr_w.o(.text)
    __aeabi_memclr8                          0x0800445d   Thumb Code     0  rt_memclr_w.o(.text)
    __rt_memclr_w                            0x0800445d   Thumb Code    78  rt_memclr_w.o(.text)
    _memset_w                                0x08004461   Thumb Code     0  rt_memclr_w.o(.text)
    __user_setup_stackheap                   0x080044ab   Thumb Code    74  sys_stackheap_outer.o(.text)
    exit                                     0x080044f5   Thumb Code    18  exit.o(.text)
    _sys_exit                                0x08004509   Thumb Code     8  sys_exit.o(.text)
    __I$use$semihosting                      0x08004515   Thumb Code     0  use_no_semi.o(.text)
    __use_no_semihosting_swi                 0x08004515   Thumb Code     2  use_no_semi.o(.text)
    __semihosting_library_function           0x08004517   Thumb Code     0  indicate_semi.o(.text)
    SVC_Count                                0x08004518   Data           4  svc_table.o(SVC_TABLE)
    SVC_Table                                0x0800451c   Data           0  svc_table.o(SVC_TABLE)
    CalcCRC16                                0x08004521   Thumb Code    54  crc16.o(i.CalcCRC16)
    CleanCardInfoB                           0x08004559   Thumb Code    24  userdata.o(i.CleanCardInfoB)
    ClearCardInfoA                           0x08004579   Thumb Code    24  userdata.o(i.ClearCardInfoA)
    EP_Reset                                 0x08004599   Thumb Code    34  usbd_stm32f103.o(i.EP_Reset)
    EP_Status                                0x080045c1   Thumb Code    46  usbd_stm32f103.o(i.EP_Status)
    EXTI15_10_IRQHandler                     0x080045f5   Thumb Code    48  button.o(i.EXTI15_10_IRQHandler)
    EXTI_GetITStatus                         0x0800462d   Thumb Code    28  stm32f10x_exti.o(i.EXTI_GetITStatus)
    EXTI_Init                                0x0800464d   Thumb Code   108  stm32f10x_exti.o(i.EXTI_Init)
    EnableResetButton                        0x080046bd   Thumb Code    84  button.o(i.EnableResetButton)
    ExecCommand                              0x08004719   Thumb Code   822  command.o(i.ExecCommand)
    FLASH_ClearFlag                          0x08004a59   Thumb Code     6  stm32f10x_flash.o(i.FLASH_ClearFlag)
    FLASH_ErasePage                          0x08004a65   Thumb Code    56  stm32f10x_flash.o(i.FLASH_ErasePage)
    FLASH_GetBank1Status                     0x08004aa1   Thumb Code    34  stm32f10x_flash.o(i.FLASH_GetBank1Status)
    FLASH_Lock                               0x08004ac9   Thumb Code    12  stm32f10x_flash.o(i.FLASH_Lock)
    FLASH_ProgramHalfWord                    0x08004ad9   Thumb Code    48  stm32f10x_flash.o(i.FLASH_ProgramHalfWord)
    FLASH_Unlock                             0x08004b0d   Thumb Code    12  stm32f10x_flash.o(i.FLASH_Unlock)
    FLASH_WaitForLastOperation               0x08004b25   Thumb Code    36  stm32f10x_flash.o(i.FLASH_WaitForLastOperation)
    GPIO_EXTILineConfig                      0x08004b49   Thumb Code    34  stm32f10x_gpio.o(i.GPIO_EXTILineConfig)
    GPIO_Init                                0x08004b71   Thumb Code   162  stm32f10x_gpio.o(i.GPIO_Init)
    GPIO_PinRemapConfig                      0x08004c15   Thumb Code    82  stm32f10x_gpio.o(i.GPIO_PinRemapConfig)
    GPIO_ReadInputDataBit                    0x08004c6d   Thumb Code    14  stm32f10x_gpio.o(i.GPIO_ReadInputDataBit)
    GPIO_ResetBits                           0x08004c7b   Thumb Code     4  stm32f10x_gpio.o(i.GPIO_ResetBits)
    GPIO_SetBits                             0x08004c7f   Thumb Code     4  stm32f10x_gpio.o(i.GPIO_SetBits)
    HandleCurrentMessage                     0x08004c85   Thumb Code   230  messageproc.o(i.HandleCurrentMessage)
    InitPage                                 0x08004d7d   Thumb Code    44  userdata.o(i.InitPage)
    InitUserDataROM                          0x08004da9   Thumb Code    98  userdata.o(i.InitUserDataROM)
    LED_Off                                  0x08004e25   Thumb Code    32  led.o(i.LED_Off)
    LED_On                                   0x08004e49   Thumb Code    32  led.o(i.LED_On)
    LED_ToggleState                          0x08004e6d   Thumb Code    20  led.o(i.LED_ToggleState)
    LEDs_Configuration                       0x08004e85   Thumb Code    70  led.o(i.LEDs_Configuration)
    NVIC_SetVectorTable                      0x08004fa5   Thumb Code    12  misc.o(i.NVIC_SetVectorTable)
    OutputStatusDetail                       0x08004fb9   Thumb Code   152  messageproc.o(i.OutputStatusDetail)
    PositionSlot                             0x08005059   Thumb Code   116  application.o(i.PositionSlot)
    ProgramCardInfoA                         0x080050cd   Thumb Code    22  userdata.o(i.ProgramCardInfoA)
    ProgramDefaultControlParameters          0x080050e9   Thumb Code    20  userdata.o(i.ProgramDefaultControlParameters)
    ProgramDeviceInfo                        0x08005105   Thumb Code    20  userdata.o(i.ProgramDeviceInfo)
    ProgramRetainCount                       0x0800511d   Thumb Code    20  userdata.o(i.ProgramRetainCount)
    ProgramSlotsFunc                         0x08005135   Thumb Code    20  userdata.o(i.ProgramSlotsFunc)
    ProgrmaControlParameters                 0x0800514d   Thumb Code    20  userdata.o(i.ProgrmaControlParameters)
    RCC_APB1PeriphClockCmd                   0x08005165   Thumb Code    18  stm32f10x_rcc.o(i.RCC_APB1PeriphClockCmd)
    RCC_APB2PeriphClockCmd                   0x0800517d   Thumb Code    18  stm32f10x_rcc.o(i.RCC_APB2PeriphClockCmd)
    RCC_GetClocksFreq                        0x08005195   Thumb Code   128  stm32f10x_rcc.o(i.RCC_GetClocksFreq)
    ReadCardInfoA                            0x08005225   Thumb Code    12  userdata.o(i.ReadCardInfoA)
    ReadCardInfoB                            0x08005235   Thumb Code     4  userdata.o(i.ReadCardInfoB)
    ReadControlParameters                    0x08005239   Thumb Code    10  userdata.o(i.ReadControlParameters)
    ReadDeviceInfo                           0x08005249   Thumb Code    10  userdata.o(i.ReadDeviceInfo)
    ReadPage                                 0x08005259   Thumb Code    48  userdata.o(i.ReadPage)
    ReadRetainCount                          0x08005289   Thumb Code    10  userdata.o(i.ReadRetainCount)
    ReadSlotsFunc                            0x08005299   Thumb Code    10  userdata.o(i.ReadSlotsFunc)
    Sensor_Read                              0x08005311   Thumb Code    80  sensor.o(i.Sensor_Read)
    Sensors_Configuration                    0x08005369   Thumb Code   128  sensor.o(i.Sensors_Configuration)
    SetStackToBottom                         0x080053f1   Thumb Code    64  application.o(i.SetStackToBottom)
    SetStackToTop                            0x08005431   Thumb Code    50  application.o(i.SetStackToTop)
    StartMoveCard                            0x0800550d   Thumb Code    98  application.o(i.StartMoveCard)
    StartPerformanceTest                     0x08005589   Thumb Code    64  application.o(i.StartPerformanceTest)
    StartResetDevice                         0x080055dd   Thumb Code    60  application.o(i.StartResetDevice)
    StartSelectSlot                          0x0800562d   Thumb Code    62  application.o(i.StartSelectSlot)
    Stepper_IsRunning                        0x080056e9   Thumb Code    12  stepper.o(i.Stepper_IsRunning)
    Stepper_SetDirection                     0x080056f9   Thumb Code    28  stepper.o(i.Stepper_SetDirection)
    Stepper_SetLowVelocity                   0x08005719   Thumb Code    26  stepper.o(i.Stepper_SetLowVelocity)
    Stepper_Start                            0x08005739   Thumb Code   150  stepper.o(i.Stepper_Start)
    Stepper_Stop                             0x080057e1   Thumb Code    68  stepper.o(i.Stepper_Stop)
    Steppers_Configuration                   0x08005831   Thumb Code   244  stepper.o(i.Steppers_Configuration)
    StopMoveCard                             0x0800592d   Thumb Code    34  application.o(i.StopMoveCard)
    SystemInit                               0x0800595d   Thumb Code    64  system_stm32f10x.o(i.SystemInit)
    TIM3_IRQHandler                          0x080059ad   Thumb Code    84  stepper.o(i.TIM3_IRQHandler)
    TIM_ARRPreloadConfig                     0x08005a0d   Thumb Code    20  stm32f10x_tim.o(i.TIM_ARRPreloadConfig)
    TIM_ClearFlag                            0x08005a21   Thumb Code     6  stm32f10x_tim.o(i.TIM_ClearFlag)
    TIM_ClearITPendingBit                    0x08005a27   Thumb Code     6  stm32f10x_tim.o(i.TIM_ClearITPendingBit)
    TIM_Cmd                                  0x08005a2d   Thumb Code    20  stm32f10x_tim.o(i.TIM_Cmd)
    TIM_GetITStatus                          0x08005a41   Thumb Code    24  stm32f10x_tim.o(i.TIM_GetITStatus)
    TIM_ITConfig                             0x08005a59   Thumb Code    16  stm32f10x_tim.o(i.TIM_ITConfig)
    TIM_OC1Init                              0x08005a69   Thumb Code   106  stm32f10x_tim.o(i.TIM_OC1Init)
    TIM_OC1PreloadConfig                     0x08005ae9   Thumb Code    12  stm32f10x_tim.o(i.TIM_OC1PreloadConfig)
    TIM_OC2Init                              0x08005af5   Thumb Code   120  stm32f10x_tim.o(i.TIM_OC2Init)
    TIM_OC2PreloadConfig                     0x08005b75   Thumb Code    20  stm32f10x_tim.o(i.TIM_OC2PreloadConfig)
    TIM_SetAutoreload                        0x08005b89   Thumb Code     4  stm32f10x_tim.o(i.TIM_SetAutoreload)
    TIM_SetCompare2                          0x08005b8d   Thumb Code     4  stm32f10x_tim.o(i.TIM_SetCompare2)
    TIM_SetCounter                           0x08005b91   Thumb Code     4  stm32f10x_tim.o(i.TIM_SetCounter)
    TIM_TimeBaseInit                         0x08005b95   Thumb Code   114  stm32f10x_tim.o(i.TIM_TimeBaseInit)
    Task_Comm                                0x08005c31   Thumb Code    20  application.o(i.Task_Comm)
    Task_Idle                                0x08005c49   Thumb Code   138  application.o(i.Task_Idle)
    Task_Init                                0x08005ce9   Thumb Code    74  application.o(i.Task_Init)
    Task_MoveCard                            0x08005d49   Thumb Code   314  application.o(i.Task_MoveCard)
    Task_PerformanceTest                     0x08005ea9   Thumb Code   272  application.o(i.Task_PerformanceTest)
    Task_ResetDevice                         0x08005fcd   Thumb Code   160  application.o(i.Task_ResetDevice)
    Task_SelectSlot                          0x0800607d   Thumb Code    52  application.o(i.Task_SelectSlot)
    USART1_Configuration                     0x08006169   Thumb Code   136  usart.o(i.USART1_Configuration)
    USART1_IRQHandler                        0x080061fd   Thumb Code    84  usart.o(i.USART1_IRQHandler)
    USART1_Send                              0x08006259   Thumb Code    52  usart.o(i.USART1_Send)
    USART_ClearFlag                          0x08006291   Thumb Code     6  stm32f10x_usart.o(i.USART_ClearFlag)
    USART_Cmd                                0x08006297   Thumb Code    20  stm32f10x_usart.o(i.USART_Cmd)
    USART_GetFlagStatus                      0x080062ab   Thumb Code    14  stm32f10x_usart.o(i.USART_GetFlagStatus)
    USART_GetITStatus                        0x080062b9   Thumb Code    62  stm32f10x_usart.o(i.USART_GetITStatus)
    USART_ITConfig                           0x080062f7   Thumb Code    48  stm32f10x_usart.o(i.USART_ITConfig)
    USART_Init                               0x08006329   Thumb Code   166  stm32f10x_usart.o(i.USART_Init)
    USART_ReceiveData                        0x080063d5   Thumb Code     8  stm32f10x_usart.o(i.USART_ReceiveData)
    USART_SendData                           0x080063dd   Thumb Code     8  stm32f10x_usart.o(i.USART_SendData)
    USBD_ClrStallEP                          0x080063e5   Thumb Code    22  usbd_stm32f103.o(i.USBD_ClrStallEP)
    USBD_ConfigEP                            0x080063fd   Thumb Code   136  usbd_stm32f103.o(i.USBD_ConfigEP)
    USBD_Configure                           0x0800648d   Thumb Code    12  usbd_stm32f103.o(i.USBD_Configure)
    USBD_Connect                             0x0800649d   Thumb Code    28  usbd_stm32f103.o(i.USBD_Connect)
    USBD_DataInStage                         0x080064bd   Thumb Code    48  usbd_core.o(i.USBD_DataInStage)
    USBD_DataOutStage                        0x080064f5   Thumb Code    26  usbd_core.o(i.USBD_DataOutStage)
    USBD_DirCtrlEP                           0x08006515   Thumb Code     2  usbd_stm32f103.o(i.USBD_DirCtrlEP)
    USBD_DisableEP                           0x08006517   Thumb Code     6  usbd_stm32f103.o(i.USBD_DisableEP)
    USBD_EnableEP                            0x0800651d   Thumb Code     8  usbd_stm32f103.o(i.USBD_EnableEP)
    USBD_EndPoint0                           0x08006525   Thumb Code   588  usbd_core.o(i.USBD_EndPoint0)
    USBD_EndPoint0_Out_ADC_ReqToEP           0x08006789   Thumb Code     4  usb_config.o(i.USBD_EndPoint0_Out_ADC_ReqToEP)
    USBD_EndPoint0_Out_ADC_ReqToIF           0x0800678d   Thumb Code     4  usb_config.o(i.USBD_EndPoint0_Out_ADC_ReqToIF)
    USBD_EndPoint0_Out_CDC_ReqToIF           0x08006791   Thumb Code     4  usb_config.o(i.USBD_EndPoint0_Out_CDC_ReqToIF)
    USBD_EndPoint0_Out_CLS_ReqToDEV          0x08006795   Thumb Code     4  usb_config.o(i.USBD_EndPoint0_Out_CLS_ReqToDEV)
    USBD_EndPoint0_Out_CLS_ReqToEP           0x08006799   Thumb Code     4  usb_config.o(i.USBD_EndPoint0_Out_CLS_ReqToEP)
    USBD_EndPoint0_Out_CLS_ReqToIF           0x0800679d   Thumb Code     4  usb_config.o(i.USBD_EndPoint0_Out_CLS_ReqToIF)
    USBD_EndPoint0_Out_HID_ReqToIF           0x080067a1   Thumb Code    38  usbd_core_hid.o(i.USBD_EndPoint0_Out_HID_ReqToIF)
    USBD_EndPoint0_Setup_ADC_ReqToEP         0x080067d1   Thumb Code     4  usb_config.o(i.USBD_EndPoint0_Setup_ADC_ReqToEP)
    USBD_EndPoint0_Setup_ADC_ReqToIF         0x080067d5   Thumb Code     4  usb_config.o(i.USBD_EndPoint0_Setup_ADC_ReqToIF)
    USBD_EndPoint0_Setup_CDC_ReqToIF         0x080067d9   Thumb Code     4  usb_config.o(i.USBD_EndPoint0_Setup_CDC_ReqToIF)
    USBD_EndPoint0_Setup_CLS_ReqToDEV        0x080067dd   Thumb Code     4  usb_config.o(i.USBD_EndPoint0_Setup_CLS_ReqToDEV)
    USBD_EndPoint0_Setup_CLS_ReqToEP         0x080067e1   Thumb Code     4  usb_config.o(i.USBD_EndPoint0_Setup_CLS_ReqToEP)
    USBD_EndPoint0_Setup_CLS_ReqToIF         0x080067e5   Thumb Code     4  usb_config.o(i.USBD_EndPoint0_Setup_CLS_ReqToIF)
    USBD_EndPoint0_Setup_HID_ReqToIF         0x080067e9   Thumb Code   144  usbd_core_hid.o(i.USBD_EndPoint0_Setup_HID_ReqToIF)
    USBD_EndPoint0_Setup_MSC_ReqToIF         0x08006895   Thumb Code     4  usb_config.o(i.USBD_EndPoint0_Setup_MSC_ReqToIF)
    USBD_HID_Configure_Event                 0x08006899   Thumb Code    34  usbd_hid.o(i.USBD_HID_Configure_Event)
    USBD_HID_EP_INTIN_Event                  0x080068c1   Thumb Code   326  usbd_hid.o(i.USBD_HID_EP_INTIN_Event)
    USBD_HID_GetIdle                         0x08006a25   Thumb Code    16  usbd_hid.o(i.USBD_HID_GetIdle)
    USBD_HID_GetProtocol                     0x08006a41   Thumb Code    14  usbd_hid.o(i.USBD_HID_GetProtocol)
    USBD_HID_GetReport                       0x08006a55   Thumb Code    46  usbd_hid.o(i.USBD_HID_GetReport)
    USBD_HID_SOF_Event                       0x08006a91   Thumb Code   288  usbd_hid.o(i.USBD_HID_SOF_Event)
    USBD_HID_SetIdle                         0x08006bd9   Thumb Code    42  usbd_hid.o(i.USBD_HID_SetIdle)
    USBD_HID_SetProtocol                     0x08006c15   Thumb Code    14  usbd_hid.o(i.USBD_HID_SetProtocol)
    USBD_HID_SetReport                       0x08006c29   Thumb Code    50  usbd_hid.o(i.USBD_HID_SetReport)
    USBD_Init                                0x08006c69   Thumb Code    14  usbd_stm32f103.o(i.USBD_Init)
    USBD_RTX_Core                            0x08006c79   Thumb Code    32  usb_config.o(i.USBD_RTX_Core)
    USBD_RTX_Device                          0x08006ca1   Thumb Code    32  usb_config.o(i.USBD_RTX_Device)
    USBD_RTX_EndPoint0                       0x08006cc9   Thumb Code    22  usbd_core.o(i.USBD_RTX_EndPoint0)
    USBD_RTX_HID_EP_INTIN_Event              0x08006cdf   Thumb Code    28  usbd_hid.o(i.USBD_RTX_HID_EP_INTIN_Event)
    USBD_RTX_TaskInit                        0x08006cfd   Thumb Code   106  usb_config.o(i.USBD_RTX_TaskInit)
    USBD_ReadEP                              0x08006d85   Thumb Code    64  usbd_stm32f103.o(i.USBD_ReadEP)
    USBD_ReqClrFeature_MSC                   0x08006dcd   Thumb Code     2  usb_config.o(i.USBD_ReqClrFeature_MSC)
    USBD_ReqGetDescriptor                    0x08006dd1   Thumb Code   260  usbd_core.o(i.USBD_ReqGetDescriptor)
    USBD_ReqGetDescriptor_HID                0x08006f01   Thumb Code    90  usbd_core_hid.o(i.USBD_ReqGetDescriptor_HID)
    USBD_ReqGetStatus                        0x08006f85   Thumb Code   116  usbd_core.o(i.USBD_ReqGetStatus)
    USBD_ReqSetClrFeature                    0x08007001   Thumb Code   168  usbd_core.o(i.USBD_ReqSetClrFeature)
    USBD_ReqSetConfiguration                 0x080070ad   Thumb Code   376  usbd_core.o(i.USBD_ReqSetConfiguration)
    USBD_ReqSetInterface                     0x0800723d   Thumb Code   280  usbd_core.o(i.USBD_ReqSetInterface)
    USBD_Reset                               0x08007369   Thumb Code   126  usbd_stm32f103.o(i.USBD_Reset)
    USBD_ResetEP                             0x08007401   Thumb Code     4  usbd_stm32f103.o(i.USBD_ResetEP)
    USBD_SetAddress                          0x08007405   Thumb Code    14  usbd_stm32f103.o(i.USBD_SetAddress)
    USBD_SetStallEP                          0x08007419   Thumb Code     8  usbd_stm32f103.o(i.USBD_SetStallEP)
    USBD_SetupStage                          0x08007421   Thumb Code     8  usbd_core.o(i.USBD_SetupStage)
    USBD_StatusInStage                       0x0800742d   Thumb Code    10  usbd_core.o(i.USBD_StatusInStage)
    USBD_StatusOutStage                      0x08007439   Thumb Code     8  usbd_core.o(i.USBD_StatusOutStage)
    USBD_Suspend                             0x08007445   Thumb Code    20  usbd_stm32f103.o(i.USBD_Suspend)
    USBD_WakeUp                              0x0800745d   Thumb Code    12  usbd_stm32f103.o(i.USBD_WakeUp)
    USBD_WakeUpCfg                           0x0800746d   Thumb Code     2  usbd_stm32f103.o(i.USBD_WakeUpCfg)
    USBD_WriteEP                             0x08007471   Thumb Code    86  usbd_stm32f103.o(i.USBD_WriteEP)
    USB_LP_CAN1_RX0_IRQHandler               0x080074d5   Thumb Code   260  usbd_stm32f103.o(i.USB_LP_CAN1_RX0_IRQHandler)
    UpdateSensorData                         0x080075ed   Thumb Code    74  application.o(i.UpdateSensorData)
    User_HID_Send                            0x0800763d   Thumb Code    62  usbd_user_hid.o(i.User_HID_Send)
    WaitForMessage                           0x08007685   Thumb Code   364  messageproc.o(i.WaitForMessage)
    WritePage                                0x08007805   Thumb Code   104  userdata.o(i.WritePage)
    __SVC_1                                  0x0800786d   Thumb Code    14  usbd_stm32f103.o(i.__SVC_1)
    _init_box                                0x0800787b   Thumb Code    70  rt_membox.o(i._init_box)
    _mutex_acquire                           0x080078c1   Thumb Code    26  rtx_conf_cm.o(i._mutex_acquire)
    _mutex_release                           0x080078e1   Thumb Code    22  rtx_conf_cm.o(i._mutex_release)
    dbg_init                                 0x080078fd   Thumb Code    34  hal_cm3.o(i.dbg_init)
    dbg_task_notify                          0x0800792d   Thumb Code    32  hal_cm3.o(i.dbg_task_notify)
    dbg_task_switch                          0x0800794d   Thumb Code    16  hal_cm3.o(i.dbg_task_switch)
    isr_evt_set                              0x0800795d   Thumb Code    34  rt_event.o(i.isr_evt_set)
    main                                     0x08007985   Thumb Code    56  application.o(i.main)
    os_error                                 0x080079c5   Thumb Code     2  rtx_conf_cm.o(i.os_error)
    os_idle_demon                            0x080079c7   Thumb Code     2  rtx_conf_cm.o(i.os_idle_demon)
    os_tick_init                             0x080079c9   Thumb Code    32  rt_system.o(i.os_tick_init)
    os_tick_irqack                           0x080079f1   Thumb Code     2  rt_system.o(i.os_tick_irqack)
    os_tmr_call                              0x080079f3   Thumb Code     2  rtx_conf_cm.o(i.os_tmr_call)
    rt_alloc_box                             0x080079f5   Thumb Code    26  rt_membox.o(i.rt_alloc_box)
    rt_block                                 0x08007a11   Thumb Code    48  rt_task.o(i.rt_block)
    rt_chk_robin                             0x08007a49   Thumb Code     2  rtx_conf_cm.o(i.rt_chk_robin)
    rt_dec_dly                               0x08007a4d   Thumb Code   106  rt_list.o(i.rt_dec_dly)
    rt_dispatch                              0x08007ac1   Thumb Code    60  rt_task.o(i.rt_dispatch)
    rt_dly_wait                              0x08007b05   Thumb Code     6  rt_time.o(i.rt_dly_wait)
    rt_evt_get                               0x08007b0d   Thumb Code     8  rt_event.o(i.rt_evt_get)
    rt_evt_psh                               0x08007b19   Thumb Code    72  rt_event.o(i.rt_evt_psh)
    rt_evt_set                               0x08007b65   Thumb Code    90  rt_event.o(i.rt_evt_set)
    rt_evt_wait                              0x08007bc5   Thumb Code    56  rt_event.o(i.rt_evt_wait)
    rt_free_box                              0x08007c01   Thumb Code    32  rt_membox.o(i.rt_free_box)
    rt_get_first                             0x08007c21   Thumb Code    40  rt_list.o(i.rt_get_first)
    rt_get_same_rdy_prio                     0x08007c49   Thumb Code    26  rt_list.o(i.rt_get_same_rdy_prio)
    rt_init_robin                            0x08007cb9   Thumb Code     2  rtx_conf_cm.o(i.rt_init_robin)
    rt_init_stack                            0x08007cbd   Thumb Code    70  hal_cm3.o(i.rt_init_stack)
    rt_mbx_psh                               0x08007d0d   Thumb Code   206  rt_mailbox.o(i.rt_mbx_psh)
    rt_mut_release                           0x08007de1   Thumb Code   220  rt_mutex.o(i.rt_mut_release)
    rt_mut_wait                              0x08007ec5   Thumb Code   100  rt_mutex.o(i.rt_mut_wait)
    rt_pop_req                               0x08007f2d   Thumb Code   112  rt_system.o(i.rt_pop_req)
    rt_psh_req                               0x08007fa9   Thumb Code    22  rt_system.o(i.rt_psh_req)
    rt_psq_enq                               0x08007fc9   Thumb Code    88  rt_list.o(i.rt_psq_enq)
    rt_put_dly                               0x08008025   Thumb Code    68  rt_list.o(i.rt_put_dly)
    rt_put_prio                              0x0800806d   Thumb Code    54  rt_list.o(i.rt_put_prio)
    rt_put_rdy_first                         0x080080a5   Thumb Code    14  rt_list.o(i.rt_put_rdy_first)
    rt_resort_prio                           0x080080b9   Thumb Code    46  rt_list.o(i.rt_resort_prio)
    rt_rmv_dly                               0x080080ed   Thumb Code    40  rt_list.o(i.rt_rmv_dly)
    rt_rmv_list                              0x08008115   Thumb Code    44  rt_list.o(i.rt_rmv_list)
    rt_sem_init                              0x08008145   Thumb Code    12  rt_semaphore.o(i.rt_sem_init)
    rt_sem_psh                               0x08008151   Thumb Code    46  rt_semaphore.o(i.rt_sem_psh)
    rt_sem_send                              0x08008185   Thumb Code    52  rt_semaphore.o(i.rt_sem_send)
    rt_sem_wait                              0x080081bd   Thumb Code    58  rt_semaphore.o(i.rt_sem_wait)
    rt_stk_check                             0x080081fd   Thumb Code    28  rt_system.o(i.rt_stk_check)
    rt_switch_req                            0x08008221   Thumb Code    30  rt_task.o(i.rt_switch_req)
    rt_sys_init                              0x08008249   Thumb Code   268  rt_task.o(i.rt_sys_init)
    rt_systick                               0x0800839d   Thumb Code    50  rt_system.o(i.rt_systick)
    rt_time_get                              0x080083dd   Thumb Code     6  rt_time.o(i.rt_time_get)
    rt_tmr_tick                              0x080083e9   Thumb Code    56  rt_timer.o(i.rt_tmr_tick)
    rt_tsk_create                            0x08008429   Thumb Code   122  rt_task.o(i.rt_tsk_create)
    rt_tsk_delete                            0x080084b9   Thumb Code   336  rt_task.o(i.rt_tsk_delete)
    rt_tsk_pass                              0x08008625   Thumb Code    38  rt_task.o(i.rt_tsk_pass)
    rt_tsk_prio                              0x08008655   Thumb Code   122  rt_task.o(i.rt_tsk_prio)
    rt_tsk_self                              0x080086e1   Thumb Code    12  rt_task.o(i.rt_tsk_self)
    usbd_class_init                          0x080086f1   Thumb Code     4  usb_config.o(i.usbd_class_init)
    usbd_connect                             0x080086f5   Thumb Code     4  usbd_core.o(i.usbd_connect)
    usbd_hid_get_protocol                    0x080086f9   Thumb Code     4  usbd_hid.o(i.usbd_hid_get_protocol)
    usbd_hid_get_report                      0x080086fd   Thumb Code    22  usbd_user_hid.o(i.usbd_hid_get_report)
    usbd_hid_get_report_trigger              0x08008719   Thumb Code   132  usbd_hid.o(i.usbd_hid_get_report_trigger)
    usbd_hid_init                            0x080087b5   Thumb Code     2  usbd_user_hid.o(i.usbd_hid_init)
    usbd_hid_set_protocol                    0x080087b7   Thumb Code     2  usbd_hid.o(i.usbd_hid_set_protocol)
    usbd_hid_set_report                      0x080087b9   Thumb Code    68  usbd_user_hid.o(i.usbd_hid_set_report)
    usbd_init                                0x08008805   Thumb Code    24  usbd_core.o(i.usbd_init)
    usbd_os_evt_get                          0x08008821   Thumb Code     8  usb_config.o(i.usbd_os_evt_get)
    usbd_os_evt_set                          0x0800882d   Thumb Code    12  usb_config.o(i.usbd_os_evt_set)
    usbd_os_evt_wait_or                      0x0800883d   Thumb Code    10  usb_config.o(i.usbd_os_evt_wait_or)
    usbd_reset_core                          0x0800884d   Thumb Code    26  usbd_core.o(i.usbd_reset_core)
    c_appStatusRef                           0x08008870   Data           4  application.o(.constdata)
    c_sensorDataRef                          0x08008874   Data           4  application.o(.constdata)
    c_verData                                0x08008878   Data          33  application.o(.constdata)
    _cSlotSenFlags                           0x0800889a   Data          10  application.o(.constdata)
    _cLEDs                                   0x080088a4   Data          80  led.o(.constdata)
    _cDrivers                                0x080088f4   Data          48  stepper.o(.constdata)
    _defaultControlParameters                0x08008924   Data          20  userdata.o(.constdata)
    _defaultCardInfoA                        0x08008938   Data          56  userdata.o(.constdata)
    _defaultCardInfoB                        0x08008970   Data          52  userdata.o(.constdata)
    _defaultSlotsFunc                        0x080089a4   Data          16  userdata.o(.constdata)
    _defaultDeviceInfo                       0x080089b4   Data          30  userdata.o(.constdata)
    os_maxtaskrun                            0x080089d2   Data           2  rtx_conf_cm.o(.constdata)
    os_stackinfo                             0x080089d4   Data           4  rtx_conf_cm.o(.constdata)
    os_trv                                   0x080089d8   Data           4  rtx_conf_cm.o(.constdata)
    os_flags                                 0x080089dc   Data           1  rtx_conf_cm.o(.constdata)
    os_clockrate                             0x080089e0   Data           4  rtx_conf_cm.o(.constdata)
    os_timernum                              0x080089e4   Data           4  rtx_conf_cm.o(.constdata)
    mp_tcb_size                              0x080089e8   Data           2  rtx_conf_cm.o(.constdata)
    mp_stk_size                              0x080089ec   Data           4  rtx_conf_cm.o(.constdata)
    os_fifo_size                             0x080089f0   Data           1  rtx_conf_cm.o(.constdata)
    mp_tmr_size                              0x080089f2   Data           2  rtx_conf_cm.o(.constdata)
    usbd_power                               0x080089f4   Data           1  usb_config.o(.constdata)
    usbd_hs_enable                           0x080089f5   Data           1  usb_config.o(.constdata)
    usbd_if_num                              0x080089f6   Data           2  usb_config.o(.constdata)
    usbd_max_packet0                         0x080089f8   Data           1  usb_config.o(.constdata)
    usbd_hid_if_num                          0x080089f9   Data           1  usb_config.o(.constdata)
    usbd_hid_ep_intin                        0x080089fa   Data           1  usb_config.o(.constdata)
    usbd_hid_interval                        0x080089fc   Data           4  usb_config.o(.constdata)
    usbd_hid_maxpacketsize                   0x08008a00   Data           4  usb_config.o(.constdata)
    usbd_hid_inreport_num                    0x08008a04   Data           1  usb_config.o(.constdata)
    usbd_hid_inreport_max_sz                 0x08008a06   Data           2  usb_config.o(.constdata)
    USBD_P_Configure_Event                   0x08008a08   Data           4  usb_config.o(.constdata)
    USBD_P_Interface_Event                   0x08008a0c   Data           4  usb_config.o(.constdata)
    USBD_P_Feature_Event                     0x08008a10   Data           4  usb_config.o(.constdata)
    __rtx                                    0x08008a14   Data           4  usb_config.o(.constdata)
    USBD_RTX_P_Device                        0x08008a18   Data           4  usb_config.o(.constdata)
    USBD_RTX_P_Core                          0x08008a1c   Data           4  usb_config.o(.constdata)
    USBD_RTX_P_EP                            0x08008a20   Data          64  usb_config.o(.constdata)
    USBD_HID_ReportDescriptor                0x08008a60   Data          33  usb_config.o(.constdata)
    USBD_HID_ReportDescriptorSize            0x08008a82   Data           2  usb_config.o(.constdata)
    USBD_HID_DescriptorOffset                0x08008a84   Data           2  usb_config.o(.constdata)
    USBD_DeviceDescriptor                    0x08008a86   Data          18  usb_config.o(.constdata)
    USBD_DeviceQualifier                     0x08008a98   Data           1  usb_config.o(.constdata)
    USBD_DeviceQualifier_HS                  0x08008a99   Data           1  usb_config.o(.constdata)
    USBD_ConfigDescriptor                    0x08008a9a   Data          35  usb_config.o(.constdata)
    USBD_ConfigDescriptor_HS                 0x08008abd   Data           1  usb_config.o(.constdata)
    USBD_OtherSpeedConfigDescriptor          0x08008abe   Data           1  usb_config.o(.constdata)
    USBD_OtherSpeedConfigDescriptor_HS       0x08008abf   Data           1  usb_config.o(.constdata)
    USBD_StringDescriptor                    0x08008ac0   Data          96  usb_config.o(.constdata)
    RL_RTX_Version                           0x08008b20   Data           4  rt_system.o(.constdata)
    Region$$Table$$Base                      0x08008b24   Number         0  anon$$obj.o(Region$$Table)
    Region$$Table$$Limit                     0x08008b44   Number         0  anon$$obj.o(Region$$Table)
    _sensorData                              0x20000004   Data           8  application.o(.data)
    _appStatus                               0x2000003c   Data          20  application.o(.data)
    _inQue                                   0x20000050   Data           4  messageproc.o(.data)
    FreeBufAddr                              0x20000058   Data           2  usbd_stm32f103.o(.data)
    pBUF_DSCR                                0x2000005c   Data           4  usbd_stm32f103.o(.data)
    LastError                                0x20000060   Data           4  usbd_stm32f103.o(.data)
    feat                                     0x20000064   Data           1  usbd_user_hid.o(.data)
    m_tmr                                    0x20000068   Data           4  rtx_conf_cm.o(.data)
    USBD_AltSetting                          0x2000006c   Data           1  usb_config.o(.data)
    USBD_HID_PollingCnt                      0x2000006e   Data           2  usb_config.o(.data)
    USBD_HID_IdleCnt                         0x20000070   Data           1  usb_config.o(.data)
    USBD_HID_IdleReload                      0x20000071   Data           1  usb_config.o(.data)
    USBD_HID_IdleSet                         0x20000072   Data           1  usb_config.o(.data)
    USBD_HID_FeatReport                      0x20000073   Data           2  usb_config.o(.data)
    USBD_DeviceAddress                       0x2000008c   Data           1  usbd_core.o(.data)
    USBD_Configuration                       0x2000008d   Data           1  usbd_core.o(.data)
    USBD_NumInterfaces                       0x2000008e   Data           1  usbd_core.o(.data)
    USBD_HighSpeed                           0x2000008f   Data           1  usbd_core.o(.data)
    USBD_ZLP                                 0x20000090   Data           1  usbd_core.o(.data)
    USBD_DeviceStatus                        0x20000092   Data           2  usbd_core.o(.data)
    USBD_EndPointMask                        0x20000094   Data           4  usbd_core.o(.data)
    USBD_EndPointHalt                        0x20000098   Data           4  usbd_core.o(.data)
    USBD_EndPointNoHaltClr                   0x2000009c   Data           4  usbd_core.o(.data)
    USBD_RTX_CoreTask                        0x200000a0   Data           4  usbd_core.o(.data)
    USBD_EP0Data                             0x200000a4   Data           8  usbd_core.o(.data)
    USBD_SetupPacket                         0x200000ac   Data           8  usbd_core.o(.data)
    USBD_RTX_DevTask                         0x200000b4   Data           4  usbd_core.o(.data)
    USBD_HID_Protocol                        0x200000b9   Data           1  usbd_hid.o(.data)
    DataOutToSendLen                         0x200000ba   Data           2  usbd_hid.o(.data)
    DataOutSentLen                           0x200000bc   Data           2  usbd_hid.o(.data)
    DataInReceLen                            0x200000be   Data           2  usbd_hid.o(.data)
    DataFeatReceLen                          0x200000c0   Data           2  usbd_hid.o(.data)
    DataOutAsyncReq                          0x200000c4   Data           4  usbd_hid.o(.data)
    DataOutUpdateReqMask                     0x200000c8   Data           4  usbd_hid.o(.data)
    DataOutProcessing                        0x200000cc   Data           4  usbd_hid.o(.data)
    DataOutProcessPending                    0x200000d0   Data           4  usbd_hid.o(.data)
    ptrDataOut                               0x200000d4   Data           4  usbd_hid.o(.data)
    DataOutEndWithShortPacket                0x200000d8   Data           4  usbd_hid.o(.data)
    DataOutInProgress                        0x200000dc   Data           4  usbd_hid.o(.data)
    ptrDataIn                                0x200000e0   Data           4  usbd_hid.o(.data)
    ptrDataFeat                              0x200000e4   Data           4  usbd_hid.o(.data)
    os_tsk                                   0x200000e8   Data           8  rt_task.o(.data)
    os_time                                  0x200000f0   Data           4  rt_time.o(.data)
    dbg_msg                                  0x200000f4   Data           1  hal_cm3.o(.data)
    os_tick_irqn                             0x200000fc   Data           4  rt_system.o(.data)
    os_tmr                                   0x20000100   Data           8  rt_timer.o(.data)
    USART1_InQue                             0x20000934   Data        1028  usart.o(.bss)
    HID_InQue                                0x20000d38   Data        1028  usbd_user_hid.o(.bss)
    outBuf                                   0x2000113c   Data          64  usbd_user_hid.o(.bss)
    mp_tcb                                   0x2000117c   Data         572  rtx_conf_cm.o(.bss)
    mp_stk                                   0x200013b8   Data        5648  rtx_conf_cm.o(.bss)
    os_fifo                                  0x200029c8   Data         772  rtx_conf_cm.o(.bss)
    os_active_TCB                            0x20002ccc   Data          40  rtx_conf_cm.o(.bss)
    USBD_EP0Buf                              0x20002cf4   Data          64  usb_config.o(.bss)
    USBD_HID_InReport                        0x20002d34   Data          65  usb_config.o(.bss)
    USBD_HID_OutReport                       0x20002d75   Data          65  usb_config.o(.bss)
    USBD_RTX_EPTask                          0x20002db8   Data          64  usbd_core.o(.bss)
    os_idle_TCB                              0x20002df8   Data          56  rt_task.o(.bss)
    os_rdy                                   0x20002e30   Data          24  rt_list.o(.bss)
    os_dly                                   0x20002e48   Data          24  rt_list.o(.bss)
    __libspace_start                         0x20002e60   Data          96  libspace.o(.bss)
    __temporary_stack_top$libspace           0x20002ec0   Data           0  libspace.o(.bss)



==============================================================================

Memory Map of the image

  Image Entry point : 0x080040ed

  Load Region LR_IROM1 (Base: 0x08004000, Size: 0x00004c4c, Max: 0x00010000, ABSOLUTE)

    Execution Region ER_IROM1 (Exec base: 0x08004000, Load base: 0x08004000, Size: 0x00004b44, Max: 0x00010000, ABSOLUTE)

    Exec Addr    Load Addr    Size         Type   Attr      Idx    E Section Name        Object

    0x08004000   0x08004000   0x000000ec   Data   RO         3121    RESET               startup_stm32f10x_md.o
    0x080040ec   0x080040ec   0x00000008   Code   RO         3853  * !!!main             c_w.l(__main.o)
    0x080040f4   0x080040f4   0x00000034   Code   RO         4010    !!!scatter          c_w.l(__scatter.o)
    0x08004128   0x08004128   0x0000001a   Code   RO         4012    !!handler_copy      c_w.l(__scatter_copy.o)
    0x08004142   0x08004142   0x00000002   PAD
    0x08004144   0x08004144   0x0000001c   Code   RO         4014    !!handler_zi        c_w.l(__scatter_zi.o)
    0x08004160   0x08004160   0x00000002   Code   RO         3884    .ARM.Collect$$libinit$$00000000  c_w.l(libinit.o)
    0x08004162   0x08004162   0x00000000   Code   RO         3888    .ARM.Collect$$libinit$$00000002  c_w.l(libinit2.o)
    0x08004162   0x08004162   0x00000000   Code   RO         3890    .ARM.Collect$$libinit$$00000004  c_w.l(libinit2.o)
    0x08004162   0x08004162   0x00000000   Code   RO         3893    .ARM.Collect$$libinit$$0000000A  c_w.l(libinit2.o)
    0x08004162   0x08004162   0x00000000   Code   RO         3895    .ARM.Collect$$libinit$$0000000C  c_w.l(libinit2.o)
    0x08004162   0x08004162   0x00000000   Code   RO         3897    .ARM.Collect$$libinit$$0000000E  c_w.l(libinit2.o)
    0x08004162   0x08004162   0x00000000   Code   RO         3900    .ARM.Collect$$libinit$$00000011  c_w.l(libinit2.o)
    0x08004162   0x08004162   0x00000000   Code   RO         3902    .ARM.Collect$$libinit$$00000013  c_w.l(libinit2.o)
    0x08004162   0x08004162   0x00000000   Code   RO         3904    .ARM.Collect$$libinit$$00000015  c_w.l(libinit2.o)
    0x08004162   0x08004162   0x00000000   Code   RO         3906    .ARM.Collect$$libinit$$00000017  c_w.l(libinit2.o)
    0x08004162   0x08004162   0x00000000   Code   RO         3908    .ARM.Collect$$libinit$$00000019  c_w.l(libinit2.o)
    0x08004162   0x08004162   0x00000000   Code   RO         3910    .ARM.Collect$$libinit$$0000001B  c_w.l(libinit2.o)
    0x08004162   0x08004162   0x00000000   Code   RO         3912    .ARM.Collect$$libinit$$0000001D  c_w.l(libinit2.o)
    0x08004162   0x08004162   0x00000000   Code   RO         3914    .ARM.Collect$$libinit$$0000001F  c_w.l(libinit2.o)
    0x08004162   0x08004162   0x00000000   Code   RO         3916    .ARM.Collect$$libinit$$00000021  c_w.l(libinit2.o)
    0x08004162   0x08004162   0x00000000   Code   RO         3918    .ARM.Collect$$libinit$$00000023  c_w.l(libinit2.o)
    0x08004162   0x08004162   0x00000000   Code   RO         3920    .ARM.Collect$$libinit$$00000025  c_w.l(libinit2.o)
    0x08004162   0x08004162   0x00000000   Code   RO         3924    .ARM.Collect$$libinit$$0000002C  c_w.l(libinit2.o)
    0x08004162   0x08004162   0x00000000   Code   RO         3926    .ARM.Collect$$libinit$$0000002E  c_w.l(libinit2.o)
    0x08004162   0x08004162   0x00000000   Code   RO         3928    .ARM.Collect$$libinit$$00000030  c_w.l(libinit2.o)
    0x08004162   0x08004162   0x00000000   Code   RO         3930    .ARM.Collect$$libinit$$00000032  c_w.l(libinit2.o)
    0x08004162   0x08004162   0x00000002   Code   RO         3931    .ARM.Collect$$libinit$$00000033  c_w.l(libinit2.o)
    0x08004164   0x08004164   0x00000002   Code   RO         3951    .ARM.Collect$$libshutdown$$00000000  c_w.l(libshutdown.o)
    0x08004166   0x08004166   0x00000000   Code   RO         3964    .ARM.Collect$$libshutdown$$00000002  c_w.l(libshutdown2.o)
    0x08004166   0x08004166   0x00000000   Code   RO         3966    .ARM.Collect$$libshutdown$$00000004  c_w.l(libshutdown2.o)
    0x08004166   0x08004166   0x00000000   Code   RO         3969    .ARM.Collect$$libshutdown$$00000007  c_w.l(libshutdown2.o)
    0x08004166   0x08004166   0x00000000   Code   RO         3972    .ARM.Collect$$libshutdown$$0000000A  c_w.l(libshutdown2.o)
    0x08004166   0x08004166   0x00000000   Code   RO         3974    .ARM.Collect$$libshutdown$$0000000C  c_w.l(libshutdown2.o)
    0x08004166   0x08004166   0x00000000   Code   RO         3977    .ARM.Collect$$libshutdown$$0000000F  c_w.l(libshutdown2.o)
    0x08004166   0x08004166   0x00000002   Code   RO         3978    .ARM.Collect$$libshutdown$$00000010  c_w.l(libshutdown2.o)
    0x08004168   0x08004168   0x00000000   Code   RO         3855    .ARM.Collect$$rtentry$$00000000  c_w.l(__rtentry.o)
    0x08004168   0x08004168   0x00000000   Code   RO         3861    .ARM.Collect$$rtentry$$00000002  c_w.l(__rtentry2.o)
    0x08004168   0x08004168   0x00000006   Code   RO         3873    .ARM.Collect$$rtentry$$00000004  c_w.l(__rtentry4.o)
    0x0800416e   0x0800416e   0x00000000   Code   RO         3863    .ARM.Collect$$rtentry$$00000009  c_w.l(__rtentry2.o)
    0x0800416e   0x0800416e   0x00000004   Code   RO         3864    .ARM.Collect$$rtentry$$0000000A  c_w.l(__rtentry2.o)
    0x08004172   0x08004172   0x00000000   Code   RO         3866    .ARM.Collect$$rtentry$$0000000C  c_w.l(__rtentry2.o)
    0x08004172   0x08004172   0x00000008   Code   RO         3867    .ARM.Collect$$rtentry$$0000000D  c_w.l(__rtentry2.o)
    0x0800417a   0x0800417a   0x00000002   Code   RO         3885    .ARM.Collect$$rtexit$$00000000  c_w.l(rtexit.o)
    0x0800417c   0x0800417c   0x00000000   Code   RO         3933    .ARM.Collect$$rtexit$$00000002  c_w.l(rtexit2.o)
    0x0800417c   0x0800417c   0x00000004   Code   RO         3934    .ARM.Collect$$rtexit$$00000003  c_w.l(rtexit2.o)
    0x08004180   0x08004180   0x00000006   Code   RO         3935    .ARM.Collect$$rtexit$$00000004  c_w.l(rtexit2.o)
    0x08004186   0x08004186   0x00000002   PAD
    0x08004188   0x08004188   0x00000154   Code   RO         3495    .emb_text           RTX_CM3.lib(hal_cm3.o)
    0x080042dc   0x080042dc   0x00000040   Code   RO         3122    .text               startup_stm32f10x_md.o
    0x0800431c   0x0800431c   0x00000008   Code   RO         3844    .text               c_w.l(libspace.o)
    0x08004324   0x08004324   0x0000008a   Code   RO         3847    .text               c_w.l(rt_memcpy_v6.o)
    0x080043ae   0x080043ae   0x00000044   Code   RO         3849    .text               c_w.l(rt_memclr.o)
    0x080043f2   0x080043f2   0x00000006   Code   RO         3851    .text               c_w.l(heapauxi.o)
    0x080043f8   0x080043f8   0x00000064   Code   RO         3856    .text               c_w.l(rt_memcpy_w.o)
    0x0800445c   0x0800445c   0x0000004e   Code   RO         3858    .text               c_w.l(rt_memclr_w.o)
    0x080044aa   0x080044aa   0x0000004a   Code   RO         3875    .text               c_w.l(sys_stackheap_outer.o)
    0x080044f4   0x080044f4   0x00000012   Code   RO         3877    .text               c_w.l(exit.o)
    0x08004506   0x08004506   0x00000002   PAD
    0x08004508   0x08004508   0x0000000c   Code   RO         3943    .text               c_w.l(sys_exit.o)
    0x08004514   0x08004514   0x00000002   Code   RO         3954    .text               c_w.l(use_no_semi.o)
    0x08004516   0x08004516   0x00000000   Code   RO         3956    .text               c_w.l(indicate_semi.o)
    0x08004516   0x08004516   0x00000002   PAD
    0x08004518   0x08004518   0x00000008   Code   RO         1353    SVC_TABLE           svc_table.o
    0x08004520   0x08004520   0x00000036   Code   RO          393    i.CalcCRC16         crc16.o
    0x08004556   0x08004556   0x00000002   PAD
    0x08004558   0x08004558   0x00000020   Code   RO          947    i.CleanCardInfoB    userdata.o
    0x08004578   0x08004578   0x00000020   Code   RO          948    i.ClearCardInfoA    userdata.o
    0x08004598   0x08004598   0x00000028   Code   RO          684    i.EP_Reset          usbd_stm32f103.o
    0x080045c0   0x080045c0   0x00000034   Code   RO          685    i.EP_Status         usbd_stm32f103.o
    0x080045f4   0x080045f4   0x00000038   Code   RO          307    i.EXTI15_10_IRQHandler  button.o
    0x0800462c   0x0800462c   0x00000020   Code   RO         1730    i.EXTI_GetITStatus  stm32f10x_exti.o
    0x0800464c   0x0800464c   0x00000070   Code   RO         1731    i.EXTI_Init         stm32f10x_exti.o
    0x080046bc   0x080046bc   0x0000005c   Code   RO          308    i.EnableResetButton  button.o
    0x08004718   0x08004718   0x00000340   Code   RO          344    i.ExecCommand       command.o
    0x08004a58   0x08004a58   0x0000000c   Code   RO         1791    i.FLASH_ClearFlag   stm32f10x_flash.o
    0x08004a64   0x08004a64   0x0000003c   Code   RO         1796    i.FLASH_ErasePage   stm32f10x_flash.o
    0x08004aa0   0x08004aa0   0x00000028   Code   RO         1797    i.FLASH_GetBank1Status  stm32f10x_flash.o
    0x08004ac8   0x08004ac8   0x00000010   Code   RO         1806    i.FLASH_Lock        stm32f10x_flash.o
    0x08004ad8   0x08004ad8   0x00000034   Code   RO         1809    i.FLASH_ProgramHalfWord  stm32f10x_flash.o
    0x08004b0c   0x08004b0c   0x00000018   Code   RO         1814    i.FLASH_Unlock      stm32f10x_flash.o
    0x08004b24   0x08004b24   0x00000024   Code   RO         1818    i.FLASH_WaitForLastOperation  stm32f10x_flash.o
    0x08004b48   0x08004b48   0x00000028   Code   RO         1978    i.GPIO_EXTILineConfig  stm32f10x_gpio.o
    0x08004b70   0x08004b70   0x000000a2   Code   RO         1981    i.GPIO_Init         stm32f10x_gpio.o
    0x08004c12   0x08004c12   0x00000002   PAD
    0x08004c14   0x08004c14   0x00000058   Code   RO         1983    i.GPIO_PinRemapConfig  stm32f10x_gpio.o
    0x08004c6c   0x08004c6c   0x0000000e   Code   RO         1985    i.GPIO_ReadInputDataBit  stm32f10x_gpio.o
    0x08004c7a   0x08004c7a   0x00000004   Code   RO         1988    i.GPIO_ResetBits    stm32f10x_gpio.o
    0x08004c7e   0x08004c7e   0x00000004   Code   RO         1989    i.GPIO_SetBits      stm32f10x_gpio.o
    0x08004c82   0x08004c82   0x00000002   PAD
    0x08004c84   0x08004c84   0x000000f8   Code   RO          471    i.HandleCurrentMessage  messageproc.o
    0x08004d7c   0x08004d7c   0x0000002c   Code   RO          949    i.InitPage          userdata.o
    0x08004da8   0x08004da8   0x0000007c   Code   RO          950    i.InitUserDataROM   userdata.o
    0x08004e24   0x08004e24   0x00000024   Code   RO          421    i.LED_Off           led.o
    0x08004e48   0x08004e48   0x00000024   Code   RO          422    i.LED_On            led.o
    0x08004e6c   0x08004e6c   0x00000018   Code   RO          423    i.LED_ToggleState   led.o
    0x08004e84   0x08004e84   0x00000050   Code   RO          424    i.LEDs_Configuration  led.o
    0x08004ed4   0x08004ed4   0x000000d0   Code   RO          345    i.MoveCard          command.o
    0x08004fa4   0x08004fa4   0x00000014   Code   RO         1361    i.NVIC_SetVectorTable  misc.o
    0x08004fb8   0x08004fb8   0x000000a0   Code   RO          472    i.OutputStatusDetail  messageproc.o
    0x08005058   0x08005058   0x00000074   Code   RO            4    i.PositionSlot      application.o
    0x080050cc   0x080050cc   0x0000001c   Code   RO          951    i.ProgramCardInfoA  userdata.o
    0x080050e8   0x080050e8   0x0000001c   Code   RO          952    i.ProgramDefaultControlParameters  userdata.o
    0x08005104   0x08005104   0x00000018   Code   RO          953    i.ProgramDeviceInfo  userdata.o
    0x0800511c   0x0800511c   0x00000018   Code   RO          954    i.ProgramRetainCount  userdata.o
    0x08005134   0x08005134   0x00000018   Code   RO          955    i.ProgramSlotsFunc  userdata.o
    0x0800514c   0x0800514c   0x00000018   Code   RO          956    i.ProgrmaControlParameters  userdata.o
    0x08005164   0x08005164   0x00000018   Code   RO         2175    i.RCC_APB1PeriphClockCmd  stm32f10x_rcc.o
    0x0800517c   0x0800517c   0x00000018   Code   RO         2177    i.RCC_APB2PeriphClockCmd  stm32f10x_rcc.o
    0x08005194   0x08005194   0x00000090   Code   RO         2185    i.RCC_GetClocksFreq  stm32f10x_rcc.o
    0x08005224   0x08005224   0x00000010   Code   RO          957    i.ReadCardInfoA     userdata.o
    0x08005234   0x08005234   0x00000004   Code   RO          958    i.ReadCardInfoB     userdata.o
    0x08005238   0x08005238   0x00000010   Code   RO          959    i.ReadControlParameters  userdata.o
    0x08005248   0x08005248   0x00000010   Code   RO          960    i.ReadDeviceInfo    userdata.o
    0x08005258   0x08005258   0x00000030   Code   RO          961    i.ReadPage          userdata.o
    0x08005288   0x08005288   0x00000010   Code   RO          962    i.ReadRetainCount   userdata.o
    0x08005298   0x08005298   0x00000010   Code   RO          963    i.ReadSlotsFunc     userdata.o
    0x080052a8   0x080052a8   0x00000068   Code   RO          346    i.SelectSlot        command.o
    0x08005310   0x08005310   0x00000058   Code   RO          527    i.Sensor_Read       sensor.o
    0x08005368   0x08005368   0x00000088   Code   RO          528    i.Sensors_Configuration  sensor.o
    0x080053f0   0x080053f0   0x00000040   Code   RO            5    i.SetStackToBottom  application.o
    0x08005430   0x08005430   0x00000032   Code   RO            6    i.SetStackToTop     application.o
    0x08005462   0x08005462   0x00000002   PAD
    0x08005464   0x08005464   0x000000a8   Code   RO         3129    i.SetSysClockTo72   system_stm32f10x.o
    0x0800550c   0x0800550c   0x0000007c   Code   RO            7    i.StartMoveCard     application.o
    0x08005588   0x08005588   0x00000054   Code   RO            8    i.StartPerformanceTest  application.o
    0x080055dc   0x080055dc   0x00000050   Code   RO            9    i.StartResetDevice  application.o
    0x0800562c   0x0800562c   0x00000054   Code   RO           10    i.StartSelectSlot   application.o
    0x08005680   0x08005680   0x00000068   Code   RO          347    i.StepperOrLEDControl  command.o
    0x080056e8   0x080056e8   0x00000010   Code   RO          567    i.Stepper_IsRunning  stepper.o
    0x080056f8   0x080056f8   0x00000020   Code   RO          568    i.Stepper_SetDirection  stepper.o
    0x08005718   0x08005718   0x00000020   Code   RO          569    i.Stepper_SetLowVelocity  stepper.o
    0x08005738   0x08005738   0x000000a8   Code   RO          570    i.Stepper_Start     stepper.o
    0x080057e0   0x080057e0   0x00000050   Code   RO          571    i.Stepper_Stop      stepper.o
    0x08005830   0x08005830   0x000000fc   Code   RO          572    i.Steppers_Configuration  stepper.o
    0x0800592c   0x0800592c   0x00000030   Code   RO           11    i.StopMoveCard      application.o
    0x0800595c   0x0800595c   0x00000050   Code   RO         3131    i.SystemInit        system_stm32f10x.o
    0x080059ac   0x080059ac   0x00000060   Code   RO          573    i.TIM3_IRQHandler   stepper.o
    0x08005a0c   0x08005a0c   0x00000014   Code   RO         2387    i.TIM_ARRPreloadConfig  stm32f10x_tim.o
    0x08005a20   0x08005a20   0x00000006   Code   RO         2393    i.TIM_ClearFlag     stm32f10x_tim.o
    0x08005a26   0x08005a26   0x00000006   Code   RO         2394    i.TIM_ClearITPendingBit  stm32f10x_tim.o
    0x08005a2c   0x08005a2c   0x00000014   Code   RO         2399    i.TIM_Cmd           stm32f10x_tim.o
    0x08005a40   0x08005a40   0x00000018   Code   RO         2420    i.TIM_GetITStatus   stm32f10x_tim.o
    0x08005a58   0x08005a58   0x00000010   Code   RO         2424    i.TIM_ITConfig      stm32f10x_tim.o
    0x08005a68   0x08005a68   0x00000080   Code   RO         2428    i.TIM_OC1Init       stm32f10x_tim.o
    0x08005ae8   0x08005ae8   0x0000000c   Code   RO         2431    i.TIM_OC1PreloadConfig  stm32f10x_tim.o
    0x08005af4   0x08005af4   0x00000080   Code   RO         2433    i.TIM_OC2Init       stm32f10x_tim.o
    0x08005b74   0x08005b74   0x00000014   Code   RO         2436    i.TIM_OC2PreloadConfig  stm32f10x_tim.o
    0x08005b88   0x08005b88   0x00000004   Code   RO         2458    i.TIM_SetAutoreload  stm32f10x_tim.o
    0x08005b8c   0x08005b8c   0x00000004   Code   RO         2461    i.TIM_SetCompare2   stm32f10x_tim.o
    0x08005b90   0x08005b90   0x00000004   Code   RO         2464    i.TIM_SetCounter    stm32f10x_tim.o
    0x08005b94   0x08005b94   0x0000009c   Code   RO         2470    i.TIM_TimeBaseInit  stm32f10x_tim.o
    0x08005c30   0x08005c30   0x00000018   Code   RO           12    i.Task_Comm         application.o
    0x08005c48   0x08005c48   0x000000a0   Code   RO           13    i.Task_Idle         application.o
    0x08005ce8   0x08005ce8   0x00000060   Code   RO           14    i.Task_Init         application.o
    0x08005d48   0x08005d48   0x00000160   Code   RO           15    i.Task_MoveCard     application.o
    0x08005ea8   0x08005ea8   0x00000124   Code   RO           16    i.Task_PerformanceTest  application.o
    0x08005fcc   0x08005fcc   0x000000b0   Code   RO           17    i.Task_ResetDevice  application.o
    0x0800607c   0x0800607c   0x00000040   Code   RO           18    i.Task_SelectSlot   application.o
    0x080060bc   0x080060bc   0x0000008c   Code   RO          529    i.U74HC165_Read     sensor.o
    0x08006148   0x08006148   0x00000020   Code   RO          530    i.U74HC165_SetNoChange  sensor.o
    0x08006168   0x08006168   0x00000094   Code   RO          635    i.USART1_Configuration  usart.o
    0x080061fc   0x080061fc   0x0000005c   Code   RO          636    i.USART1_IRQHandler  usart.o
    0x08006258   0x08006258   0x00000038   Code   RO          637    i.USART1_Send       usart.o
    0x08006290   0x08006290   0x00000006   Code   RO         2930    i.USART_ClearFlag   stm32f10x_usart.o
    0x08006296   0x08006296   0x00000014   Code   RO         2934    i.USART_Cmd         stm32f10x_usart.o
    0x080062aa   0x080062aa   0x0000000e   Code   RO         2937    i.USART_GetFlagStatus  stm32f10x_usart.o
    0x080062b8   0x080062b8   0x0000003e   Code   RO         2938    i.USART_GetITStatus  stm32f10x_usart.o
    0x080062f6   0x080062f6   0x00000030   Code   RO         2940    i.USART_ITConfig    stm32f10x_usart.o
    0x08006326   0x08006326   0x00000002   PAD
    0x08006328   0x08006328   0x000000ac   Code   RO         2941    i.USART_Init        stm32f10x_usart.o
    0x080063d4   0x080063d4   0x00000008   Code   RO         2948    i.USART_ReceiveData  stm32f10x_usart.o
    0x080063dc   0x080063dc   0x00000008   Code   RO         2951    i.USART_SendData    stm32f10x_usart.o
    0x080063e4   0x080063e4   0x00000016   Code   RO          687    i.USBD_ClrStallEP   usbd_stm32f103.o
    0x080063fa   0x080063fa   0x00000002   PAD
    0x080063fc   0x080063fc   0x00000090   Code   RO          688    i.USBD_ConfigEP     usbd_stm32f103.o
    0x0800648c   0x0800648c   0x00000010   Code   RO          689    i.USBD_Configure    usbd_stm32f103.o
    0x0800649c   0x0800649c   0x00000020   Code   RO          690    i.USBD_Connect      usbd_stm32f103.o
    0x080064bc   0x080064bc   0x00000038   Code   RO         3168    i.USBD_DataInStage  USB_CM3.lib(usbd_core.o)
    0x080064f4   0x080064f4   0x00000020   Code   RO         3169    i.USBD_DataOutStage  USB_CM3.lib(usbd_core.o)
    0x08006514   0x08006514   0x00000002   Code   RO          691    i.USBD_DirCtrlEP    usbd_stm32f103.o
    0x08006516   0x08006516   0x00000006   Code   RO          692    i.USBD_DisableEP    usbd_stm32f103.o
    0x0800651c   0x0800651c   0x00000008   Code   RO          693    i.USBD_EnableEP     usbd_stm32f103.o
    0x08006524   0x08006524   0x00000264   Code   RO         3170    i.USBD_EndPoint0    USB_CM3.lib(usbd_core.o)
    0x08006788   0x08006788   0x00000004   Code   RO         1159    i.USBD_EndPoint0_Out_ADC_ReqToEP  usb_config.o
    0x0800678c   0x0800678c   0x00000004   Code   RO         1160    i.USBD_EndPoint0_Out_ADC_ReqToIF  usb_config.o
    0x08006790   0x08006790   0x00000004   Code   RO         1161    i.USBD_EndPoint0_Out_CDC_ReqToIF  usb_config.o
    0x08006794   0x08006794   0x00000004   Code   RO         1162    i.USBD_EndPoint0_Out_CLS_ReqToDEV  usb_config.o
    0x08006798   0x08006798   0x00000004   Code   RO         1163    i.USBD_EndPoint0_Out_CLS_ReqToEP  usb_config.o
    0x0800679c   0x0800679c   0x00000004   Code   RO         1164    i.USBD_EndPoint0_Out_CLS_ReqToIF  usb_config.o
    0x080067a0   0x080067a0   0x00000030   Code   RO         3536    i.USBD_EndPoint0_Out_HID_ReqToIF  USB_CM3.lib(usbd_core_hid.o)
    0x080067d0   0x080067d0   0x00000004   Code   RO         1166    i.USBD_EndPoint0_Setup_ADC_ReqToEP  usb_config.o
    0x080067d4   0x080067d4   0x00000004   Code   RO         1167    i.USBD_EndPoint0_Setup_ADC_ReqToIF  usb_config.o
    0x080067d8   0x080067d8   0x00000004   Code   RO         1168    i.USBD_EndPoint0_Setup_CDC_ReqToIF  usb_config.o
    0x080067dc   0x080067dc   0x00000004   Code   RO         1169    i.USBD_EndPoint0_Setup_CLS_ReqToDEV  usb_config.o
    0x080067e0   0x080067e0   0x00000004   Code   RO         1170    i.USBD_EndPoint0_Setup_CLS_ReqToEP  usb_config.o
    0x080067e4   0x080067e4   0x00000004   Code   RO         1171    i.USBD_EndPoint0_Setup_CLS_ReqToIF  usb_config.o
    0x080067e8   0x080067e8   0x000000ac   Code   RO         3537    i.USBD_EndPoint0_Setup_HID_ReqToIF  USB_CM3.lib(usbd_core_hid.o)
    0x08006894   0x08006894   0x00000004   Code   RO         1172    i.USBD_EndPoint0_Setup_MSC_ReqToIF  usb_config.o
    0x08006898   0x08006898   0x00000028   Code   RO         3209    i.USBD_HID_Configure_Event  USB_CM3.lib(usbd_hid.o)
    0x080068c0   0x080068c0   0x00000164   Code   RO         3210    i.USBD_HID_EP_INTIN_Event  USB_CM3.lib(usbd_hid.o)
    0x08006a24   0x08006a24   0x0000001c   Code   RO         3213    i.USBD_HID_GetIdle  USB_CM3.lib(usbd_hid.o)
    0x08006a40   0x08006a40   0x00000014   Code   RO         3214    i.USBD_HID_GetProtocol  USB_CM3.lib(usbd_hid.o)
    0x08006a54   0x08006a54   0x0000003c   Code   RO         3215    i.USBD_HID_GetReport  USB_CM3.lib(usbd_hid.o)
    0x08006a90   0x08006a90   0x00000148   Code   RO         3216    i.USBD_HID_SOF_Event  USB_CM3.lib(usbd_hid.o)
    0x08006bd8   0x08006bd8   0x0000003c   Code   RO         3217    i.USBD_HID_SetIdle  USB_CM3.lib(usbd_hid.o)
    0x08006c14   0x08006c14   0x00000014   Code   RO         3218    i.USBD_HID_SetProtocol  USB_CM3.lib(usbd_hid.o)
    0x08006c28   0x08006c28   0x00000040   Code   RO         3219    i.USBD_HID_SetReport  USB_CM3.lib(usbd_hid.o)
    0x08006c68   0x08006c68   0x0000000e   Code   RO          696    i.USBD_Init         usbd_stm32f103.o
    0x08006c76   0x08006c76   0x00000002   PAD
    0x08006c78   0x08006c78   0x00000028   Code   RO         1173    i.USBD_RTX_Core     usb_config.o
    0x08006ca0   0x08006ca0   0x00000028   Code   RO         1174    i.USBD_RTX_Device   usb_config.o
    0x08006cc8   0x08006cc8   0x00000016   Code   RO         3171    i.USBD_RTX_EndPoint0  USB_CM3.lib(usbd_core.o)
    0x08006cde   0x08006cde   0x0000001c   Code   RO         3220    i.USBD_RTX_HID_EP_INTIN_Event  USB_CM3.lib(usbd_hid.o)
    0x08006cfa   0x08006cfa   0x00000002   PAD
    0x08006cfc   0x08006cfc   0x00000088   Code   RO         1175    i.USBD_RTX_TaskInit  usb_config.o
    0x08006d84   0x08006d84   0x00000048   Code   RO          697    i.USBD_ReadEP       usbd_stm32f103.o
    0x08006dcc   0x08006dcc   0x00000002   Code   RO         1176    i.USBD_ReqClrFeature_MSC  usb_config.o
    0x08006dce   0x08006dce   0x00000002   PAD
    0x08006dd0   0x08006dd0   0x00000130   Code   RO         3195    i.USBD_ReqGetDescriptor  USB_CM3.lib(usbd_core.o)
    0x08006f00   0x08006f00   0x00000084   Code   RO         3538    i.USBD_ReqGetDescriptor_HID  USB_CM3.lib(usbd_core_hid.o)
    0x08006f84   0x08006f84   0x0000007c   Code   RO         3201    i.USBD_ReqGetStatus  USB_CM3.lib(usbd_core.o)
    0x08007000   0x08007000   0x000000ac   Code   RO         3193    i.USBD_ReqSetClrFeature  USB_CM3.lib(usbd_core.o)
    0x080070ac   0x080070ac   0x00000190   Code   RO         3197    i.USBD_ReqSetConfiguration  USB_CM3.lib(usbd_core.o)
    0x0800723c   0x0800723c   0x0000012c   Code   RO         3199    i.USBD_ReqSetInterface  USB_CM3.lib(usbd_core.o)
    0x08007368   0x08007368   0x00000098   Code   RO          698    i.USBD_Reset        usbd_stm32f103.o
    0x08007400   0x08007400   0x00000004   Code   RO          699    i.USBD_ResetEP      usbd_stm32f103.o
    0x08007404   0x08007404   0x00000014   Code   RO          701    i.USBD_SetAddress   usbd_stm32f103.o
    0x08007418   0x08007418   0x00000008   Code   RO          702    i.USBD_SetStallEP   usbd_stm32f103.o
    0x08007420   0x08007420   0x0000000c   Code   RO         3172    i.USBD_SetupStage   USB_CM3.lib(usbd_core.o)
    0x0800742c   0x0800742c   0x0000000a   Code   RO         3173    i.USBD_StatusInStage  USB_CM3.lib(usbd_core.o)
    0x08007436   0x08007436   0x00000002   PAD
    0x08007438   0x08007438   0x0000000c   Code   RO         3174    i.USBD_StatusOutStage  USB_CM3.lib(usbd_core.o)
    0x08007444   0x08007444   0x00000018   Code   RO          703    i.USBD_Suspend      usbd_stm32f103.o
    0x0800745c   0x0800745c   0x00000010   Code   RO          704    i.USBD_WakeUp       usbd_stm32f103.o
    0x0800746c   0x0800746c   0x00000002   Code   RO          705    i.USBD_WakeUpCfg    usbd_stm32f103.o
    0x0800746e   0x0800746e   0x00000002   PAD
    0x08007470   0x08007470   0x00000064   Code   RO          706    i.USBD_WriteEP      usbd_stm32f103.o
    0x080074d4   0x080074d4   0x00000118   Code   RO          707    i.USB_LP_CAN1_RX0_IRQHandler  usbd_stm32f103.o
    0x080075ec   0x080075ec   0x00000050   Code   RO           19    i.UpdateSensorData  application.o
    0x0800763c   0x0800763c   0x00000048   Code   RO          891    i.User_HID_Send     usbd_user_hid.o
    0x08007684   0x08007684   0x00000180   Code   RO          473    i.WaitForMessage    messageproc.o
    0x08007804   0x08007804   0x00000068   Code   RO          964    i.WritePage         userdata.o
    0x0800786c   0x0800786c   0x0000000e   Code   RO          708    i.__SVC_1           usbd_stm32f103.o
    0x0800787a   0x0800787a   0x00000046   Code   RO         3713    i._init_box         RTX_CM3.lib(rt_membox.o)
    0x080078c0   0x080078c0   0x00000020   Code   RO         1077    i._mutex_acquire    rtx_conf_cm.o
    0x080078e0   0x080078e0   0x0000001c   Code   RO         1079    i._mutex_release    rtx_conf_cm.o
    0x080078fc   0x080078fc   0x00000030   Code   RO         3496    i.dbg_init          RTX_CM3.lib(hal_cm3.o)
    0x0800792c   0x0800792c   0x00000020   Code   RO         3497    i.dbg_task_notify   RTX_CM3.lib(hal_cm3.o)
    0x0800794c   0x0800794c   0x00000010   Code   RO         3498    i.dbg_task_switch   RTX_CM3.lib(hal_cm3.o)
    0x0800795c   0x0800795c   0x00000028   Code   RO         3356    i.isr_evt_set       RTX_CM3.lib(rt_event.o)
    0x08007984   0x08007984   0x00000040   Code   RO           20    i.main              application.o
    0x080079c4   0x080079c4   0x00000002   Code   RO         1080    i.os_error          rtx_conf_cm.o
    0x080079c6   0x080079c6   0x00000002   Code   RO         1081    i.os_idle_demon     rtx_conf_cm.o
    0x080079c8   0x080079c8   0x00000028   Code   RO         3549    i.os_tick_init      RTX_CM3.lib(rt_system.o)
    0x080079f0   0x080079f0   0x00000002   Code   RO         3550    i.os_tick_irqack    RTX_CM3.lib(rt_system.o)
    0x080079f2   0x080079f2   0x00000002   Code   RO         1082    i.os_tmr_call       rtx_conf_cm.o
    0x080079f4   0x080079f4   0x0000001a   Code   RO         3714    i.rt_alloc_box      RTX_CM3.lib(rt_membox.o)
    0x08007a0e   0x08007a0e   0x00000002   PAD
    0x08007a10   0x08007a10   0x00000038   Code   RO         3257    i.rt_block          RTX_CM3.lib(rt_task.o)
    0x08007a48   0x08007a48   0x00000002   Code   RO         1083    i.rt_chk_robin      rtx_conf_cm.o
    0x08007a4a   0x08007a4a   0x00000002   PAD
    0x08007a4c   0x08007a4c   0x00000074   Code   RO         3633    i.rt_dec_dly        RTX_CM3.lib(rt_list.o)
    0x08007ac0   0x08007ac0   0x00000044   Code   RO         3258    i.rt_dispatch       RTX_CM3.lib(rt_task.o)
    0x08007b04   0x08007b04   0x00000006   Code   RO         3438    i.rt_dly_wait       RTX_CM3.lib(rt_time.o)
    0x08007b0a   0x08007b0a   0x00000002   PAD
    0x08007b0c   0x08007b0c   0x0000000c   Code   RO         3358    i.rt_evt_get        RTX_CM3.lib(rt_event.o)
    0x08007b18   0x08007b18   0x0000004c   Code   RO         3359    i.rt_evt_psh        RTX_CM3.lib(rt_event.o)
    0x08007b64   0x08007b64   0x00000060   Code   RO         3360    i.rt_evt_set        RTX_CM3.lib(rt_event.o)
    0x08007bc4   0x08007bc4   0x0000003c   Code   RO         3361    i.rt_evt_wait       RTX_CM3.lib(rt_event.o)
    0x08007c00   0x08007c00   0x00000020   Code   RO         3715    i.rt_free_box       RTX_CM3.lib(rt_membox.o)
    0x08007c20   0x08007c20   0x00000028   Code   RO         3634    i.rt_get_first      RTX_CM3.lib(rt_list.o)
    0x08007c48   0x08007c48   0x00000024   Code   RO         3635    i.rt_get_same_rdy_prio  RTX_CM3.lib(rt_list.o)
    0x08007c6c   0x08007c6c   0x0000004c   Code   RO         3259    i.rt_init_context   RTX_CM3.lib(rt_task.o)
    0x08007cb8   0x08007cb8   0x00000002   Code   RO         1084    i.rt_init_robin     rtx_conf_cm.o
    0x08007cba   0x08007cba   0x00000002   PAD
    0x08007cbc   0x08007cbc   0x00000050   Code   RO         3499    i.rt_init_stack     RTX_CM3.lib(hal_cm3.o)
    0x08007d0c   0x08007d0c   0x000000d4   Code   RO         3750    i.rt_mbx_psh        RTX_CM3.lib(rt_mailbox.o)
    0x08007de0   0x08007de0   0x000000e4   Code   RO         3472    i.rt_mut_release    RTX_CM3.lib(rt_mutex.o)
    0x08007ec4   0x08007ec4   0x00000068   Code   RO         3473    i.rt_mut_wait       RTX_CM3.lib(rt_mutex.o)
    0x08007f2c   0x08007f2c   0x0000007c   Code   RO         3551    i.rt_pop_req        RTX_CM3.lib(rt_system.o)
    0x08007fa8   0x08007fa8   0x00000020   Code   RO         3552    i.rt_psh_req        RTX_CM3.lib(rt_system.o)
    0x08007fc8   0x08007fc8   0x0000005c   Code   RO         3636    i.rt_psq_enq        RTX_CM3.lib(rt_list.o)
    0x08008024   0x08008024   0x00000048   Code   RO         3637    i.rt_put_dly        RTX_CM3.lib(rt_list.o)
    0x0800806c   0x0800806c   0x00000036   Code   RO         3638    i.rt_put_prio       RTX_CM3.lib(rt_list.o)
    0x080080a2   0x080080a2   0x00000002   PAD
    0x080080a4   0x080080a4   0x00000014   Code   RO         3639    i.rt_put_rdy_first  RTX_CM3.lib(rt_list.o)
    0x080080b8   0x080080b8   0x00000034   Code   RO         3640    i.rt_resort_prio    RTX_CM3.lib(rt_list.o)
    0x080080ec   0x080080ec   0x00000028   Code   RO         3641    i.rt_rmv_dly        RTX_CM3.lib(rt_list.o)
    0x08008114   0x08008114   0x00000030   Code   RO         3642    i.rt_rmv_list       RTX_CM3.lib(rt_list.o)
    0x08008144   0x08008144   0x0000000c   Code   RO         3403    i.rt_sem_init       RTX_CM3.lib(rt_semaphore.o)
    0x08008150   0x08008150   0x00000034   Code   RO         3404    i.rt_sem_psh        RTX_CM3.lib(rt_semaphore.o)
    0x08008184   0x08008184   0x00000038   Code   RO         3405    i.rt_sem_send       RTX_CM3.lib(rt_semaphore.o)
    0x080081bc   0x080081bc   0x00000040   Code   RO         3406    i.rt_sem_wait       RTX_CM3.lib(rt_semaphore.o)
    0x080081fc   0x080081fc   0x00000024   Code   RO         3554    i.rt_stk_check      RTX_CM3.lib(rt_system.o)
    0x08008220   0x08008220   0x00000028   Code   RO         3260    i.rt_switch_req     RTX_CM3.lib(rt_task.o)
    0x08008248   0x08008248   0x00000154   Code   RO         3261    i.rt_sys_init       RTX_CM3.lib(rt_task.o)
    0x0800839c   0x0800839c   0x00000040   Code   RO         3556    i.rt_systick        RTX_CM3.lib(rt_system.o)
    0x080083dc   0x080083dc   0x0000000c   Code   RO         3441    i.rt_time_get       RTX_CM3.lib(rt_time.o)
    0x080083e8   0x080083e8   0x00000040   Code   RO         3796    i.rt_tmr_tick       RTX_CM3.lib(rt_timer.o)
    0x08008428   0x08008428   0x00000090   Code   RO         3262    i.rt_tsk_create     RTX_CM3.lib(rt_task.o)
    0x080084b8   0x080084b8   0x0000016c   Code   RO         3263    i.rt_tsk_delete     RTX_CM3.lib(rt_task.o)
    0x08008624   0x08008624   0x00000030   Code   RO         3264    i.rt_tsk_pass       RTX_CM3.lib(rt_task.o)
    0x08008654   0x08008654   0x0000008c   Code   RO         3265    i.rt_tsk_prio       RTX_CM3.lib(rt_task.o)
    0x080086e0   0x080086e0   0x00000010   Code   RO         3266    i.rt_tsk_self       RTX_CM3.lib(rt_task.o)
    0x080086f0   0x080086f0   0x00000004   Code   RO         1177    i.usbd_class_init   usb_config.o
    0x080086f4   0x080086f4   0x00000004   Code   RO         3176    i.usbd_connect      USB_CM3.lib(usbd_core.o)
    0x080086f8   0x080086f8   0x00000004   Code   RO         3223    i.usbd_hid_get_protocol  USB_CM3.lib(usbd_hid.o)
    0x080086fc   0x080086fc   0x0000001c   Code   RO          892    i.usbd_hid_get_report  usbd_user_hid.o
    0x08008718   0x08008718   0x0000009c   Code   RO         3225    i.usbd_hid_get_report_trigger  USB_CM3.lib(usbd_hid.o)
    0x080087b4   0x080087b4   0x00000002   Code   RO          893    i.usbd_hid_init     usbd_user_hid.o
    0x080087b6   0x080087b6   0x00000002   Code   RO         3227    i.usbd_hid_set_protocol  USB_CM3.lib(usbd_hid.o)
    0x080087b8   0x080087b8   0x0000004c   Code   RO          894    i.usbd_hid_set_report  usbd_user_hid.o
    0x08008804   0x08008804   0x0000001c   Code   RO         3177    i.usbd_init         USB_CM3.lib(usbd_core.o)
    0x08008820   0x08008820   0x0000000c   Code   RO         1178    i.usbd_os_evt_get   usb_config.o
    0x0800882c   0x0800882c   0x00000010   Code   RO         1179    i.usbd_os_evt_set   usb_config.o
    0x0800883c   0x0800883c   0x00000010   Code   RO         1180    i.usbd_os_evt_wait_or  usb_config.o
    0x0800884c   0x0800884c   0x00000024   Code   RO         3178    i.usbd_reset_core   USB_CM3.lib(usbd_core.o)
    0x08008870   0x08008870   0x00000004   Data   RO           22    .constdata          application.o
    0x08008874   0x08008874   0x00000004   Data   RO           23    .constdata          application.o
    0x08008878   0x08008878   0x00000021   Data   RO           24    .constdata          application.o
    0x08008899   0x08008899   0x00000001   PAD
    0x0800889a   0x0800889a   0x0000000a   Data   RO           25    .constdata          application.o
    0x080088a4   0x080088a4   0x00000050   Data   RO          425    .constdata          led.o
    0x080088f4   0x080088f4   0x00000030   Data   RO          575    .constdata          stepper.o
    0x08008924   0x08008924   0x000000ae   Data   RO          965    .constdata          userdata.o
    0x080089d2   0x080089d2   0x00000002   Data   RO         1090    .constdata          rtx_conf_cm.o
    0x080089d4   0x080089d4   0x00000004   Data   RO         1091    .constdata          rtx_conf_cm.o
    0x080089d8   0x080089d8   0x00000004   Data   RO         1093    .constdata          rtx_conf_cm.o
    0x080089dc   0x080089dc   0x00000001   Data   RO         1094    .constdata          rtx_conf_cm.o
    0x080089dd   0x080089dd   0x00000003   PAD
    0x080089e0   0x080089e0   0x00000008   Data   RO         1095    .constdata          rtx_conf_cm.o
    0x080089e8   0x080089e8   0x00000002   Data   RO         1096    .constdata          rtx_conf_cm.o
    0x080089ea   0x080089ea   0x00000002   PAD
    0x080089ec   0x080089ec   0x00000004   Data   RO         1097    .constdata          rtx_conf_cm.o
    0x080089f0   0x080089f0   0x00000001   Data   RO         1098    .constdata          rtx_conf_cm.o
    0x080089f1   0x080089f1   0x00000001   PAD
    0x080089f2   0x080089f2   0x00000002   Data   RO         1099    .constdata          rtx_conf_cm.o
    0x080089f4   0x080089f4   0x00000001   Data   RO         1184    .constdata          usb_config.o
    0x080089f5   0x080089f5   0x00000001   Data   RO         1185    .constdata          usb_config.o
    0x080089f6   0x080089f6   0x00000002   Data   RO         1186    .constdata          usb_config.o
    0x080089f8   0x080089f8   0x00000001   Data   RO         1188    .constdata          usb_config.o
    0x080089f9   0x080089f9   0x00000001   Data   RO         1189    .constdata          usb_config.o
    0x080089fa   0x080089fa   0x00000001   Data   RO         1190    .constdata          usb_config.o
    0x080089fb   0x080089fb   0x00000001   PAD
    0x080089fc   0x080089fc   0x00000004   Data   RO         1192    .constdata          usb_config.o
    0x08008a00   0x08008a00   0x00000004   Data   RO         1193    .constdata          usb_config.o
    0x08008a04   0x08008a04   0x00000001   Data   RO         1194    .constdata          usb_config.o
    0x08008a05   0x08008a05   0x00000001   PAD
    0x08008a06   0x08008a06   0x00000002   Data   RO         1196    .constdata          usb_config.o
    0x08008a08   0x08008a08   0x00000004   Data   RO         1207    .constdata          usb_config.o
    0x08008a0c   0x08008a0c   0x00000004   Data   RO         1208    .constdata          usb_config.o
    0x08008a10   0x08008a10   0x00000004   Data   RO         1209    .constdata          usb_config.o
    0x08008a14   0x08008a14   0x00000004   Data   RO         1210    .constdata          usb_config.o
    0x08008a18   0x08008a18   0x00000048   Data   RO         1211    .constdata          usb_config.o
    0x08008a60   0x08008a60   0x00000021   Data   RO         1212    .constdata          usb_config.o
    0x08008a81   0x08008a81   0x00000001   PAD
    0x08008a82   0x08008a82   0x00000002   Data   RO         1213    .constdata          usb_config.o
    0x08008a84   0x08008a84   0x00000002   Data   RO         1214    .constdata          usb_config.o
    0x08008a86   0x08008a86   0x00000012   Data   RO         1215    .constdata          usb_config.o
    0x08008a98   0x08008a98   0x00000001   Data   RO         1216    .constdata          usb_config.o
    0x08008a99   0x08008a99   0x00000001   Data   RO         1217    .constdata          usb_config.o
    0x08008a9a   0x08008a9a   0x00000023   Data   RO         1218    .constdata          usb_config.o
    0x08008abd   0x08008abd   0x00000001   Data   RO         1219    .constdata          usb_config.o
    0x08008abe   0x08008abe   0x00000001   Data   RO         1220    .constdata          usb_config.o
    0x08008abf   0x08008abf   0x00000001   Data   RO         1221    .constdata          usb_config.o
    0x08008ac0   0x08008ac0   0x00000060   Data   RO         1222    .constdata          usb_config.o
    0x08008b20   0x08008b20   0x00000004   Data   RO         3559    .constdata          RTX_CM3.lib(rt_system.o)
    0x08008b24   0x08008b24   0x00000020   Data   RO         4009    Region$$Table       anon$$obj.o


    Execution Region RW_IRAM1 (Exec base: 0x20000000, Load base: 0x08008b44, Size: 0x000036c0, Max: 0x00005000, ABSOLUTE)

    Exec Addr    Load Addr    Size         Type   Attr      Idx    E Section Name        Object

    0x20000000   0x08008b44   0x00000050   Data   RW           26    .data               application.o
    0x20000050   0x08008b94   0x00000008   Data   RW          475    .data               messageproc.o
    0x20000058   0x08008b9c   0x0000000c   Data   RW          709    .data               usbd_stm32f103.o
    0x20000064   0x08008ba8   0x00000001   Data   RW          896    .data               usbd_user_hid.o
    0x20000065   0x08008ba9   0x00000003   PAD
    0x20000068   0x08008bac   0x00000004   Data   RW         1100    .data               rtx_conf_cm.o
    0x2000006c   0x08008bb0   0x00000001   Data   RW         1223    .data               usb_config.o
    0x2000006d   0x08008bb1   0x00000001   PAD
    0x2000006e   0x08008bb2   0x00000002   Data   RW         1224    .data               usb_config.o
    0x20000070   0x08008bb4   0x00000001   Data   RW         1225    .data               usb_config.o
    0x20000071   0x08008bb5   0x00000001   Data   RW         1226    .data               usb_config.o
    0x20000072   0x08008bb6   0x00000001   Data   RW         1227    .data               usb_config.o
    0x20000073   0x08008bb7   0x00000002   Data   RW         1228    .data               usb_config.o
    0x20000075   0x08008bb9   0x00000014   Data   RW         2205    .data               stm32f10x_rcc.o
    0x20000089   0x08008bcd   0x00000003   PAD
    0x2000008c   0x08008bd0   0x00000028   Data   RW         3180    .data               USB_CM3.lib(usbd_core.o)
    0x200000b4   0x08008bf8   0x00000004   Data   RW         3181    .data               USB_CM3.lib(usbd_core.o)
    0x200000b8   0x08008bfc   0x00000030   Data   RW         3229    .data               USB_CM3.lib(usbd_hid.o)
    0x200000e8   0x08008c2c   0x00000008   Data   RW         3268    .data               RTX_CM3.lib(rt_task.o)
    0x200000f0   0x08008c34   0x00000004   Data   RW         3442    .data               RTX_CM3.lib(rt_time.o)
    0x200000f4   0x08008c38   0x00000001   Data   RW         3500    .data               RTX_CM3.lib(hal_cm3.o)
    0x200000f5   0x08008c39   0x00000003   PAD
    0x200000f8   0x08008c3c   0x00000008   Data   RW         3560    .data               RTX_CM3.lib(rt_system.o)
    0x20000100   0x08008c44   0x00000008   Data   RW         3797    .data               RTX_CM3.lib(rt_timer.o)
    0x20000108        -       0x00000014   Zero   RW           21    .bss                application.o
    0x2000011c        -       0x00000800   Zero   RW          474    .bss                messageproc.o
    0x2000091c        -       0x00000018   Zero   RW          574    .bss                stepper.o
    0x20000934        -       0x00000404   Zero   RW          638    .bss                usart.o
    0x20000d38        -       0x00000444   Zero   RW          895    .bss                usbd_user_hid.o
    0x2000117c        -       0x0000023c   Zero   RW         1085    .bss                rtx_conf_cm.o
    0x200013b8        -       0x00001610   Zero   RW         1086    .bss                rtx_conf_cm.o
    0x200029c8        -       0x00000304   Zero   RW         1087    .bss                rtx_conf_cm.o
    0x20002ccc        -       0x00000028   Zero   RW         1088    .bss                rtx_conf_cm.o
    0x20002cf4        -       0x00000040   Zero   RW         1181    .bss                usb_config.o
    0x20002d34        -       0x00000041   Zero   RW         1182    .bss                usb_config.o
    0x20002d75        -       0x00000041   Zero   RW         1183    .bss                usb_config.o
    0x20002db6   0x08008c4c   0x00000002   PAD
    0x20002db8        -       0x00000040   Zero   RW         3179    .bss                USB_CM3.lib(usbd_core.o)
    0x20002df8        -       0x00000038   Zero   RW         3267    .bss                RTX_CM3.lib(rt_task.o)
    0x20002e30        -       0x00000030   Zero   RW         3643    .bss                RTX_CM3.lib(rt_list.o)
    0x20002e60        -       0x00000060   Zero   RW         3845    .bss                c_w.l(libspace.o)
    0x20002ec0        -       0x00000400   Zero   RW         3120    HEAP                startup_stm32f10x_md.o
    0x200032c0        -       0x00000400   Zero   RW         3119    STACK               startup_stm32f10x_md.o


==============================================================================

Image component sizes


      Code (inc. data)   RO Data    RW Data    ZI Data      Debug   Object Name

      1958        250         51         80         20     282328   application.o
       148         16          0          0          0      30318   button.o
      1248         42          0          0          0      14502   command.o
        54          0          0          0          0       1120   crc16.o
       176         22         80          0          0       2775   led.o
       792         46          0          8       2048       4613   messageproc.o
        20          8          0          0          0        606   misc.o
        70         12         28          4       7032       4244   rtx_conf_cm.o
       396         30          0          0          0       3126   sensor.o
        64         26        236          0       2048        792   startup_stm32f10x_md.o
       676         64         48          0         24      29817   stepper.o
       144          8          0          0          0       2055   stm32f10x_exti.o
       240         36          0          0          0       6529   stm32f10x_flash.o
       312         12          0          0          0       5664   stm32f10x_gpio.o
       192         28          0         20          0       4962   stm32f10x_rcc.o
       548         72          0          0          0      10973   stm32f10x_tim.o
       338          6          0          0          0       7583   stm32f10x_usart.o
         8          8          0          0          0        172   svc_table.o
       248         24          0          0          0       1665   system_stm32f10x.o
       296         24          0          0       1028       3373   usart.o
       318         60        297          8        194      22032   usb_config.o
      1028        110          0         12          0      17815   usbd_stm32f103.o
       178         24          0          1       1092       4149   usbd_user_hid.o
       620        100        174          0          0      11842   userdata.o

    ----------------------------------------------------------------------
     10094       1028        956        140      13488     473055   Object Totals
         0          0         32          0          0          0   (incl. Generated)
        22          0         10          7          2          0   (incl. Padding)

    ----------------------------------------------------------------------

      Code (inc. data)   RO Data    RW Data    ZI Data      Debug   Library Member Name

       516         56          0          1          0       2793   hal_cm3.o
       284         24          0          0          0       2819   rt_event.o
       570         44          0          0         48       8236   rt_list.o
       212          6          0          0          0        781   rt_mailbox.o
       128          0          0          0          0       1785   rt_membox.o
       332         12          0          0          0       1491   rt_mutex.o
       184         16          0          0          0       2159   rt_semaphore.o
       298         52          4          8          0       3698   rt_system.o
      1292        186          0          8         56       8792   rt_task.o
        18          6          0          4          0        966   rt_time.o
        64          8          0          8          0        631   rt_timer.o
      2124        180          0         44         64       1196   usbd_core.o
       352         92          0          0          0        240   usbd_core_hid.o
      1166        170          0         48          0       1004   usbd_hid.o
         8          0          0          0          0         68   __main.o
         0          0          0          0          0          0   __rtentry.o
        12          0          0          0          0          0   __rtentry2.o
         6          0          0          0          0          0   __rtentry4.o
        52          8          0          0          0          0   __scatter.o
        26          0          0          0          0          0   __scatter_copy.o
        28          0          0          0          0          0   __scatter_zi.o
        18          0          0          0          0         80   exit.o
         6          0          0          0          0        152   heapauxi.o
         0          0          0          0          0          0   indicate_semi.o
         2          0          0          0          0          0   libinit.o
         2          0          0          0          0          0   libinit2.o
         2          0          0          0          0          0   libshutdown.o
         2          0          0          0          0          0   libshutdown2.o
         8          4          0          0         96         68   libspace.o
        68          0          0          0          0         68   rt_memclr.o
        78          0          0          0          0         80   rt_memclr_w.o
       138          0          0          0          0         68   rt_memcpy_v6.o
       100          0          0          0          0         80   rt_memcpy_w.o
         2          0          0          0          0          0   rtexit.o
        10          0          0          0          0          0   rtexit2.o
        12          4          0          0          0         68   sys_exit.o
        74          0          0          0          0         80   sys_stackheap_outer.o
         2          0          0          0          0         68   use_no_semi.o

    ----------------------------------------------------------------------
      8214        868          4        124        264      37471   Library Totals
        18          0          0          3          0          0   (incl. Padding)

    ----------------------------------------------------------------------

      Code (inc. data)   RO Data    RW Data    ZI Data      Debug   Library Name

      3898        410          4         29        104      34151   RTX_CM3.lib
      3642        442          0         92         64       2440   USB_CM3.lib
       656         16          0          0         96        880   c_w.l

    ----------------------------------------------------------------------
      8214        868          4        124        264      37471   Library Totals

    ----------------------------------------------------------------------

==============================================================================


      Code (inc. data)   RO Data    RW Data    ZI Data      Debug   

     18308       1896        960        264      13752     498042   Grand Totals
     18308       1896        960        264      13752     498042   ELF Image Totals
     18308       1896        960        264          0          0   ROM Totals

==============================================================================

    Total RO  Size (Code + RO Data)                19268 (  18.82kB)
    Total RW  Size (RW Data + ZI Data)             14016 (  13.69kB)
    Total ROM Size (Code + RO Data + RW Data)      19532 (  19.07kB)

==============================================================================

